sources/driver/Adafruit_oled_drv/Adafruit_oled_drv.cpp:340:6:virtual void Adafruit_oled_drv::updateRow(int, int)	16	static
sources/driver/Adafruit_oled_drv/Adafruit_oled_drv.cpp:209:6:virtual void Adafruit_oled_drv::drawPixel(int16_t, int16_t, uint16_t)	24	static
sources/driver/Adafruit_oled_drv/Adafruit_oled_drv.cpp:5:1:Adafruit_oled_drv::Adafruit_oled_drv()	8	static
sources/driver/Adafruit_oled_drv/Adafruit_oled_drv.cpp:11:1:Adafruit_oled_drv::~Adafruit_oled_drv()	0	static
sources/driver/Adafruit_oled_drv/Adafruit_oled_drv.cpp:13:22:const unsigned char* Adafruit_oled_drv::getFrameBuffer() const	0	static
sources/driver/Adafruit_oled_drv/Adafruit_oled_drv.cpp:17:14:unsigned int Adafruit_oled_drv::getFrameBufferSize() const	0	static
sources/driver/Adafruit_oled_drv/Adafruit_oled_drv.cpp:133:6:void Adafruit_oled_drv::clear(bool)	16	static
sources/driver/Adafruit_oled_drv/Adafruit_oled_drv.cpp:171:6:void Adafruit_oled_drv::writeByte(unsigned char)	16	static
sources/driver/Adafruit_oled_drv/Adafruit_oled_drv.cpp:196:6:void Adafruit_oled_drv::startIIC()	8	static
sources/driver/Adafruit_oled_drv/Adafruit_oled_drv.cpp:202:6:void Adafruit_oled_drv::stopIIC()	8	static
sources/driver/Adafruit_oled_drv/Adafruit_oled_drv.cpp:163:6:void Adafruit_oled_drv::writeCommand(unsigned char)	16	static
sources/driver/Adafruit_oled_drv/Adafruit_oled_drv.cpp:21:6:virtual bool Adafruit_oled_drv::initialize()	8	static
sources/driver/Adafruit_oled_drv/Adafruit_oled_drv.cpp:139:6:void Adafruit_oled_drv::display_on()	0	static
sources/driver/Adafruit_oled_drv/Adafruit_oled_drv.cpp:151:6:void Adafruit_oled_drv::display_off()	0	static
sources/driver/Adafruit_oled_drv/Adafruit_oled_drv.cpp:235:6:void Adafruit_oled_drv::startDataSequence()	8	static
sources/driver/Adafruit_oled_drv/Adafruit_oled_drv.cpp:241:6:virtual void Adafruit_oled_drv::update()	24	static
sources/driver/Adafruit_oled_drv/Adafruit_oled_drv.cpp:300:6:virtual void Adafruit_oled_drv::updateRow(int)	16	static
