sources/app/screens/scr_soccer.cpp:167:13:void sync_ball_display_position()	0	static
sources/app/screens/scr_soccer.cpp:189:13:void align_ball_with_striker()	0	static
sources/app/screens/scr_soccer.cpp:312:13:void clamp_ball_position()	0	static
sources/app/screens/scr_soccer.cpp:321:13:bool keeper_covers_ball()	0	static
sources/app/screens/scr_soccer.cpp:129:13:void stop_soccer_timers()	8	static
sources/app/screens/scr_soccer.cpp:102:13:void stop_super_mode_led_blink()	0	static
sources/app/screens/scr_soccer.cpp:202:13:void reset_ball()	16	static
sources/app/screens/scr_soccer.cpp:153:13:bool accept_soccer_input()	8	static
sources/app/screens/scr_soccer.cpp:580:13:void view_scr_soccer()	40	static
sources/app/screens/scr_soccer.cpp:266:13:void begin_result(soccer_result_t)	8	static
sources/app/screens/scr_soccer.cpp:360:13:void score_goal()	8	static
sources/app/screens/scr_soccer.cpp:384:13:void lose_life()	8	static
sources/app/screens/scr_soccer.cpp:276:13:void restart_game()	8	static
sources/app/screens/scr_soccer.cpp:624:6:void scr_soccer_handle(ak_msg_t*)	24	static
