sources/app/screens/scr_soccer.cpp:16:6:void stop_super_mode_led_blink()	0	static
sources/app/screens/scr_soccer.cpp:43:6:void stop_soccer_timers()	8	static
sources/app/screens/scr_soccer.cpp:52:5:int clamp_int(int, int, int)	0	static
sources/app/screens/scr_soccer.cpp:67:6:bool accept_soccer_input()	8	static
sources/app/screens/scr_soccer.cpp:81:6:void sync_ball_display_position()	0	static
sources/app/screens/scr_soccer.cpp:88:6:void set_ball_position(int, int)	0	static
sources/app/screens/scr_soccer.cpp:96:6:void set_striker_position(int)	0	static
sources/app/screens/scr_soccer.cpp:103:6:void align_ball_with_striker()	0	static
sources/app/screens/scr_soccer.cpp:109:6:void move_shooter_position(int)	8	static
sources/app/screens/scr_soccer.cpp:116:6:void reset_ball()	16	static
sources/app/screens/scr_soccer.cpp:147:6:void schedule_countdown_tick()	0	static
sources/app/screens/scr_soccer.cpp:220:6:void clamp_keeper_position()	0	static
sources/app/screens/scr_soccer.cpp:226:6:void clamp_ball_position()	0	static
sources/app/screens/scr_soccer.cpp:235:6:bool keeper_covers_ball()	0	static
sources/app/screens/scr_soccer.cpp:386:6:void view_scr_soccer()	48	static
sources/app/screens/scr_soccer.cpp:153:6:void begin_gameplay()	8	static
sources/app/screens/scr_soccer.cpp:170:6:void begin_countdown()	8	static
sources/app/screens/scr_soccer.cpp:180:6:void begin_result(soccer_result_t)	8	static
sources/app/screens/scr_soccer.cpp:190:6:void restart_game()	8	static
sources/app/screens/scr_soccer.cpp:213:6:void toggle_selection()	0	static
sources/app/screens/scr_soccer.cpp:251:6:bool activate_super_mode()	8	static
sources/app/screens/scr_soccer.cpp:266:6:void finish_super_mode()	8	static
sources/app/screens/scr_soccer.cpp:440:6:void scr_soccer_handle(ak_msg_t*)	16	static
