sources/app/shell.cpp:146:7:char* str_parser_get_attr(uint8_t)	0	static
sources/app/shell.cpp:396:9:int32_t shell_stt(uint8_t*)	0	static
sources/app/shell.cpp:884:9:int32_t shell_psv(uint8_t*)	0	static
sources/app/shell.cpp:157:9:int32_t shell_reset(uint8_t*)	8	static
sources/app/shell.cpp:196:9:int32_t shell_help(uint8_t*)	16	static
sources/app/shell.cpp:163:9:int32_t shell_ver(uint8_t*)	40	static
sources/app/shell.cpp:210:9:int32_t shell_reboot(uint8_t*)	8	static
sources/app/shell.cpp:120:9:uint8_t str_parser(char*)	24	static
sources/app/shell.cpp:459:9:int32_t shell_flash(uint8_t*)	32	static
sources/app/shell.cpp:406:9:int32_t shell_eps(uint8_t*)	24	static
sources/app/shell.cpp:652:9:int32_t shell_ram(uint8_t*)	24	static
sources/app/shell.cpp:801:9:int32_t shell_boot(uint8_t*)	104	static
sources/app/shell.cpp:867:9:int32_t shell_fwu(uint8_t*)	96	static
sources/app/shell.cpp:890:9:int32_t shell_buzzer(uint8_t*)	8	static
sources/app/shell.cpp:613:9:int32_t shell_dbg(uint8_t*)	8	static
sources/app/shell.cpp:935:9:int32_t shell_modbus(uint8_t*)	24	static
sources/app/shell.cpp:401:9:int32_t shell_epi(uint8_t*)	0	static
sources/app/shell.cpp:217:9:int32_t shell_fatal(uint8_t*)	128	static
sources/app/shell.cpp:532:9:int32_t shell_lcd(uint8_t*)	8	static
