sources/app/shell.cpp:147:7:char* str_parser_get_attr(uint8_t)	0	static
sources/app/shell.cpp:398:9:int32_t shell_stt(uint8_t*)	0	static
sources/app/shell.cpp:934:9:int32_t shell_psv(uint8_t*)	0	static
sources/app/shell.cpp:158:9:int32_t shell_reset(uint8_t*)	8	static
sources/app/shell.cpp:197:9:int32_t shell_help(uint8_t*)	16	static
sources/app/shell.cpp:164:9:int32_t shell_ver(uint8_t*)	40	static
sources/app/shell.cpp:211:9:int32_t shell_reboot(uint8_t*)	8	static
sources/app/shell.cpp:121:9:uint8_t str_parser(char*)	24	static
sources/app/shell.cpp:461:9:int32_t shell_flash(uint8_t*)	32	static
sources/app/shell.cpp:635:6:void shell_lcd_dump_framebuffer()	32	static
sources/app/shell.cpp:218:9:int32_t shell_fatal(uint8_t*)	128	static
sources/app/shell.cpp:408:9:int32_t shell_eps(uint8_t*)	24	static
sources/app/shell.cpp:702:9:int32_t shell_ram(uint8_t*)	24	static
sources/app/shell.cpp:851:9:int32_t shell_boot(uint8_t*)	104	static
sources/app/shell.cpp:917:9:int32_t shell_fwu(uint8_t*)	96	static
sources/app/shell.cpp:940:9:int32_t shell_buzzer(uint8_t*)	8	static
sources/app/shell.cpp:663:9:int32_t shell_dbg(uint8_t*)	8	static
sources/app/shell.cpp:985:9:int32_t shell_modbus(uint8_t*)	24	static
sources/app/shell.cpp:403:9:int32_t shell_epi(uint8_t*)	0	static
sources/app/shell.cpp:534:9:int32_t shell_lcd(uint8_t*)	8	static
