Archive member included to satisfy reference by file (symbol)

/home/josef/Downloads/gcc-arm-none-eabi-10.3-2021.10-x86_64-linux/gcc-arm-none-eabi-10.3-2021.10/arm-none-eabi/lib/thumb/v7-m/nofp/libc.a(lib_a-atof.o)
                              build_Zomwar-application/WString.o (atof)
/home/josef/Downloads/gcc-arm-none-eabi-10.3-2021.10-x86_64-linux/gcc-arm-none-eabi-10.3-2021.10/arm-none-eabi/lib/thumb/v7-m/nofp/libc.a(lib_a-atol.o)
                              build_Zomwar-application/WString.o (atol)
/home/josef/Downloads/gcc-arm-none-eabi-10.3-2021.10-x86_64-linux/gcc-arm-none-eabi-10.3-2021.10/arm-none-eabi/lib/thumb/v7-m/nofp/libc.a(lib_a-isspace.o)
                              build_Zomwar-application/WString.o (isspace)
/home/josef/Downloads/gcc-arm-none-eabi-10.3-2021.10-x86_64-linux/gcc-arm-none-eabi-10.3-2021.10/arm-none-eabi/lib/thumb/v7-m/nofp/libc.a(lib_a-malloc.o)
                              build_Zomwar-application/message.o (malloc)
/home/josef/Downloads/gcc-arm-none-eabi-10.3-2021.10-x86_64-linux/gcc-arm-none-eabi-10.3-2021.10/arm-none-eabi/lib/thumb/v7-m/nofp/libc.a(lib_a-mallocr.o)
                              /home/josef/Downloads/gcc-arm-none-eabi-10.3-2021.10-x86_64-linux/gcc-arm-none-eabi-10.3-2021.10/arm-none-eabi/lib/thumb/v7-m/nofp/libc.a(lib_a-malloc.o) (_malloc_r)
/home/josef/Downloads/gcc-arm-none-eabi-10.3-2021.10-x86_64-linux/gcc-arm-none-eabi-10.3-2021.10/arm-none-eabi/lib/thumb/v7-m/nofp/libc.a(lib_a-memcmp.o)
                              build_Zomwar-application/mbmfuncfiles.o (memcmp)
/home/josef/Downloads/gcc-arm-none-eabi-10.3-2021.10-x86_64-linux/gcc-arm-none-eabi-10.3-2021.10/arm-none-eabi/lib/thumb/v7-m/nofp/libc.a(lib_a-memcpy.o)
                              build_Zomwar-application/message.o (memcpy)
/home/josef/Downloads/gcc-arm-none-eabi-10.3-2021.10-x86_64-linux/gcc-arm-none-eabi-10.3-2021.10/arm-none-eabi/lib/thumb/v7-m/nofp/libc.a(lib_a-memmove.o)
                              build_Zomwar-application/ball_escape.o (memmove)
/home/josef/Downloads/gcc-arm-none-eabi-10.3-2021.10-x86_64-linux/gcc-arm-none-eabi-10.3-2021.10/arm-none-eabi/lib/thumb/v7-m/nofp/libc.a(lib_a-memset.o)
                              build_Zomwar-application/task.o (memset)
/home/josef/Downloads/gcc-arm-none-eabi-10.3-2021.10-x86_64-linux/gcc-arm-none-eabi-10.3-2021.10/arm-none-eabi/lib/thumb/v7-m/nofp/libc.a(lib_a-mlock.o)
                              /home/josef/Downloads/gcc-arm-none-eabi-10.3-2021.10-x86_64-linux/gcc-arm-none-eabi-10.3-2021.10/arm-none-eabi/lib/thumb/v7-m/nofp/libc.a(lib_a-mallocr.o) (__malloc_lock)
/home/josef/Downloads/gcc-arm-none-eabi-10.3-2021.10-x86_64-linux/gcc-arm-none-eabi-10.3-2021.10/arm-none-eabi/lib/thumb/v7-m/nofp/libc.a(lib_a-rand.o)
                              build_Zomwar-application/WMath.o (srand)
/home/josef/Downloads/gcc-arm-none-eabi-10.3-2021.10-x86_64-linux/gcc-arm-none-eabi-10.3-2021.10/arm-none-eabi/lib/thumb/v7-m/nofp/libc.a(lib_a-realloc.o)
                              build_Zomwar-application/WString.o (realloc)
/home/josef/Downloads/gcc-arm-none-eabi-10.3-2021.10-x86_64-linux/gcc-arm-none-eabi-10.3-2021.10/arm-none-eabi/lib/thumb/v7-m/nofp/libc.a(lib_a-reallocr.o)
                              /home/josef/Downloads/gcc-arm-none-eabi-10.3-2021.10-x86_64-linux/gcc-arm-none-eabi-10.3-2021.10/arm-none-eabi/lib/thumb/v7-m/nofp/libc.a(lib_a-realloc.o) (_realloc_r)
/home/josef/Downloads/gcc-arm-none-eabi-10.3-2021.10-x86_64-linux/gcc-arm-none-eabi-10.3-2021.10/arm-none-eabi/lib/thumb/v7-m/nofp/libc.a(lib_a-sbrkr.o)
                              /home/josef/Downloads/gcc-arm-none-eabi-10.3-2021.10-x86_64-linux/gcc-arm-none-eabi-10.3-2021.10/arm-none-eabi/lib/thumb/v7-m/nofp/libc.a(lib_a-mallocr.o) (_sbrk_r)
/home/josef/Downloads/gcc-arm-none-eabi-10.3-2021.10-x86_64-linux/gcc-arm-none-eabi-10.3-2021.10/arm-none-eabi/lib/thumb/v7-m/nofp/libc.a(lib_a-strcat.o)
                              build_Zomwar-application/dtostrf.o (strcat)
/home/josef/Downloads/gcc-arm-none-eabi-10.3-2021.10-x86_64-linux/gcc-arm-none-eabi-10.3-2021.10/arm-none-eabi/lib/thumb/v7-m/nofp/libc.a(lib_a-strchr.o)
                              build_Zomwar-application/WString.o (strchr)
/home/josef/Downloads/gcc-arm-none-eabi-10.3-2021.10-x86_64-linux/gcc-arm-none-eabi-10.3-2021.10/arm-none-eabi/lib/thumb/v7-m/nofp/libc.a(lib_a-strcmp.o)
                              build_Zomwar-application/cmd_line.o (strcmp)
/home/josef/Downloads/gcc-arm-none-eabi-10.3-2021.10-x86_64-linux/gcc-arm-none-eabi-10.3-2021.10/arm-none-eabi/lib/thumb/v7-m/nofp/libc.a(lib_a-strcpy.o)
                              build_Zomwar-application/sys_dbg.o (strcpy)
/home/josef/Downloads/gcc-arm-none-eabi-10.3-2021.10-x86_64-linux/gcc-arm-none-eabi-10.3-2021.10/arm-none-eabi/lib/thumb/v7-m/nofp/libc.a(lib_a-strlen-stub.o)
                              build_Zomwar-application/xprintf.o (strlen)
[...]
Memory Configuration

Name             Origin             Length             Attributes
BSF              0x0000000008002000 0x0000000000001000 xr
FLASH            0x0000000008003000 0x000000000001d000 xr
SRAM             0x0000000020000000 0x0000000000004000 xrw
*default*        0x0000000000000000 0xffffffffffffffff

Linker script and memory map

                0x0000000000000800                HEAP_SIZE = 0x800

.start_boot_share_data_flash
                0x0000000008002000        0x0
                0x0000000008002000                _start_boot_share_data_flash = .

.start_flash    0x0000000008003000        0x0
                0x0000000008003000                _start_flash = .

.isr_vector     0x0000000008003000       0xf4
                0x0000000008003000                _isr_vector = .
 *(.isr_vector)
 .isr_vector    0x0000000008003000       0xf4 build_Zomwar-application/system.o
                0x0000000008003000                isr_vector
                0x00000000080030f4                . = ALIGN (0x4)

.text           0x00000000080030f8    0x11168
                0x00000000080030f8                . = ALIGN (0x4)
 *(.text)
 .text          0x00000000080030f8       0xec /home/josef/Downloads/gcc-arm-none-eabi-10.3-2021.10-x86_64-linux/gcc-arm-none-eabi-10.3-2021.10/arm-none-eabi/lib/thumb/v7-m/nofp/libc.a(lib_a-memcpy.o)
                0x00000000080030f8                memcpy
 .text          0x00000000080031e4      0x1bc /home/josef/Downloads/gcc-arm-none-eabi-10.3-2021.10-x86_64-linux/gcc-arm-none-eabi-10.3-2021.10/arm-none-eabi/lib/thumb/v7-m/nofp/libc.a(lib_a-strcmp.o)
                0x00000000080031e4                strcmp
 .text          0x00000000080033a0      0x378 /home/josef/Downloads/gcc-arm-none-eabi-10.3-2021.10-x86_64-linux/gcc-arm-none-eabi-10.3-2021.10/lib/gcc/arm-none-eabi/10.3.1/thumb/v7-m/nofp/libgcc.a(_arm_addsubdf3.o)
                0x00000000080033a0                __aeabi_drsub
                0x00000000080033a8                __aeabi_dsub
                0x00000000080033a8                __subdf3
                0x00000000080033ac                __adddf3
                0x00000000080033ac                __aeabi_dadd
                0x0000000008003624                __aeabi_ui2d
                0x0000000008003624                __floatunsidf
                0x0000000008003644                __floatsidf
                0x0000000008003644                __aeabi_i2d
                0x0000000008003668                __extendsfdf2
                0x0000000008003668                __aeabi_f2d
                0x00000000080036ac                __aeabi_ul2d
                0x00000000080036ac                __floatundidf
                0x00000000080036bc                __floatdidf
                0x00000000080036bc                __aeabi_l2d
 .text          0x0000000008003718      0x424 /home/josef/Downloads/gcc-arm-none-eabi-10.3-2021.10-x86_64-linux/gcc-arm-none-eabi-10.3-2021.10/lib/gcc/arm-none-eabi/10.3.1/thumb/v7-m/nofp/libgcc.a(_arm_muldivdf3.o)
                0x0000000008003718                __aeabi_dmul
                0x0000000008003718                __muldf3
                0x000000000800396c                __aeabi_ddiv
                0x000000000800396c                __divdf3
 .text          0x0000000008003b3c      0x110 /home/josef/Downloads/gcc-arm-none-eabi-10.3-2021.10-x86_64-linux/gcc-arm-none-eabi-10.3-2021.10/lib/gcc/arm-none-eabi/10.3.1/thumb/v7-m/nofp/libgcc.a(_arm_cmpdf2.o)
                0x0000000008003b3c                __gtdf2
                0x0000000008003b3c                __gedf2
                0x0000000008003b44                __ltdf2
                0x0000000008003b44                __ledf2
                0x0000000008003b4c                __cmpdf2
                0x0000000008003b4c                __eqdf2
                0x0000000008003b4c                __nedf2
                0x0000000008003bc8                __aeabi_cdrcmple
                0x0000000008003bd8                __aeabi_cdcmple
                0x0000000008003bd8                __aeabi_cdcmpeq
                0x0000000008003be8                __aeabi_dcmpeq
                0x0000000008003bfc                __aeabi_dcmplt
                0x0000000008003c10                __aeabi_dcmple
                0x0000000008003c24                __aeabi_dcmpge
                0x0000000008003c38                __aeabi_dcmpgt
 .text          0x0000000008003c4c       0x2c /home/josef/Downloads/gcc-arm-none-eabi-10.3-2021.10-x86_64-linux/gcc-arm-none-eabi-10.3-2021.10/lib/gcc/arm-none-eabi/10.3.1/thumb/v7-m/nofp/libgcc.a(_arm_unorddf2.o)
                0x0000000008003c4c                __aeabi_dcmpun
                0x0000000008003c4c                __unorddf2
 .text          0x0000000008003c78       0x50 /home/josef/Downloads/gcc-arm-none-eabi-10.3-2021.10-x86_64-linux/gcc-arm-none-eabi-10.3-2021.10/lib/gcc/arm-none-eabi/10.3.1/thumb/v7-m/nofp/libgcc.a(_arm_fixdfsi.o)
                0x0000000008003c78                __fixdfsi
                0x0000000008003c78                __aeabi_d2iz
 .text          0x0000000008003cc8       0x40 /home/josef/Downloads/gcc-arm-none-eabi-10.3-2021.10-x86_64-linux/gcc-arm-none-eabi-10.3-2021.10/lib/gcc/arm-none-eabi/10.3.1/thumb/v7-m/nofp/libgcc.a(_arm_fixunsdfsi.o)
                0x0000000008003cc8                __fixunsdfsi
                0x0000000008003cc8                __aeabi_d2uiz
 .text          0x0000000008003d08      0x21c /home/josef/Downloads/gcc-arm-none-eabi-10.3-2021.10-x86_64-linux/gcc-arm-none-eabi-10.3-2021.10/lib/gcc/arm-none-eabi/10.3.1/thumb/v7-m/nofp/libgcc.a(_arm_addsubsf3.o)
                0x0000000008003d08                __aeabi_frsub
                0x0000000008003d10                __subsf3
                0x0000000008003d10                __aeabi_fsub
                0x0000000008003d14                __aeabi_fadd
                0x0000000008003d14                __addsf3
                0x0000000008003e74                __aeabi_ui2f
                0x0000000008003e74                __floatunsisf
                0x0000000008003e7c                __aeabi_i2f
                0x0000000008003e7c                __floatsisf
                0x0000000008003e98                __floatundisf
                0x0000000008003e98                __aeabi_ul2f
                0x0000000008003ea8                __floatdisf
                0x0000000008003ea8                __aeabi_l2f
 .text          0x0000000008003f24       0x30 /home/josef/Downloads/gcc-arm-none-eabi-10.3-2021.10-x86_64-linux/gcc-arm-none-eabi-10.3-2021.10/lib/gcc/arm-none-eabi/10.3.1/thumb/v7-m/nofp/libgcc.a(_aeabi_uldivmod.o)
                0x0000000008003f24                __aeabi_uldivmod
 .text          0x0000000008003f54      0x2d4 /home/josef/Downloads/gcc-arm-none-eabi-10.3-2021.10-x86_64-linux/gcc-arm-none-eabi-10.3-2021.10/lib/gcc/arm-none-eabi/10.3.1/thumb/v7-m/nofp/libgcc.a(_udivmoddi4.o)
                0x0000000008003f54                __udivmoddi4
 .text          0x0000000008004228        0x4 /home/josef/Downloads/gcc-arm-none-eabi-10.3-2021.10-x86_64-linux/gcc-arm-none-eabi-10.3-2021.10/lib/gcc/arm-none-eabi/10.3.1/thumb/v7-m/nofp/libgcc.a(_dvmd_tls.o)
                0x0000000008004228                __aeabi_ldiv0
                0x0000000008004228                __aeabi_idiv0
 *(.text*)
 .text.fsm_dispatch
                0x000000000800422c        0x6 build_Zomwar-application/fsm.o
                0x000000000800422c                fsm_dispatch
 *fill*         0x0000000008004232        0x2 
 .text.task_create
                0x0000000008004234       0x3c build_Zomwar-application/task.o
                0x0000000008004234                task_create
 .text.task_polling_create
                0x0000000008004270       0x34 build_Zomwar-application/task.o
                0x0000000008004270                task_polling_create
 .text.task_post
                0x00000000080042a4       0x84 build_Zomwar-application/task.o
                0x00000000080042a4                task_post
 .text.task_remove_msg
                0x0000000008004328       0xb4 build_Zomwar-application/task.o
                0x0000000008004328                task_remove_msg
 .text.task_post_pure_msg
                0x00000000080043dc       0x18 build_Zomwar-application/task.o
                0x00000000080043dc                task_post_pure_msg
 .text.task_post_common_msg
                0x00000000080043f4       0x2a build_Zomwar-application/task.o
                0x00000000080043f4                task_post_common_msg
 *fill*         0x000000000800441e        0x2 
 .text.task_entry_interrupt
                0x0000000008004420       0x1c build_Zomwar-application/task.o
                0x0000000008004420                task_entry_interrupt
 .text.task_exit_interrupt
                0x000000000800443c       0x24 build_Zomwar-application/task.o
                0x000000000800443c                task_exit_interrupt
 .text.task_init
                0x0000000008004460       0x40 build_Zomwar-application/task.o
                0x0000000008004460                task_init
 .text.task_polling_run
                0x00000000080044a0       0x34 build_Zomwar-application/task.o
                0x00000000080044a0                task_polling_run
 .text.task_run
                0x00000000080044d4      0x138 build_Zomwar-application/task.o
                0x00000000080044d4                task_run
 .text.get_current_task_id
                0x000000000800460c        0xc build_Zomwar-application/task.o
                0x000000000800460c                get_current_task_id
 .text.get_current_task_info
                0x0000000008004618        0x8 build_Zomwar-application/task.o
                0x0000000008004618                get_current_task_info
 .text.get_current_active_object
                0x0000000008004620        0x8 build_Zomwar-application/task.o
                0x0000000008004620                get_current_active_object
 .text.timer_remove_msg
                0x0000000008004628       0x64 build_Zomwar-application/timer.o
 .text.task_timer_tick
                0x000000000800468c       0x7c build_Zomwar-application/timer.o
                0x000000000800468c                task_timer_tick
 .text.timer_init
                0x0000000008004708       0x6c build_Zomwar-application/timer.o
                0x0000000008004708                timer_init
 .text.timer_tick
                0x0000000008004774       0x38 build_Zomwar-application/timer.o
                0x0000000008004774                timer_tick
 .text.timer_set
                0x00000000080047ac       0x98 build_Zomwar-application/timer.o
                0x00000000080047ac                timer_set
 .text.timer_remove_attr
                0x0000000008004844       0x18 build_Zomwar-application/timer.o
                0x0000000008004844                timer_remove_attr
 .text.free_common_msg
                0x000000000800485c       0x28 build_Zomwar-application/message.o
 .text.free_pure_msg
                0x0000000008004884       0x28 build_Zomwar-application/message.o
 .text.free_dynamic_msg
                0x00000000080048ac       0x30 build_Zomwar-application/message.o
 .text.msg_init
                0x00000000080048dc      0x100 build_Zomwar-application/message.o
                0x00000000080048dc                msg_init
 .text.msg_force_free
                0x00000000080049dc       0x44 build_Zomwar-application/message.o
                0x00000000080049dc                msg_force_free
 .text.msg_inc_ref_count
                0x0000000008004a20       0x2c build_Zomwar-application/message.o
                0x0000000008004a20                msg_inc_ref_count
 .text.msg_dec_ref_count
                0x0000000008004a4c       0x28 build_Zomwar-application/message.o
                0x0000000008004a4c                msg_dec_ref_count
 .text.msg_free
                0x0000000008004a74       0x58 build_Zomwar-application/message.o
                0x0000000008004a74                msg_free
 .text.ak_malloc
                0x0000000008004acc       0x50 build_Zomwar-application/message.o
                0x0000000008004acc                ak_malloc
 .text.ak_free  0x0000000008004b1c        0x4 build_Zomwar-application/message.o
                0x0000000008004b1c                ak_free
 .text.get_pure_msg
                0x0000000008004b20       0x5c build_Zomwar-application/message.o
                0x0000000008004b20                get_pure_msg
 .text.get_common_msg
                0x0000000008004b7c       0x60 build_Zomwar-application/message.o
                0x0000000008004b7c                get_common_msg
 .text.set_data_common_msg
                0x0000000008004bdc       0x4c build_Zomwar-application/message.o
                0x0000000008004bdc                set_data_common_msg
 .text.get_data_common_msg
                0x0000000008004c28       0x28 build_Zomwar-application/message.o
                0x0000000008004c28                get_data_common_msg
 .text.get_data_len_common_msg
                0x0000000008004c50       0x28 build_Zomwar-application/message.o
                0x0000000008004c50                get_data_len_common_msg
 .text.get_dynamic_msg
                0x0000000008004c78       0x64 build_Zomwar-application/message.o
                0x0000000008004c78                get_dynamic_msg
 .text.set_data_dynamic_msg
                0x0000000008004cdc       0x3c build_Zomwar-application/message.o
                0x0000000008004cdc                set_data_dynamic_msg
 .text.get_data_dynamic_msg
                0x0000000008004d18       0x28 build_Zomwar-application/message.o
                0x0000000008004d18                get_data_dynamic_msg
 .text.get_data_len_dynamic_msg
                0x0000000008004d40        0x4 build_Zomwar-application/message.o
                0x0000000008004d40                get_data_len_dynamic_msg
 .text.log_queue_init
                0x0000000008004d44       0x2e build_Zomwar-application/log_queue.o
                0x0000000008004d44                log_queue_init
 .text.log_queue_len
                0x0000000008004d72        0x4 build_Zomwar-application/log_queue.o
                0x0000000008004d72                log_queue_len
 .text.log_queue_put
                0x0000000008004d76       0x5c build_Zomwar-application/log_queue.o
                0x0000000008004d76                log_queue_put
 .text.log_queue_get
                0x0000000008004dd2       0x30 build_Zomwar-application/log_queue.o
                0x0000000008004dd2                log_queue_get
 .text.fifo_init
                0x0000000008004e02       0x12 build_Zomwar-application/fifo.o
                0x0000000008004e02                fifo_init
 .text.fifo_availble
                0x0000000008004e14        0x4 build_Zomwar-application/fifo.o
                0x0000000008004e14                fifo_availble
 .text.fifo_is_full
                0x0000000008004e18        0xc build_Zomwar-application/fifo.o
                0x0000000008004e18                fifo_is_full
 .text.fifo_put
                0x0000000008004e24       0x54 build_Zomwar-application/fifo.o
                0x0000000008004e24                fifo_put
 .text.fifo_get
                0x0000000008004e78       0x50 build_Zomwar-application/fifo.o
                0x0000000008004e78                fifo_get
 .text.ring_buffer_char_init
                0x0000000008004ec8        0xc build_Zomwar-application/ring_buffer.o
                0x0000000008004ec8                ring_buffer_char_init
 .text.ring_buffer_char_is_empty
                0x0000000008004ed4        0xa build_Zomwar-application/ring_buffer.o
                0x0000000008004ed4                ring_buffer_char_is_empty
 .text.ring_buffer_char_put
                0x0000000008004ede       0x36 build_Zomwar-application/ring_buffer.o
                0x0000000008004ede                ring_buffer_char_put
 .text.ring_buffer_char_get
                0x0000000008004f14       0x26 build_Zomwar-application/ring_buffer.o
                0x0000000008004f14                ring_buffer_char_get
 .text.mem_read
                0x0000000008004f3a       0x18 build_Zomwar-application/utils.o
                0x0000000008004f3a                mem_read
 .text.mem_write
                0x0000000008004f52       0x1a build_Zomwar-application/utils.o
                0x0000000008004f52                mem_write
 *fill*         0x0000000008004f6c        0x4 
 .text.ilog10   0x0000000008004f70       0xd8 build_Zomwar-application/xprintf.o
 .text.i10x     0x0000000008005048       0x78 build_Zomwar-application/xprintf.o
 .text.xfputc   0x00000000080050c0       0x30 build_Zomwar-application/xprintf.o
                0x00000000080050c0                xfputc
 .text.xputc    0x00000000080050f0       0x10 build_Zomwar-application/xprintf.o
                0x00000000080050f0                xputc
 .text.xvfprintf
                0x0000000008005100      0x580 build_Zomwar-application/xprintf.o
 .text.xprintf  0x0000000008005680       0x24 build_Zomwar-application/xprintf.o
                0x0000000008005680                xprintf
 .text.xsprintf
                0x00000000080056a4       0x2c build_Zomwar-application/xprintf.o
                0x00000000080056a4                xsprintf
 .text.cmd_line_parser
                0x00000000080056d0       0x7c build_Zomwar-application/cmd_line.o
                0x00000000080056d0                cmd_line_parser
 .text.button_init
                0x000000000800574c       0x34 build_Zomwar-application/button.o
                0x000000000800574c                button_init
 .text.button_enable
                0x0000000008005780        0x6 build_Zomwar-application/button.o
                0x0000000008005780                button_enable
 .text.button_timer_polling
                0x0000000008005786       0x76 build_Zomwar-application/button.o
                0x0000000008005786                button_timer_polling
 .text.flash_wait_to_idle
                0x00000000080057fc       0x32 build_Zomwar-application/flash.o
 .text.flash_set_write_enable.constprop.0
                0x000000000800582e       0x14 build_Zomwar-application/flash.o
 .text.flash_is_connected
                0x0000000008005842       0x22 build_Zomwar-application/flash.o
                0x0000000008005842                flash_is_connected
 .text.flash_read
                0x0000000008005864       0x5e build_Zomwar-application/flash.o
                0x0000000008005864                flash_read
 .text.flash_write
                0x00000000080058c2       0x6c build_Zomwar-application/flash.o
                0x00000000080058c2                flash_write
 .text.flash_erase_sector
                0x000000000800592e       0x48 build_Zomwar-application/flash.o
                0x000000000800592e                flash_erase_sector
 .text.flash_erase_block_64k
                0x0000000008005976       0x46 build_Zomwar-application/flash.o
                0x0000000008005976                flash_erase_block_64k
 .text.led_init
                0x00000000080059bc       0x20 build_Zomwar-application/led.o
                0x00000000080059bc                led_init
 .text.led_on   0x00000000080059dc        0xc build_Zomwar-application/led.o
                0x00000000080059dc                led_on
 .text.led_off  0x00000000080059e8        0xc build_Zomwar-application/led.o
                0x00000000080059e8                led_off
 .text.led_toggle
                0x00000000080059f4       0x12 build_Zomwar-application/led.o
                0x00000000080059f4                led_toggle
 .text.buzzer_irq
                0x0000000008005a06        0x2 build_Zomwar-application/buzzer.o
                0x0000000008005a06                buzzer_irq
 .text.BUZZER_Init
                0x0000000008005a08        0x2 build_Zomwar-application/buzzer.o
                0x0000000008005a08                BUZZER_Init
 .text.BUZZER_PlayTones
                0x0000000008005a0a        0x2 build_Zomwar-application/buzzer.o
                0x0000000008005a0a                BUZZER_PlayTones
 .text.getModeBits
                0x0000000008005a0c       0x30 build_Zomwar-application/qrcode.o
 .text.bb_appendBits
                0x0000000008005a3c       0x58 build_Zomwar-application/qrcode.o
 .text.bb_setBit
                0x0000000008005a94       0x28 build_Zomwar-application/qrcode.o
 .text.bb_getBit
                0x0000000008005abc       0x1a build_Zomwar-application/qrcode.o
 *fill*         0x0000000008005ad6        0x2 
 .text.applyMask
                0x0000000008005ad8      0x110 build_Zomwar-application/qrcode.o
 .text.setFunctionModule
                0x0000000008005be8       0x24 build_Zomwar-application/qrcode.o
 .text.drawFinderPattern
                0x0000000008005c0c       0x8a build_Zomwar-application/qrcode.o
 .text.drawFormatBits
                0x0000000008005c96      0x114 build_Zomwar-application/qrcode.o
 *fill*         0x0000000008005daa        0x2 
 .text.getAlphanumeric
                0x0000000008005dac       0x34 build_Zomwar-application/qrcode.o
 .text.qrcode_getBufferSize
                0x0000000008005de0        0xe build_Zomwar-application/qrcode.o
                0x0000000008005de0                qrcode_getBufferSize
 *fill*         0x0000000008005dee        0x2 
 .text.qrcode_initBytes
                0x0000000008005df0      0x9e0 build_Zomwar-application/qrcode.o
                0x0000000008005df0                qrcode_initBytes
 .text.qrcode_initText
                0x00000000080067d0       0x2e build_Zomwar-application/qrcode.o
                0x00000000080067d0                qrcode_initText
 .text.qrcode_getModule
                0x00000000080067fe       0x28 build_Zomwar-application/qrcode.o
                0x00000000080067fe                qrcode_getModule
 *fill*         0x0000000008006826        0x2 
 .text.sys_dbg_cpu_dump
                0x0000000008006828       0x4c build_Zomwar-application/sys_dbg.o
                0x0000000008006828                sys_dbg_cpu_dump
 .text.sys_dbg_stack_space_dump
                0x0000000008006874       0x30 build_Zomwar-application/sys_dbg.o
                0x0000000008006874                sys_dbg_stack_space_dump
 .text.sys_dbg_fatal
                0x00000000080068a4      0x3cc build_Zomwar-application/sys_dbg.o
                0x00000000080068a4                sys_dbg_fatal
 .text.sys_boot_init
                0x0000000008006c70       0x14 build_Zomwar-application/sys_boot.o
                0x0000000008006c70                sys_boot_init
 .text.sys_boot_get
                0x0000000008006c84        0xc build_Zomwar-application/sys_boot.o
                0x0000000008006c84                sys_boot_get
 .text.sys_boot_set
                0x0000000008006c90       0x34 build_Zomwar-application/sys_boot.o
                0x0000000008006c90                sys_boot_set
 .text.eMBExceptionToErrorcode
                0x0000000008006cc4       0x14 build_Zomwar-application/mbutils.o
                0x0000000008006cc4                eMBExceptionToErrorcode
 .text.eMBMReleaseHdl
                0x0000000008006cd8       0x58 build_Zomwar-application/mbm.o
 .text.bMBMResponseTimeoutCB
                0x0000000008006d30       0x18 build_Zomwar-application/mbm.o
 .text.bMBMIsHdlValid
                0x0000000008006d48       0x18 build_Zomwar-application/mbm.o
                0x0000000008006d48                bMBMIsHdlValid
 .text.vMBMMasterTransactionPolled
                0x0000000008006d60       0xae build_Zomwar-application/mbm.o
                0x0000000008006d60                vMBMMasterTransactionPolled
 *fill*         0x0000000008006e0e        0x2 
 .text.eMBMSerialInitExt
                0x0000000008006e10       0xcc build_Zomwar-application/mbm.o
                0x0000000008006e10                eMBMSerialInitExt
 .text.usMBMCRC16
                0x0000000008006edc       0x2c build_Zomwar-application/mbmcrc.o
                0x0000000008006edc                usMBMCRC16
 .text.bMBMSerialWaitCB
                0x0000000008006f08       0x3c build_Zomwar-application/mbmrtu.o
 .text.bMBMSerialRTUT35CB
                0x0000000008006f44       0x58 build_Zomwar-application/mbmrtu.o
 .text.bMBMSerialRTUTransmitterEmptyAPIV1CB
                0x0000000008006f9c       0xb2 build_Zomwar-application/mbmrtu.o
 .text.bMBMSerialRTUReceiverAPIV1CB
                0x000000000800704e       0xa0 build_Zomwar-application/mbmrtu.o
 *fill*         0x00000000080070ee        0x2 
 .text.eMBMSerialRTUFrameCloseInternal
                0x00000000080070f0       0x90 build_Zomwar-application/mbmrtu.o
 .text.eMBMSerialRTUFrameReceive
                0x0000000008007180       0xc4 build_Zomwar-application/mbmrtu.o
 .text.eMBMSerialRTUFrameSend
                0x0000000008007244       0xd0 build_Zomwar-application/mbmrtu.o
 .text.eMBMSerialRTUFrameClose
                0x0000000008007314       0x18 build_Zomwar-application/mbmrtu.o
 .text.eMBMSerialRTUInit
                0x000000000800732c      0x118 build_Zomwar-application/mbmrtu.o
                0x000000000800732c                eMBMSerialRTUInit
 .text.vMBMReadHoldingRegistersPolled
                0x0000000008007444      0x136 build_Zomwar-application/mbmfuncholding.o
                0x0000000008007444                vMBMReadHoldingRegistersPolled
 .text.eMBMReadHoldingRegisters
                0x000000000800757a       0x42 build_Zomwar-application/mbmfuncholding.o
                0x000000000800757a                eMBMReadHoldingRegisters
 .text.vMBMReadCoilsPolled
                0x00000000080075bc      0x114 build_Zomwar-application/mbmfunccoils.o
                0x00000000080075bc                vMBMReadCoilsPolled
 .text.eMBMReadCoils
                0x00000000080076d0       0x42 build_Zomwar-application/mbmfunccoils.o
                0x00000000080076d0                eMBMReadCoils
 .text.vMBMReadDiscreteInputsPolled
                0x0000000008007712      0x114 build_Zomwar-application/mbmfuncdisc.o
                0x0000000008007712                vMBMReadDiscreteInputsPolled
 .text.eMBMReadDiscreteInputs
                0x0000000008007826       0x42 build_Zomwar-application/mbmfuncdisc.o
                0x0000000008007826                eMBMReadDiscreteInputs
 .text.vMBMReadInputRegistersPolled
                0x0000000008007868      0x120 build_Zomwar-application/mbmfuncinput.o
                0x0000000008007868                vMBMReadInputRegistersPolled
 .text.eMBMReadInputRegisters
                0x0000000008007988       0x42 build_Zomwar-application/mbmfuncinput.o
                0x0000000008007988                eMBMReadInputRegisters
 *fill*         0x00000000080079ca        0x2 
 .text.eMBPEventCreate
                0x00000000080079cc       0x5c build_Zomwar-application/mbportevent.o
                0x00000000080079cc                eMBPEventCreate
 .text.eMBPEventPost
                0x0000000008007a28       0x2c build_Zomwar-application/mbportevent.o
                0x0000000008007a28                eMBPEventPost
 .text.bMBPEventGet
                0x0000000008007a54       0x34 build_Zomwar-application/mbportevent.o
                0x0000000008007a54                bMBPEventGet
 .text.vMBPEventDelete
                0x0000000008007a88       0x2c build_Zomwar-application/mbportevent.o
                0x0000000008007a88                vMBPEventDelete
 .text.vMBPAssert
                0x0000000008007ab4       0x1c build_Zomwar-application/mbportother.o
                0x0000000008007ab4                vMBPAssert
 .text.vMBPEnterCritical
                0x0000000008007ad0        0x4 build_Zomwar-application/mbportother.o
                0x0000000008007ad0                vMBPEnterCritical
 .text.vMBPExitCritical
                0x0000000008007ad4        0x4 build_Zomwar-application/mbportother.o
                0x0000000008007ad4                vMBPExitCritical
 .text.eMBPSerialInit
                0x0000000008007ad8      0x144 build_Zomwar-application/mbportserial.o
                0x0000000008007ad8                eMBPSerialInit
 .text.eMBPSerialClose
                0x0000000008007c1c       0x58 build_Zomwar-application/mbportserial.o
                0x0000000008007c1c                eMBPSerialClose
 .text.eMBPSerialTxEnable
                0x0000000008007c74       0x70 build_Zomwar-application/mbportserial.o
                0x0000000008007c74                eMBPSerialTxEnable
 .text.eMBPSerialRxEnable
                0x0000000008007ce4       0x5c build_Zomwar-application/mbportserial.o
                0x0000000008007ce4                eMBPSerialRxEnable
 .text.vMBPUSART2ISR
                0x0000000008007d40       0xec build_Zomwar-application/mbportserial.o
                0x0000000008007d40                vMBPUSART2ISR
 .text.eMBPTimerInit
                0x0000000008007e2c       0xec build_Zomwar-application/mbporttimer.o
                0x0000000008007e2c                eMBPTimerInit
 .text.vMBPTimerClose
                0x0000000008007f18       0x28 build_Zomwar-application/mbporttimer.o
                0x0000000008007f18                vMBPTimerClose
 .text.eMBPTimerStart
                0x0000000008007f40       0x2c build_Zomwar-application/mbporttimer.o
                0x0000000008007f40                eMBPTimerStart
 .text.eMBPTimerStop
                0x0000000008007f6c       0x30 build_Zomwar-application/mbporttimer.o
                0x0000000008007f6c                eMBPTimerStop
 .text.vMBPTimerISR
                0x0000000008007f9c       0x58 build_Zomwar-application/mbporttimer.o
                0x0000000008007f9c                vMBPTimerISR
 .text.GPIO_Init
                0x0000000008007ff4       0x78 build_Zomwar-application/stm32l1xx_gpio.o
                0x0000000008007ff4                GPIO_Init
 .text.GPIO_ReadInputDataBit
                0x000000000800806c        0xc build_Zomwar-application/stm32l1xx_gpio.o
                0x000000000800806c                GPIO_ReadInputDataBit
 .text.GPIO_SetBits
                0x0000000008008078        0x4 build_Zomwar-application/stm32l1xx_gpio.o
                0x0000000008008078                GPIO_SetBits
 .text.GPIO_ResetBits
                0x000000000800807c        0x4 build_Zomwar-application/stm32l1xx_gpio.o
                0x000000000800807c                GPIO_ResetBits
 .text.GPIO_PinAFConfig
                0x0000000008008080       0x24 build_Zomwar-application/stm32l1xx_gpio.o
                0x0000000008008080                GPIO_PinAFConfig
 .text.RCC_HSICmd
                0x00000000080080a4        0xc build_Zomwar-application/stm32l1xx_rcc.o
                0x00000000080080a4                RCC_HSICmd
 .text.RCC_GetClocksFreq
                0x00000000080080b0       0x9c build_Zomwar-application/stm32l1xx_rcc.o
                0x00000000080080b0                RCC_GetClocksFreq
 .text.RCC_AHBPeriphClockCmd
                0x000000000800814c       0x18 build_Zomwar-application/stm32l1xx_rcc.o
                0x000000000800814c                RCC_AHBPeriphClockCmd
 .text.RCC_APB2PeriphClockCmd
                0x0000000008008164       0x18 build_Zomwar-application/stm32l1xx_rcc.o
                0x0000000008008164                RCC_APB2PeriphClockCmd
 .text.RCC_APB1PeriphClockCmd
                0x000000000800817c       0x18 build_Zomwar-application/stm32l1xx_rcc.o
                0x000000000800817c                RCC_APB1PeriphClockCmd
 .text.RCC_APB2PeriphResetCmd
                0x0000000008008194       0x18 build_Zomwar-application/stm32l1xx_rcc.o
                0x0000000008008194                RCC_APB2PeriphResetCmd
 .text.RCC_APB1PeriphResetCmd
                0x00000000080081ac       0x18 build_Zomwar-application/stm32l1xx_rcc.o
                0x00000000080081ac                RCC_APB1PeriphResetCmd
 .text.RCC_GetFlagStatus
                0x00000000080081c4       0x20 build_Zomwar-application/stm32l1xx_rcc.o
                0x00000000080081c4                RCC_GetFlagStatus
 .text.USART_DeInit
                0x00000000080081e4       0x9c build_Zomwar-application/stm32l1xx_usart.o
                0x00000000080081e4                USART_DeInit
 .text.USART_Init
                0x0000000008008280       0xa4 build_Zomwar-application/stm32l1xx_usart.o
                0x0000000008008280                USART_Init
 .text.USART_ClockInit
                0x0000000008008324       0x20 build_Zomwar-application/stm32l1xx_usart.o
                0x0000000008008324                USART_ClockInit
 .text.USART_Cmd
                0x0000000008008344       0x18 build_Zomwar-application/stm32l1xx_usart.o
                0x0000000008008344                USART_Cmd
 .text.USART_SendData
                0x000000000800835c        0x8 build_Zomwar-application/stm32l1xx_usart.o
                0x000000000800835c                USART_SendData
 .text.USART_ReceiveData
                0x0000000008008364        0x8 build_Zomwar-application/stm32l1xx_usart.o
                0x0000000008008364                USART_ReceiveData
 .text.USART_ITConfig
                0x000000000800836c       0x30 build_Zomwar-application/stm32l1xx_usart.o
                0x000000000800836c                USART_ITConfig
 .text.USART_GetFlagStatus
                0x000000000800839c        0xc build_Zomwar-application/stm32l1xx_usart.o
                0x000000000800839c                USART_GetFlagStatus
 .text.USART_GetITStatus
                0x00000000080083a8       0x3e build_Zomwar-application/stm32l1xx_usart.o
                0x00000000080083a8                USART_GetITStatus
 .text.USART_ClearITPendingBit
                0x00000000080083e6        0xe build_Zomwar-application/stm32l1xx_usart.o
                0x00000000080083e6                USART_ClearITPendingBit
 .text.SPI_I2S_DeInit
                0x00000000080083f4       0x64 build_Zomwar-application/stm32l1xx_spi.o
                0x00000000080083f4                SPI_I2S_DeInit
 .text.SPI_Init
                0x0000000008008458       0x3e build_Zomwar-application/stm32l1xx_spi.o
                0x0000000008008458                SPI_Init
 .text.SPI_Cmd  0x0000000008008496       0x18 build_Zomwar-application/stm32l1xx_spi.o
                0x0000000008008496                SPI_Cmd
 .text.SPI_I2S_ReceiveData
                0x00000000080084ae        0x6 build_Zomwar-application/stm32l1xx_spi.o
                0x00000000080084ae                SPI_I2S_ReceiveData
 .text.SPI_I2S_SendData
                0x00000000080084b4        0x4 build_Zomwar-application/stm32l1xx_spi.o
                0x00000000080084b4                SPI_I2S_SendData
 .text.SPI_I2S_GetFlagStatus
                0x00000000080084b8        0xc build_Zomwar-application/stm32l1xx_spi.o
                0x00000000080084b8                SPI_I2S_GetFlagStatus
 .text.NVIC_PriorityGroupConfig
                0x00000000080084c4       0x14 build_Zomwar-application/misc.o
                0x00000000080084c4                NVIC_PriorityGroupConfig
 .text.NVIC_Init
                0x00000000080084d8       0x58 build_Zomwar-application/misc.o
                0x00000000080084d8                NVIC_Init
 .text.EXTI_GetFlagStatus
                0x0000000008008530       0x14 build_Zomwar-application/stm32l1xx_exti.o
                0x0000000008008530                EXTI_GetFlagStatus
 .text.EXTI_GetITStatus
                0x0000000008008544        0x4 build_Zomwar-application/stm32l1xx_exti.o
                0x0000000008008544                EXTI_GetITStatus
 .text.EXTI_ClearITPendingBit
                0x0000000008008548        0xc build_Zomwar-application/stm32l1xx_exti.o
                0x0000000008008548                EXTI_ClearITPendingBit
 .text.TIM_TimeBaseInit
                0x0000000008008554       0x58 build_Zomwar-application/stm32l1xx_tim.o
                0x0000000008008554                TIM_TimeBaseInit
 .text.TIM_Cmd  0x00000000080085ac       0x18 build_Zomwar-application/stm32l1xx_tim.o
                0x00000000080085ac                TIM_Cmd
 .text.TIM_ITConfig
                0x00000000080085c4       0x12 build_Zomwar-application/stm32l1xx_tim.o
                0x00000000080085c4                TIM_ITConfig
 .text.TIM_GetITStatus
                0x00000000080085d6       0x16 build_Zomwar-application/stm32l1xx_tim.o
                0x00000000080085d6                TIM_GetITStatus
 .text.TIM_ClearITPendingBit
                0x00000000080085ec        0x8 build_Zomwar-application/stm32l1xx_tim.o
                0x00000000080085ec                TIM_ClearITPendingBit
 .text.ADC_Init
                0x00000000080085f4       0x4c build_Zomwar-application/stm32l1xx_adc.o
                0x00000000080085f4                ADC_Init
 .text.ADC_Cmd  0x0000000008008640       0x12 build_Zomwar-application/stm32l1xx_adc.o
                0x0000000008008640                ADC_Cmd
 *fill*         0x0000000008008652        0x2 
 .text.ADC_TempSensorVrefintCmd
                0x0000000008008654       0x18 build_Zomwar-application/stm32l1xx_adc.o
                0x0000000008008654                ADC_TempSensorVrefintCmd
 .text.ADC_RegularChannelConfig
                0x000000000800866c      0x104 build_Zomwar-application/stm32l1xx_adc.o
                0x000000000800866c                ADC_RegularChannelConfig
 .text.ADC_SoftwareStartConv
                0x0000000008008770        0xa build_Zomwar-application/stm32l1xx_adc.o
                0x0000000008008770                ADC_SoftwareStartConv
 .text.ADC_GetConversionValue
                0x000000000800877a        0x6 build_Zomwar-application/stm32l1xx_adc.o
                0x000000000800877a                ADC_GetConversionValue
 .text.ADC_GetFlagStatus
                0x0000000008008780        0xc build_Zomwar-application/stm32l1xx_adc.o
                0x0000000008008780                ADC_GetFlagStatus
 .text.PWR_UltraLowPowerCmd
                0x000000000800878c        0xc build_Zomwar-application/stm32l1xx_pwr.o
                0x000000000800878c                PWR_UltraLowPowerCmd
 .text.PWR_EnterSTOPMode
                0x0000000008008798       0x34 build_Zomwar-application/stm32l1xx_pwr.o
                0x0000000008008798                PWR_EnterSTOPMode
 .text.FLASH_Lock
                0x00000000080087cc       0x10 build_Zomwar-application/stm32l1xx_flash.o
                0x00000000080087cc                FLASH_Lock
 .text.DATA_EEPROM_Unlock
                0x00000000080087dc       0x20 build_Zomwar-application/stm32l1xx_flash.o
                0x00000000080087dc                DATA_EEPROM_Unlock
 .text.FLASH_Unlock
                0x00000000080087fc       0x2c build_Zomwar-application/stm32l1xx_flash.o
                0x00000000080087fc                FLASH_Unlock
 .text.DATA_EEPROM_Lock
                0x0000000008008828       0x10 build_Zomwar-application/stm32l1xx_flash.o
                0x0000000008008828                DATA_EEPROM_Lock
 .text.FLASH_OB_Unlock
                0x0000000008008838       0x2c build_Zomwar-application/stm32l1xx_flash.o
                0x0000000008008838                FLASH_OB_Unlock
 .text.FLASH_OB_Launch
                0x0000000008008864       0x10 build_Zomwar-application/stm32l1xx_flash.o
                0x0000000008008864                FLASH_OB_Launch
 .text.FLASH_OB_GetBOR
                0x0000000008008874       0x10 build_Zomwar-application/stm32l1xx_flash.o
                0x0000000008008874                FLASH_OB_GetBOR
 .text.FLASH_ClearFlag
                0x0000000008008884        0xc build_Zomwar-application/stm32l1xx_flash.o
                0x0000000008008884                FLASH_ClearFlag
 .text.FLASH_GetStatus
                0x0000000008008890       0x28 build_Zomwar-application/stm32l1xx_flash.o
                0x0000000008008890                FLASH_GetStatus
 .text.FLASH_WaitForLastOperation
                0x00000000080088b8       0x3c build_Zomwar-application/stm32l1xx_flash.o
                0x00000000080088b8                FLASH_WaitForLastOperation
 .text.FLASH_ErasePage
                0x00000000080088f4       0x44 build_Zomwar-application/stm32l1xx_flash.o
                0x00000000080088f4                FLASH_ErasePage
 .text.FLASH_FastProgramWord
                0x0000000008008938       0x22 build_Zomwar-application/stm32l1xx_flash.o
                0x0000000008008938                FLASH_FastProgramWord
 .text.DATA_EEPROM_EraseWord
                0x000000000800895a       0x16 build_Zomwar-application/stm32l1xx_flash.o
                0x000000000800895a                DATA_EEPROM_EraseWord
 .text.DATA_EEPROM_FastProgramWord
                0x0000000008008970       0x30 build_Zomwar-application/stm32l1xx_flash.o
                0x0000000008008970                DATA_EEPROM_FastProgramWord
 .text.DATA_EEPROM_ProgramByte
                0x00000000080089a0       0x4c build_Zomwar-application/stm32l1xx_flash.o
                0x00000000080089a0                DATA_EEPROM_ProgramByte
 .text.FLASH_OB_BORConfig
                0x00000000080089ec       0x3c build_Zomwar-application/stm32l1xx_flash.o
                0x00000000080089ec                FLASH_OB_BORConfig
 .text.IWDG_WriteAccessCmd
                0x0000000008008a28        0xc build_Zomwar-application/stm32l1xx_iwdg.o
                0x0000000008008a28                IWDG_WriteAccessCmd
 .text.IWDG_SetPrescaler
                0x0000000008008a34        0xc build_Zomwar-application/stm32l1xx_iwdg.o
                0x0000000008008a34                IWDG_SetPrescaler
 .text.IWDG_SetReload
                0x0000000008008a40        0xc build_Zomwar-application/stm32l1xx_iwdg.o
                0x0000000008008a40                IWDG_SetReload
 .text.IWDG_ReloadCounter
                0x0000000008008a4c       0x10 build_Zomwar-application/stm32l1xx_iwdg.o
                0x0000000008008a4c                IWDG_ReloadCounter
 .text.IWDG_Enable
                0x0000000008008a5c       0x10 build_Zomwar-application/stm32l1xx_iwdg.o
                0x0000000008008a5c                IWDG_Enable
 .text.I2C_SendData
                0x0000000008008a6c        0x4 build_Zomwar-application/stm32l1xx_i2c.o
                0x0000000008008a6c                I2C_SendData
 .text.I2C_CheckEvent
                0x0000000008008a70       0x18 build_Zomwar-application/stm32l1xx_i2c.o
                0x0000000008008a70                I2C_CheckEvent
 .text.disable_interrupts
                0x0000000008008a88       0x10 build_Zomwar-application/platform.o
                0x0000000008008a88                disable_interrupts
 .text.entry_critical
                0x0000000008008a98       0x14 build_Zomwar-application/platform.o
                0x0000000008008a98                entry_critical
 .text.exit_critical
                0x0000000008008aac       0x30 build_Zomwar-application/platform.o
                0x0000000008008aac                exit_critical
 .text.default_handler
                0x0000000008008adc       0x1c build_Zomwar-application/system.o
                0x0000000008008adc                svc_handler
                0x0000000008008adc                default_handler
                0x0000000008008adc                dg_monitor_handler
                0x0000000008008adc                pendsv_handler
 .text.nmi_handler
                0x0000000008008af8       0x1c build_Zomwar-application/system.o
                0x0000000008008af8                nmi_handler
 .text.hard_fault_handler
                0x0000000008008b14       0x1c build_Zomwar-application/system.o
                0x0000000008008b14                hard_fault_handler
 .text.mem_manage_handler
                0x0000000008008b30       0x1c build_Zomwar-application/system.o
                0x0000000008008b30                mem_manage_handler
 .text.bus_fault_handler
                0x0000000008008b4c       0x1c build_Zomwar-application/system.o
                0x0000000008008b4c                bus_fault_handler
 .text.usage_fault_handler
                0x0000000008008b68       0x1c build_Zomwar-application/system.o
                0x0000000008008b68                usage_fault_handler
 .text.systick_handler
                0x0000000008008b84       0x40 build_Zomwar-application/system.o
                0x0000000008008b84                systick_handler
 .text.uart1_irq
                0x0000000008008bc4       0x64 build_Zomwar-application/system.o
                0x0000000008008bc4                uart1_irq
 .text.exti_line1_irq
                0x0000000008008c28       0x1c build_Zomwar-application/system.o
                0x0000000008008c28                exti_line1_irq
 .text.timer7_irq
                0x0000000008008c44       0x24 build_Zomwar-application/system.o
                0x0000000008008c44                timer7_irq
 .text.sys_ctrl_delay
                0x0000000008008c68        0xc build_Zomwar-application/system.o
                0x0000000008008c68                sys_ctrl_delay
 .text.sys_ctrl_millis
                0x0000000008008c74       0x1c build_Zomwar-application/system.o
                0x0000000008008c74                sys_ctrl_millis
 .text._init    0x0000000008008c90        0x2 build_Zomwar-application/system.o
                0x0000000008008c90                _init
 .text._fini    0x0000000008008c92        0x2 build_Zomwar-application/system.o
                0x0000000008008c92                _fini
 .text.sys_stack_count_init
                0x0000000008008c94       0x3c build_Zomwar-application/system.o
                0x0000000008008c94                sys_stack_count_init
 .text.reset_handler
                0x0000000008008cd0       0xc8 build_Zomwar-application/system.o
                0x0000000008008cd0                reset_handler
 .text.sys_stack_usage
                0x0000000008008d98       0x20 build_Zomwar-application/system.o
                0x0000000008008d98                sys_stack_usage
 .text.sys_stack_get_size
                0x0000000008008db8        0xc build_Zomwar-application/system.o
                0x0000000008008db8                sys_stack_get_size
 .text.sys_ctrl_shell_put_char_block
                0x0000000008008dc4       0x2c build_Zomwar-application/sys_cfg.o
                0x0000000008008dc4                sys_ctrl_shell_put_char_block
 .text.sys_cfg_clock
                0x0000000008008df0       0x22 build_Zomwar-application/sys_cfg.o
                0x0000000008008df0                sys_cfg_clock
 *fill*         0x0000000008008e12        0x2 
 .text.sys_cfg_tick
                0x0000000008008e14       0x50 build_Zomwar-application/sys_cfg.o
                0x0000000008008e14                sys_cfg_tick
 .text.sys_cfg_svc
                0x0000000008008e64       0x30 build_Zomwar-application/sys_cfg.o
                0x0000000008008e64                sys_cfg_svc
 .text.sys_cfg_pendsv
                0x0000000008008e94       0x34 build_Zomwar-application/sys_cfg.o
                0x0000000008008e94                sys_cfg_pendsv
 .text.sys_cfg_update_info
                0x0000000008008ec8      0x108 build_Zomwar-application/sys_cfg.o
                0x0000000008008ec8                sys_cfg_update_info
 .text.sys_ctrl_shell_sw_to_block
                0x0000000008008fd0       0x38 build_Zomwar-application/sys_cfg.o
                0x0000000008008fd0                sys_ctrl_shell_sw_to_block
 .text.sys_cfg_console
                0x0000000008009008       0xd8 build_Zomwar-application/sys_cfg.o
                0x0000000008009008                sys_cfg_console
 .text.sys_ctrl_shell_get_char
                0x00000000080090e0       0x34 build_Zomwar-application/sys_cfg.o
                0x00000000080090e0                sys_ctrl_shell_get_char
 .text.sys_ctrl_reset
                0x0000000008009114       0x20 build_Zomwar-application/sys_cfg.o
                0x0000000008009114                sys_ctrl_reset
 .text.sys_ctrl_delay_us
                0x0000000008009134       0x58 build_Zomwar-application/sys_cfg.o
                0x0000000008009134                sys_ctrl_delay_us
 .text.sys_ctrl_delay_ms
                0x000000000800918c       0x1e build_Zomwar-application/sys_cfg.o
                0x000000000800918c                sys_ctrl_delay_ms
 *fill*         0x00000000080091aa        0x2 
 .text.sys_ctr_stop_mcu
                0x00000000080091ac       0xa8 build_Zomwar-application/sys_cfg.o
                0x00000000080091ac                sys_ctr_stop_mcu
 .text.sys_ctrl_independent_watchdog_init
                0x0000000008009254       0x24 build_Zomwar-application/sys_cfg.o
                0x0000000008009254                sys_ctrl_independent_watchdog_init
 .text.sys_ctrl_independent_watchdog_reset
                0x0000000008009278       0x12 build_Zomwar-application/sys_cfg.o
                0x0000000008009278                sys_ctrl_independent_watchdog_reset
 *fill*         0x000000000800928a        0x2 
 .text.sys_ctrl_soft_watchdog_init
                0x000000000800928c       0x68 build_Zomwar-application/sys_cfg.o
                0x000000000800928c                sys_ctrl_soft_watchdog_init
 .text.sys_ctrl_soft_watchdog_reset
                0x00000000080092f4       0x18 build_Zomwar-application/sys_cfg.o
                0x00000000080092f4                sys_ctrl_soft_watchdog_reset
 .text.sys_ctrl_soft_watchdog_increase_counter
                0x000000000800930c       0x40 build_Zomwar-application/sys_cfg.o
                0x000000000800930c                sys_ctrl_soft_watchdog_increase_counter
 .text.sys_ctrl_get_firmware_info
                0x000000000800934c       0x40 build_Zomwar-application/sys_cfg.o
                0x000000000800934c                sys_ctrl_get_firmware_info
 .text.task_irq_io_entry_trigger
                0x000000000800938c        0x2 build_Zomwar-application/sys_cfg.o
                0x000000000800938c                task_irq_io_entry_trigger
 .text.task_irq_io_exit_trigger
                0x000000000800938e        0x2 build_Zomwar-application/sys_cfg.o
                0x000000000800938e                task_irq_io_exit_trigger
 .text.io_button_mode_init
                0x0000000008009390       0x28 build_Zomwar-application/io_cfg.o
                0x0000000008009390                io_button_mode_init
 .text.io_button_up_init
                0x00000000080093b8       0x28 build_Zomwar-application/io_cfg.o
                0x00000000080093b8                io_button_up_init
 .text.io_button_down_init
                0x00000000080093e0       0x28 build_Zomwar-application/io_cfg.o
                0x00000000080093e0                io_button_down_init
 .text.io_button_mode_read
                0x0000000008009408        0xc build_Zomwar-application/io_cfg.o
                0x0000000008009408                io_button_mode_read
 .text.io_button_up_read
                0x0000000008009414       0x10 build_Zomwar-application/io_cfg.o
                0x0000000008009414                io_button_up_read
 .text.io_button_down_read
                0x0000000008009424        0xc build_Zomwar-application/io_cfg.o
                0x0000000008009424                io_button_down_read
 .text.led_life_init
                0x0000000008009430       0x28 build_Zomwar-application/io_cfg.o
                0x0000000008009430                led_life_init
 .text.led_life_on
                0x0000000008009458       0x10 build_Zomwar-application/io_cfg.o
                0x0000000008009458                led_life_on
 .text.led_life_off
                0x0000000008009468       0x10 build_Zomwar-application/io_cfg.o
                0x0000000008009468                led_life_off
 .text.flash_io_ctrl_init
                0x0000000008009478       0x28 build_Zomwar-application/io_cfg.o
                0x0000000008009478                flash_io_ctrl_init
 .text.flash_cs_low
                0x00000000080094a0       0x10 build_Zomwar-application/io_cfg.o
                0x00000000080094a0                flash_cs_low
 .text.flash_cs_high
                0x00000000080094b0       0x10 build_Zomwar-application/io_cfg.o
                0x00000000080094b0                flash_cs_high
 .text.flash_transfer
                0x00000000080094c0       0x98 build_Zomwar-application/io_cfg.o
                0x00000000080094c0                flash_transfer
 .text.io_cfg_adc1
                0x0000000008009558       0x48 build_Zomwar-application/io_cfg.o
                0x0000000008009558                io_cfg_adc1
 .text.adc_bat_io_cfg
                0x00000000080095a0       0x2c build_Zomwar-application/io_cfg.o
                0x00000000080095a0                adc_bat_io_cfg
 *fill*         0x00000000080095cc        0x4 
 .text.sys_ctr_get_vbat_voltage
                0x00000000080095d0       0x90 build_Zomwar-application/io_cfg.o
                0x00000000080095d0                sys_ctr_get_vbat_voltage
 .text.sys_ctr_get_mcu_temperature
                0x0000000008009660       0x6c build_Zomwar-application/io_cfg.o
                0x0000000008009660                sys_ctr_get_mcu_temperature
 .text.oled_clk_input_mode
                0x00000000080096cc       0x28 build_Zomwar-application/io_cfg.o
                0x00000000080096cc                oled_clk_input_mode
 .text.oled_clk_output_mode
                0x00000000080096f4       0x28 build_Zomwar-application/io_cfg.o
                0x00000000080096f4                oled_clk_output_mode
 .text.oled_clk_digital_write_low
                0x000000000800971c       0x10 build_Zomwar-application/io_cfg.o
                0x000000000800971c                oled_clk_digital_write_low
 .text.oled_clk_digital_write_high
                0x000000000800972c       0x10 build_Zomwar-application/io_cfg.o
                0x000000000800972c                oled_clk_digital_write_high
 .text.oled_data_input_mode
                0x000000000800973c       0x28 build_Zomwar-application/io_cfg.o
                0x000000000800973c                oled_data_input_mode
 .text.oled_data_output_mode
                0x0000000008009764       0x28 build_Zomwar-application/io_cfg.o
                0x0000000008009764                oled_data_output_mode
 .text.oled_data_digital_write_low
                0x000000000800978c       0x10 build_Zomwar-application/io_cfg.o
                0x000000000800978c                oled_data_digital_write_low
 .text.oled_data_digital_write_high
                0x000000000800979c       0x10 build_Zomwar-application/io_cfg.o
                0x000000000800979c                oled_data_digital_write_high
 .text.oled_res_input_mode
                0x00000000080097ac       0x28 build_Zomwar-application/io_cfg.o
                0x00000000080097ac                oled_res_input_mode
 .text.oled_res_output_mode
                0x00000000080097d4       0x28 build_Zomwar-application/io_cfg.o
                0x00000000080097d4                oled_res_output_mode
 .text.oled_res_digital_write_low
                0x00000000080097fc       0x10 build_Zomwar-application/io_cfg.o
                0x00000000080097fc                oled_res_digital_write_low
 .text.oled_res_digital_write_high
                0x000000000800980c       0x10 build_Zomwar-application/io_cfg.o
                0x000000000800980c                oled_res_digital_write_high
 .text.io_eeprom_read
                0x000000000800981c       0x34 build_Zomwar-application/io_cfg.o
                0x000000000800981c                io_eeprom_read
 .text.io_eeprom_write
                0x0000000008009850       0x48 build_Zomwar-application/io_cfg.o
                0x0000000008009850                io_eeprom_write
 .text.io_eeprom_erase
                0x0000000008009898       0x4c build_Zomwar-application/io_cfg.o
                0x0000000008009898                io_eeprom_erase
 .text.internal_flash_unlock
                0x00000000080098e4       0x12 build_Zomwar-application/io_cfg.o
                0x00000000080098e4                internal_flash_unlock
 .text.internal_flash_lock
                0x00000000080098f6        0x4 build_Zomwar-application/io_cfg.o
                0x00000000080098f6                internal_flash_lock
 .text.internal_flash_erase_pages_cal
                0x00000000080098fa       0x24 build_Zomwar-application/io_cfg.o
                0x00000000080098fa                internal_flash_erase_pages_cal
 .text.internal_flash_write_cal
                0x000000000800991e       0x48 build_Zomwar-application/io_cfg.o
                0x000000000800991e                internal_flash_write_cal
 *fill*         0x0000000008009966        0x2 
 .text.io_uart2_cfg
                0x0000000008009968       0xbc build_Zomwar-application/io_cfg.o
                0x0000000008009968                io_uart2_cfg
 .text.io_uart_rs485_cfg
                0x0000000008009a24       0x78 build_Zomwar-application/io_cfg.o
                0x0000000008009a24                io_uart_rs485_cfg
 .text.io_rs485_dir_mode_output
                0x0000000008009a9c       0x30 build_Zomwar-application/io_cfg.o
                0x0000000008009a9c                io_rs485_dir_mode_output
 .text.io_rs485_dir_low
                0x0000000008009acc        0xc build_Zomwar-application/io_cfg.o
                0x0000000008009acc                io_rs485_dir_low
 .text.io_rs485_dir_high
                0x0000000008009ad8        0xc build_Zomwar-application/io_cfg.o
                0x0000000008009ad8                io_rs485_dir_high
 .text.SystemInit
                0x0000000008009ae4      0x114 build_Zomwar-application/system_stm32l1xx.o
                0x0000000008009ae4                SystemInit
 .text.SystemCoreClockUpdate
                0x0000000008009bf8       0x88 build_Zomwar-application/system_stm32l1xx.o
                0x0000000008009bf8                SystemCoreClockUpdate
 .text._Z27scr_es35sw_th_sensor_handleP8ak_msg_t
                0x0000000008009c80       0xd8 build_Zomwar-application/scr_es35sw_th_sensor.o
                0x0000000008009c80                scr_es35sw_th_sensor_handle(ak_msg_t*)
 .text._ZL25view_scr_es35sw_th_sensorv
                0x0000000008009d58      0x16c build_Zomwar-application/scr_es35sw_th_sensor.o
 .text._ZL13view_scr_idlev
                0x0000000008009ec4       0x34 build_Zomwar-application/scr_idle.o
 .text._ZN4ballC2Ev
                0x0000000008009ef8       0x5e build_Zomwar-application/scr_idle.o
                0x0000000008009ef8                ball::ball()
                0x0000000008009ef8                ball::ball()
 *fill*         0x0000000008009f56        0x2 
 .text._ZNSt6vectorI4ballSaIS0_EE17_M_realloc_insertIJRKS0_EEEvN9__gnu_cxx17__normal_iteratorIPS0_S2_EEDpOT_
                0x0000000008009f58      0x110 build_Zomwar-application/scr_idle.o
                0x0000000008009f58                void std::vector<ball, std::allocator<ball> >::_M_realloc_insert<ball const&>(__gnu_cxx::__normal_iterator<ball*, std::vector<ball, std::allocator<ball> > >, ball const&)
 .text._ZNSt6vectorI4ballSaIS0_EE9push_backERKS0_
                0x000000000800a068       0x2c build_Zomwar-application/scr_idle.o
                0x000000000800a068                std::vector<ball, std::allocator<ball> >::push_back(ball const&)
 .text._Z15scr_idle_handleP8ak_msg_t
                0x000000000800a094      0x1a0 build_Zomwar-application/scr_idle.o
                0x000000000800a094                scr_idle_handle(ak_msg_t*)
 .text.startup._GLOBAL__sub_I_dyn_view_idle
                0x000000000800a234       0x10 build_Zomwar-application/scr_idle.o
 .text.exit._GLOBAL__sub_D_dyn_view_idle
                0x000000000800a244       0x10 build_Zomwar-application/scr_idle.o
 .text._Z15scr_info_handleP8ak_msg_t
                0x000000000800a254       0x60 build_Zomwar-application/scr_info.o
                0x000000000800a254                scr_info_handle(ak_msg_t*)
 .text._ZL13view_scr_infov
                0x000000000800a2b4       0x78 build_Zomwar-application/scr_info.o
 .text._Z28scr_lhio404_io_device_handleP8ak_msg_t
                0x000000000800a32c       0xcc build_Zomwar-application/scr_lhio404_io_device.o
                0x000000000800a32c                scr_lhio404_io_device_handle(ak_msg_t*)
 .text._ZL26view_scr_lhio404_io_devicev
                0x000000000800a3f8      0x140 build_Zomwar-application/scr_lhio404_io_device.o
 .text._ZL16view_scr_startupv
                0x000000000800a538       0x94 build_Zomwar-application/scr_startup.o
 .text._Z18scr_startup_handleP8ak_msg_t
                0x000000000800a5cc       0x8c build_Zomwar-application/scr_startup.o
                0x000000000800a5cc                scr_startup_handle(ak_msg_t*)
 .text._ZL19view_scr_peashooterv
                0x000000000800a658       0x28 build_Zomwar-application/scr_peashooter.o
 .text._Z21scr_peashooter_handleP8ak_msg_t
                0x000000000800a680       0x18 build_Zomwar-application/scr_peashooter.o
                0x000000000800a680                scr_peashooter_handle(ak_msg_t*)
 .text._ZL15normalize_anglei
                0x000000000800a698       0x18 build_Zomwar-application/ball_escape.o
 .text._ZL14scoring_systemv
                0x000000000800a6b0       0x34 build_Zomwar-application/ball_escape.o
 .text._ZL12angle_in_gapiii.constprop.0
                0x000000000800a6e4       0x3c build_Zomwar-application/ball_escape.o
 .text._ZL18circle_hit_by_ballRK12circle_state.isra.0
                0x000000000800a720       0x34 build_Zomwar-application/ball_escape.o
 .text._ZNSt6vectorI12circle_stateSaIS0_EE17_M_realloc_insertIJRKS0_EEEvN9__gnu_cxx17__normal_iteratorIPS0_S2_EEDpOT_
                0x000000000800a754       0xa0 build_Zomwar-application/ball_escape.o
                0x000000000800a754                void std::vector<circle_state, std::allocator<circle_state> >::_M_realloc_insert<circle_state const&>(__gnu_cxx::__normal_iterator<circle_state*, std::vector<circle_state, std::allocator<circle_state> > >, circle_state const&)
 .text._ZL12spawn_circlev
                0x000000000800a7f4       0x44 build_Zomwar-application/ball_escape.o
 .text._ZNSt6vectorI12circle_stateSaIS0_EE8_M_eraseEN9__gnu_cxx17__normal_iteratorIPS0_S2_EE
                0x000000000800a838       0x22 build_Zomwar-application/ball_escape.o
                0x000000000800a838                std::vector<circle_state, std::allocator<circle_state> >::_M_erase(__gnu_cxx::__normal_iterator<circle_state*, std::vector<circle_state, std::allocator<circle_state> > >)
 *fill*         0x000000000800a85a        0x2 
 .text._ZL18update_ball_motionv
                0x000000000800a85c       0xf8 build_Zomwar-application/ball_escape.o
 .text.startup._GLOBAL__sub_I_pi
                0x000000000800a954       0x10 build_Zomwar-application/ball_escape.o
 .text.exit._GLOBAL__sub_D_pi
                0x000000000800a964       0x10 build_Zomwar-application/ball_escape.o
 .text._Z3arciiiii
                0x000000000800a974      0x1a8 build_Zomwar-application/ball_escape.o
                0x000000000800a974                arc(int, int, int, int, int)
 .text._ZL18view_circle_escapev
                0x000000000800ab1c      0x204 build_Zomwar-application/ball_escape.o
 .text._Z24scr_circle_escape_handleP8ak_msg_t
                0x000000000800ad20       0xf8 build_Zomwar-application/ball_escape.o
                0x000000000800ad20                scr_circle_escape_handle(ak_msg_t*)
 .text._ZL20view_scr_charts_gamev
                0x000000000800ae18       0x90 build_Zomwar-application/scr_score.o
 .text._Z22scr_charts_game_handleP8ak_msg_t
                0x000000000800aea8       0x68 build_Zomwar-application/scr_score.o
                0x000000000800aea8                scr_charts_game_handle(ak_msg_t*)
 .text._Z11task_systemP8ak_msg_t
                0x000000000800af10       0x44 build_Zomwar-application/task_system.o
                0x000000000800af10                task_system(ak_msg_t*)
 .text.main_app
                0x000000000800af54      0x294 build_Zomwar-application/app.o
                0x000000000800af54                main_app
 .text._Z19task_polling_zigbeev
                0x000000000800b1e8        0x2 build_Zomwar-application/app.o
                0x000000000800b1e8                task_polling_zigbee()
 *fill*         0x000000000800b1ea        0x2 
 .text._Z20task_polling_consolev
                0x000000000800b1ec       0xd8 build_Zomwar-application/app.o
                0x000000000800b1ec                task_polling_console()
 .text.sys_irq_timer_10ms
                0x000000000800b2c4       0x24 build_Zomwar-application/app.o
                0x000000000800b2c4                sys_irq_timer_10ms
 .text.ar_game_score_read
                0x000000000800b2e8       0x54 build_Zomwar-application/app_eeprom.o
                0x000000000800b2e8                ar_game_score_read
 .text.ar_game_score_write
                0x000000000800b33c       0x40 build_Zomwar-application/app_eeprom.o
                0x000000000800b33c                ar_game_score_write
 .text._Z17btn_mode_callbackPv
                0x000000000800b37c       0x3c build_Zomwar-application/app_bsp.o
                0x000000000800b37c                btn_mode_callback(void*)
 .text._Z15btn_up_callbackPv
                0x000000000800b3b8       0x3c build_Zomwar-application/app_bsp.o
                0x000000000800b3b8                btn_up_callback(void*)
 .text._Z17btn_down_callbackPv
                0x000000000800b3f4       0x3c build_Zomwar-application/app_bsp.o
                0x000000000800b3f4                btn_down_callback(void*)
 .text._Z22updateDataModbusDeviceP21ModbusDeviceStructure
                0x000000000800b430       0xc4 build_Zomwar-application/app_modbus_pull.o
                0x000000000800b430                updateDataModbusDevice(ModbusDeviceStructure*)
 .text._ZL19str_parser_get_attrh
                0x000000000800b4f4       0x1c build_Zomwar-application/shell.o
 .text._Z9shell_sttPh
                0x000000000800b510        0x4 build_Zomwar-application/shell.o
                0x000000000800b510                shell_stt(unsigned char*)
 .text._Z9shell_psvPh
                0x000000000800b514       0x14 build_Zomwar-application/shell.o
                0x000000000800b514                shell_psv(unsigned char*)
 .text._Z11shell_resetPh
                0x000000000800b528       0x10 build_Zomwar-application/shell.o
                0x000000000800b528                shell_reset(unsigned char*)
 .text._Z10shell_helpPh
                0x000000000800b538       0x30 build_Zomwar-application/shell.o
                0x000000000800b538                shell_help(unsigned char*)
 .text._Z9shell_verPh
                0x000000000800b568      0x118 build_Zomwar-application/shell.o
                0x000000000800b568                shell_ver(unsigned char*)
 .text._Z12shell_rebootPh
                0x000000000800b680       0x10 build_Zomwar-application/shell.o
                0x000000000800b680                shell_reboot(unsigned char*)
 .text._ZL10str_parserPc
                0x000000000800b690       0x60 build_Zomwar-application/shell.o
 .text._Z11shell_fatalPh
                0x000000000800b6f0      0x2f4 build_Zomwar-application/shell.o
                0x000000000800b6f0                shell_fatal(unsigned char*)
 .text._Z11shell_flashPh
                0x000000000800b9e4      0x150 build_Zomwar-application/shell.o
                0x000000000800b9e4                shell_flash(unsigned char*)
 .text._Z9shell_epsPh
                0x000000000800bb34       0xd0 build_Zomwar-application/shell.o
                0x000000000800bb34                shell_eps(unsigned char*)
 .text._Z9shell_ramPh
                0x000000000800bc04      0x20c build_Zomwar-application/shell.o
                0x000000000800bc04                shell_ram(unsigned char*)
 .text._Z10shell_bootPh
                0x000000000800be10       0xdc build_Zomwar-application/shell.o
                0x000000000800be10                shell_boot(unsigned char*)
 .text._Z9shell_fwuPh
                0x000000000800beec       0x34 build_Zomwar-application/shell.o
                0x000000000800beec                shell_fwu(unsigned char*)
 .text._Z12shell_buzzerPh
                0x000000000800bf20       0x88 build_Zomwar-application/shell.o
                0x000000000800bf20                shell_buzzer(unsigned char*)
 .text._Z9shell_dbgPh
                0x000000000800bfa8       0x38 build_Zomwar-application/shell.o
                0x000000000800bfa8                shell_dbg(unsigned char*)
 .text._Z12shell_modbusPh
                0x000000000800bfe0       0xe0 build_Zomwar-application/shell.o
                0x000000000800bfe0                shell_modbus(unsigned char*)
 .text._Z9shell_epiPh
                0x000000000800c0c0        0x4 build_Zomwar-application/shell.o
                0x000000000800c0c0                shell_epi(unsigned char*)
 .text._Z9shell_lcdPh
                0x000000000800c0c4      0x15c build_Zomwar-application/shell.o
                0x000000000800c0c4                shell_lcd(unsigned char*)
 .text.sys_irq_shell
                0x000000000800c220       0x2c build_Zomwar-application/task_shell.o
                0x000000000800c220                sys_irq_shell
 .text._Z10task_shellP8ak_msg_t
                0x000000000800c24c       0x7c build_Zomwar-application/task_shell.o
                0x000000000800c24c                task_shell(ak_msg_t*)
 .text._Z9task_lifeP8ak_msg_t
                0x000000000800c2c8       0x20 build_Zomwar-application/task_life.o
                0x000000000800c2c8                task_life(ak_msg_t*)
 .text._Z7task_fwP8ak_msg_t
                0x000000000800c2e8      0x490 build_Zomwar-application/task_fw.o
                0x000000000800c2e8                task_fw(ak_msg_t*)
 .text._Z12task_displayP8ak_msg_t
                0x000000000800c778        0x4 build_Zomwar-application/task_display.o
                0x000000000800c778                task_display(ak_msg_t*)
 .text._Z7task_ifP8ak_msg_t
                0x000000000800c77c       0xe4 build_Zomwar-application/task_if.o
                0x000000000800c77c                task_if(ak_msg_t*)
 .text._Z12task_rf24_ifP8ak_msg_t
                0x000000000800c860        0x2 build_Zomwar-application/task_rf24_if.o
                0x000000000800c860                task_rf24_if(ak_msg_t*)
 *fill*         0x000000000800c862        0x2 
 .text._Z12task_uart_ifP8ak_msg_t
                0x000000000800c864       0xc4 build_Zomwar-application/task_uart_if.o
                0x000000000800c864                task_uart_if(ak_msg_t*)
 .text._Z8task_dbgP8ak_msg_t
                0x000000000800c928        0x2 build_Zomwar-application/task_dbg.o
                0x000000000800c928                task_dbg(ak_msg_t*)
 .text._ZL19view_render_dynamicPv
                0x000000000800c92a        0xa build_Zomwar-application/view_render.o
 .text._Z22view_render_display_onv
                0x000000000800c934        0xc build_Zomwar-application/view_render.o
                0x000000000800c934                view_render_display_on()
 .text.startup._GLOBAL__sub_I_view_render
                0x000000000800c940        0xc build_Zomwar-application/view_render.o
 .text.exit._GLOBAL__sub_D_view_render
                0x000000000800c94c        0xc build_Zomwar-application/view_render.o
 .text._Z18view_render_screenP13view_screen_t
                0x000000000800c958       0x68 build_Zomwar-application/view_render.o
                0x000000000800c958                view_render_screen(view_screen_t*)
 .text._ZL21view_render_rectanglePv
                0x000000000800c9c0       0xe8 build_Zomwar-application/view_render.o
 .text._Z12scr_mng_ctorP9scr_mng_tPFvP8ak_msg_tEP13view_screen_t
                0x000000000800caa8       0x20 build_Zomwar-application/screen_manager.o
                0x000000000800caa8                scr_mng_ctor(scr_mng_t*, void (*)(ak_msg_t*), view_screen_t*)
 .text._Z16scr_mng_dispatchP8ak_msg_t
                0x000000000800cac8       0x48 build_Zomwar-application/screen_manager.o
                0x000000000800cac8                scr_mng_dispatch(ak_msg_t*)
 .text._Z12scr_mng_tranPFvP8ak_msg_tEP13view_screen_t
                0x000000000800cb10       0x44 build_Zomwar-application/screen_manager.o
                0x000000000800cb10                scr_mng_tran(void (*)(ak_msg_t*), view_screen_t*)
 .text._ZN12Adafruit_GFX8drawLineEsssst
                0x000000000800cb54       0xbe build_Zomwar-application/Adafruit_GFX.o
                0x000000000800cb54                Adafruit_GFX::drawLine(short, short, short, short, unsigned short)
 .text._ZN12Adafruit_GFX8drawRectEsssst
                0x000000000800cc12       0x68 build_Zomwar-application/Adafruit_GFX.o
                0x000000000800cc12                Adafruit_GFX::drawRect(short, short, short, short, unsigned short)
 .text._ZN12Adafruit_GFX13drawFastVLineEssst
                0x000000000800cc7a       0x1c build_Zomwar-application/Adafruit_GFX.o
                0x000000000800cc7a                Adafruit_GFX::drawFastVLine(short, short, short, unsigned short)
 .text._ZN12Adafruit_GFX13drawFastHLineEssst
                0x000000000800cc96       0x1a build_Zomwar-application/Adafruit_GFX.o
                0x000000000800cc96                Adafruit_GFX::drawFastHLine(short, short, short, unsigned short)
 .text._ZN12Adafruit_GFX8fillRectEsssst
                0x000000000800ccb0       0x38 build_Zomwar-application/Adafruit_GFX.o
                0x000000000800ccb0                Adafruit_GFX::fillRect(short, short, short, short, unsigned short)
 .text._ZN12Adafruit_GFX10fillScreenEt
                0x000000000800cce8       0x1c build_Zomwar-application/Adafruit_GFX.o
                0x000000000800cce8                Adafruit_GFX::fillScreen(unsigned short)
 .text._ZN12Adafruit_GFXC2Ess
                0x000000000800cd04       0x28 build_Zomwar-application/Adafruit_GFX.o
                0x000000000800cd04                Adafruit_GFX::Adafruit_GFX(short, short)
                0x000000000800cd04                Adafruit_GFX::Adafruit_GFX(short, short)
 .text._ZN12Adafruit_GFX10drawCircleEssst
                0x000000000800cd2c      0x172 build_Zomwar-application/Adafruit_GFX.o
                0x000000000800cd2c                Adafruit_GFX::drawCircle(short, short, short, unsigned short)
 .text._ZN12Adafruit_GFX16drawCircleHelperEsssht
                0x000000000800ce9e      0x17a build_Zomwar-application/Adafruit_GFX.o
                0x000000000800ce9e                Adafruit_GFX::drawCircleHelper(short, short, short, unsigned char, unsigned short)
 .text._ZN12Adafruit_GFX16fillCircleHelperEssshst
                0x000000000800d018      0x124 build_Zomwar-application/Adafruit_GFX.o
                0x000000000800d018                Adafruit_GFX::fillCircleHelper(short, short, short, unsigned char, short, unsigned short)
 .text._ZN12Adafruit_GFX13drawRoundRectEssssst
                0x000000000800d13c      0x10e build_Zomwar-application/Adafruit_GFX.o
                0x000000000800d13c                Adafruit_GFX::drawRoundRect(short, short, short, short, short, unsigned short)
 .text._ZN12Adafruit_GFX13fillRoundRectEssssst
                0x000000000800d24a       0x88 build_Zomwar-application/Adafruit_GFX.o
                0x000000000800d24a                Adafruit_GFX::fillRoundRect(short, short, short, short, short, unsigned short)
 .text._ZN12Adafruit_GFX10drawBitmapEssPKhsst
                0x000000000800d2d2       0x92 build_Zomwar-application/Adafruit_GFX.o
                0x000000000800d2d2                Adafruit_GFX::drawBitmap(short, short, unsigned char const*, short, short, unsigned short)
 .text._ZN12Adafruit_GFX8drawCharEsshtth
                0x000000000800d364      0x108 build_Zomwar-application/Adafruit_GFX.o
                0x000000000800d364                Adafruit_GFX::drawChar(short, short, unsigned char, unsigned short, unsigned short, unsigned char)
 .text._ZN12Adafruit_GFX5writeEh
                0x000000000800d46c       0x64 build_Zomwar-application/Adafruit_GFX.o
                0x000000000800d46c                Adafruit_GFX::write(unsigned char)
 .text._ZN12Adafruit_GFX9setCursorEss
                0x000000000800d4d0        0x6 build_Zomwar-application/Adafruit_GFX.o
                0x000000000800d4d0                Adafruit_GFX::setCursor(short, short)
 .text._ZN12Adafruit_GFX11setTextSizeEh
                0x000000000800d4d6        0xa build_Zomwar-application/Adafruit_GFX.o
                0x000000000800d4d6                Adafruit_GFX::setTextSize(unsigned char)
 .text._ZN12Adafruit_GFX12setTextColorEt
                0x000000000800d4e0        0x6 build_Zomwar-application/Adafruit_GFX.o
                0x000000000800d4e0                Adafruit_GFX::setTextColor(unsigned short)
 .text._ZN12Adafruit_GFX5widthEv
                0x000000000800d4e6        0x6 build_Zomwar-application/Adafruit_GFX.o
                0x000000000800d4e6                Adafruit_GFX::width()
 .text._ZN12Adafruit_GFX6heightEv
                0x000000000800d4ec        0x6 build_Zomwar-application/Adafruit_GFX.o
                0x000000000800d4ec                Adafruit_GFX::height()
 .text._ZN17Adafruit_oled_drv9updateRowEii
                0x000000000800d4f2       0x1e build_Zomwar-application/Adafruit_oled_drv.o
                0x000000000800d4f2                Adafruit_oled_drv::updateRow(int, int)
 .text._ZN17Adafruit_oled_drv9drawPixelEsst
                0x000000000800d510       0x52 build_Zomwar-application/Adafruit_oled_drv.o
                0x000000000800d510                Adafruit_oled_drv::drawPixel(short, short, unsigned short)
 *fill*         0x000000000800d562        0x2 
 .text._ZN17Adafruit_oled_drvC2Ev
                0x000000000800d564       0x28 build_Zomwar-application/Adafruit_oled_drv.o
                0x000000000800d564                Adafruit_oled_drv::Adafruit_oled_drv()
                0x000000000800d564                Adafruit_oled_drv::Adafruit_oled_drv()
 .text._ZN17Adafruit_oled_drvD2Ev
                0x000000000800d58c        0x2 build_Zomwar-application/Adafruit_oled_drv.o
                0x000000000800d58c                Adafruit_oled_drv::~Adafruit_oled_drv()
                0x000000000800d58c                Adafruit_oled_drv::~Adafruit_oled_drv()
 .text._ZN17Adafruit_oled_drv5clearEb
                0x000000000800d58e       0x22 build_Zomwar-application/Adafruit_oled_drv.o
                0x000000000800d58e                Adafruit_oled_drv::clear(bool)
 .text._ZN17Adafruit_oled_drv9writeByteEh
                0x000000000800d5b0       0x54 build_Zomwar-application/Adafruit_oled_drv.o
                0x000000000800d5b0                Adafruit_oled_drv::writeByte(unsigned char)
 .text._ZN17Adafruit_oled_drv8startIICEv
                0x000000000800d604       0x2c build_Zomwar-application/Adafruit_oled_drv.o
                0x000000000800d604                Adafruit_oled_drv::startIIC()
 .text._ZN17Adafruit_oled_drv7stopIICEv
                0x000000000800d630       0x2c build_Zomwar-application/Adafruit_oled_drv.o
                0x000000000800d630                Adafruit_oled_drv::stopIIC()
 .text._ZN17Adafruit_oled_drv12writeCommandEh
                0x000000000800d65c       0x2c build_Zomwar-application/Adafruit_oled_drv.o
                0x000000000800d65c                Adafruit_oled_drv::writeCommand(unsigned char)
 .text._ZN17Adafruit_oled_drv10initializeEv
                0x000000000800d688      0x120 build_Zomwar-application/Adafruit_oled_drv.o
                0x000000000800d688                Adafruit_oled_drv::initialize()
 .text._ZN17Adafruit_oled_drv10display_onEv
                0x000000000800d7a8        0x6 build_Zomwar-application/Adafruit_oled_drv.o
                0x000000000800d7a8                Adafruit_oled_drv::display_on()
 .text._ZN17Adafruit_oled_drv11display_offEv
                0x000000000800d7ae        0x6 build_Zomwar-application/Adafruit_oled_drv.o
                0x000000000800d7ae                Adafruit_oled_drv::display_off()
 .text._ZN17Adafruit_oled_drv17startDataSequenceEv
                0x000000000800d7b4       0x1c build_Zomwar-application/Adafruit_oled_drv.o
                0x000000000800d7b4                Adafruit_oled_drv::startDataSequence()
 .text._ZN17Adafruit_oled_drv6updateEv
                0x000000000800d7d0       0x70 build_Zomwar-application/Adafruit_oled_drv.o
                0x000000000800d7d0                Adafruit_oled_drv::update()
 .text._ZN17Adafruit_oled_drv9updateRowEi
                0x000000000800d840       0x6c build_Zomwar-application/Adafruit_oled_drv.o
                0x000000000800d840                Adafruit_oled_drv::updateRow(int)
 .text.eeprom_read
                0x000000000800d8ac        0x4 build_Zomwar-application/eeprom.o
                0x000000000800d8ac                eeprom_read
 .text.eeprom_write
                0x000000000800d8b0        0x4 build_Zomwar-application/eeprom.o
                0x000000000800d8b0                eeprom_write
 .text.eeprom_erase
                0x000000000800d8b4        0x4 build_Zomwar-application/eeprom.o
                0x000000000800d8b4                eeprom_erase
 .text._ZL19link_hal_write_byteh
                0x000000000800d8b8        0x2 build_Zomwar-application/link_hal.o
 .text._ZL17link_hal_rev_byteh
                0x000000000800d8ba        0x4 build_Zomwar-application/link_hal.o
 *fill*         0x000000000800d8be        0x2 
 .text._Z23link_hal_reg_write_bytePFhhE
                0x000000000800d8c0       0x28 build_Zomwar-application/link_hal.o
                0x000000000800d8c0                link_hal_reg_write_byte(unsigned char (*)(unsigned char))
 .text._Z21link_hal_reg_rev_bytePFhhE
                0x000000000800d8e8       0x28 build_Zomwar-application/link_hal.o
                0x000000000800d8e8                link_hal_reg_rev_byte(unsigned char (*)(unsigned char))
 .text._ZL21fsm_link_state_handleP8ak_msg_t
                0x000000000800d910      0x2b0 build_Zomwar-application/link.o
 .text._ZL19fsm_link_state_initP8ak_msg_t
                0x000000000800dbc0       0x80 build_Zomwar-application/link.o
 .text._Z9task_linkP8ak_msg_t
                0x000000000800dc40        0xc build_Zomwar-application/link.o
                0x000000000800dc40                task_link(ak_msg_t*)
 .text._Z23link_init_state_machinev
                0x000000000800dc4c       0x2c build_Zomwar-application/link.o
                0x000000000800dc4c                link_init_state_machine()
 .text._ZL23link_mac_frame_send_reqv
                0x000000000800dc78       0x3c build_Zomwar-application/link_mac.o
 .text._ZL23link_mac_frame_send_endv
                0x000000000800dcb4       0x34 build_Zomwar-application/link_mac.o
 .text._ZL28link_mac_frame_cals_checksumP16link_mac_frame_t.constprop.0
                0x000000000800dce8       0x38 build_Zomwar-application/link_mac.o
 .text._Z25fsm_link_mac_state_handleP8ak_msg_t
                0x000000000800dd20      0x2b8 build_Zomwar-application/link_mac.o
                0x000000000800dd20                fsm_link_mac_state_handle(ak_msg_t*)
 .text._Z13task_link_macP8ak_msg_t
                0x000000000800dfd8        0xc build_Zomwar-application/link_mac.o
                0x000000000800dfd8                task_link_mac(ak_msg_t*)
 .text._Z23fsm_link_mac_state_initP8ak_msg_t
                0x000000000800dfe4       0x88 build_Zomwar-application/link_mac.o
                0x000000000800dfe4                fsm_link_mac_state_init(ak_msg_t*)
 .text._ZL26link_phy_frame_write_blockPhm
                0x000000000800e06c       0x1c build_Zomwar-application/link_phy.o
 .text._ZL20link_phy_frame_writeP16link_phy_frame_t
                0x000000000800e088       0x1c build_Zomwar-application/link_phy.o
 .text._ZL28link_phy_frame_cals_checksumP16link_phy_frame_t
                0x000000000800e0a4       0x38 build_Zomwar-application/link_phy.o
 .text._ZL25link_phy_frame_write_byteh
                0x000000000800e0dc        0xc build_Zomwar-application/link_phy.o
 .text._ZL26ac_link_phy_frame_rev_byteh
                0x000000000800e0e8      0x100 build_Zomwar-application/link_phy.o
 .text._ZL19link_phy_frame_sendv
                0x000000000800e1e8       0x2c build_Zomwar-application/link_phy.o
 .text._Z25fsm_link_phy_state_handleP8ak_msg_t
                0x000000000800e214      0x1f0 build_Zomwar-application/link_phy.o
                0x000000000800e214                fsm_link_phy_state_handle(ak_msg_t*)
 .text._Z13task_link_phyP8ak_msg_t
                0x000000000800e404        0xc build_Zomwar-application/link_phy.o
                0x000000000800e404                task_link_phy(ak_msg_t*)
 .text._Z23fsm_link_phy_state_initP8ak_msg_t
                0x000000000800e410       0x90 build_Zomwar-application/link_phy.o
                0x000000000800e410                fsm_link_phy_state_init(ak_msg_t*)
 .text._Z26link_phy_get_send_frame_tov
                0x000000000800e4a0       0x10 build_Zomwar-application/link_phy.o
                0x000000000800e4a0                link_phy_get_send_frame_to()
 .text._Z13link_pdu_initv
                0x000000000800e4b0       0x54 build_Zomwar-application/link_data.o
                0x000000000800e4b0                link_pdu_init()
 .text._Z15link_pdu_mallocv
                0x000000000800e504       0x24 build_Zomwar-application/link_data.o
                0x000000000800e504                link_pdu_malloc()
 .text._Z12link_pdu_getm
                0x000000000800e528       0x3c build_Zomwar-application/link_data.o
                0x000000000800e528                link_pdu_get(unsigned long)
 .text._Z13link_pdu_freem
                0x000000000800e564       0x4c build_Zomwar-application/link_data.o
                0x000000000800e564                link_pdu_free(unsigned long)
 .text._Z17link_get_src_addrv
                0x000000000800e5b0       0x18 build_Zomwar-application/link_data.o
                0x000000000800e5b0                link_get_src_addr()
 .text._Z17link_get_des_addrv
                0x000000000800e5c8       0x18 build_Zomwar-application/link_data.o
                0x000000000800e5c8                link_get_des_addr()
 .text._Z7pinModehh
                0x000000000800e5e0       0x84 build_Zomwar-application/wiring_digital.o
                0x000000000800e5e0                pinMode(unsigned char, unsigned char)
 .text._Z12digitalWritehh
                0x000000000800e664       0x78 build_Zomwar-application/wiring_digital.o
                0x000000000800e664                digitalWrite(unsigned char, unsigned char)
 .text._ZN5Print5writeEPKhj
                0x000000000800e6dc       0x22 build_Zomwar-application/Print.o
                0x000000000800e6dc                Print::write(unsigned char const*, unsigned int)
 .text._ZN5Print5writeEPKc
                0x000000000800e6fe       0x20 build_Zomwar-application/Print.o
                0x000000000800e6fe                Print::write(char const*)
 .text._ZN5Print5printEPKc
                0x000000000800e71e        0x8 build_Zomwar-application/Print.o
                0x000000000800e71e                Print::print(char const*)
 .text._ZN5Print5printEc
                0x000000000800e726        0x6 build_Zomwar-application/Print.o
                0x000000000800e726                Print::print(char)
 .text._ZN5Print11printNumberEmh
                0x000000000800e72c       0x3a build_Zomwar-application/Print.o
                0x000000000800e72c                Print::printNumber(unsigned long, unsigned char)
 .text._ZN5Print5printEli.part.0
                0x000000000800e766       0x28 build_Zomwar-application/Print.o
 .text._ZN5Print5printEli
                0x000000000800e78e       0x20 build_Zomwar-application/Print.o
                0x000000000800e78e                Print::print(long, int)
 .text._ZN5Print5printEii
                0x000000000800e7ae        0x4 build_Zomwar-application/Print.o
                0x000000000800e7ae                Print::print(int, int)
 .text._ZN5Print5printEmi
                0x000000000800e7b2       0x16 build_Zomwar-application/Print.o
                0x000000000800e7b2                Print::print(unsigned long, int)
 .text._ZN14HardwareSerial9availableEv
                0x000000000800e7c8        0xa build_Zomwar-application/HardwareSerial.o
                0x000000000800e7c8                HardwareSerial::available()
 .text._ZN14HardwareSerial4peekEv
                0x000000000800e7d2       0x14 build_Zomwar-application/HardwareSerial.o
                0x000000000800e7d2                HardwareSerial::peek()
 .text._ZN14HardwareSerial4readEv
                0x000000000800e7e6       0x20 build_Zomwar-application/HardwareSerial.o
                0x000000000800e7e6                HardwareSerial::read()
 .text._ZN14HardwareSerial5flushEv
                0x000000000800e806        0x2 build_Zomwar-application/HardwareSerial.o
                0x000000000800e806                HardwareSerial::flush()
 .text._ZN14HardwareSerial17availableForWriteEv
                0x000000000800e808       0x26 build_Zomwar-application/HardwareSerial.o
                0x000000000800e808                HardwareSerial::availableForWrite()
 .text._ZN14HardwareSerial5writeEh
                0x000000000800e82e       0x30 build_Zomwar-application/HardwareSerial.o
                0x000000000800e82e                HardwareSerial::write(unsigned char)
 *fill*         0x000000000800e85e        0x2 
 .text._ZL20serial2_trigger_putcv
                0x000000000800e860       0x10 build_Zomwar-application/HardwareSerial2.o
 .text.startup._GLOBAL__sub_I_Serial2
                0x000000000800e870       0x34 build_Zomwar-application/HardwareSerial2.o
 .text._ZN8SPIClass9io_configEv
                0x000000000800e8a4       0x68 build_Zomwar-application/SPI.o
                0x000000000800e8a4                SPIClass::io_config()
 .text._ZN8SPIClass5beginEv
                0x000000000800e90c       0xd0 build_Zomwar-application/SPI.o
                0x000000000800e90c                SPIClass::begin()
 .text.startup._GLOBAL__sub_I__ZN8SPIClassC2Ev
                0x000000000800e9dc       0x14 build_Zomwar-application/SPI.o
 .text._ZN7TwoWire9availableEv
                0x000000000800e9f0       0x14 build_Zomwar-application/Wire.o
                0x000000000800e9f0                TwoWire::available()
 .text._ZN7TwoWire4readEv
                0x000000000800ea04       0x28 build_Zomwar-application/Wire.o
                0x000000000800ea04                TwoWire::read()
 .text._ZN7TwoWire4peekEv
                0x000000000800ea2c       0x24 build_Zomwar-application/Wire.o
                0x000000000800ea2c                TwoWire::peek()
 .text._ZN7TwoWire5flushEv
                0x000000000800ea50        0x2 build_Zomwar-application/Wire.o
                0x000000000800ea50                TwoWire::flush()
 *fill*         0x000000000800ea52        0x2 
 .text._ZN7TwoWire5writeEh
                0x000000000800ea54       0x54 build_Zomwar-application/Wire.o
                0x000000000800ea54                TwoWire::write(unsigned char)
 .text._ZN7TwoWire5writeEPKhj
                0x000000000800eaa8       0x34 build_Zomwar-application/Wire.o
                0x000000000800eaa8                TwoWire::write(unsigned char const*, unsigned int)
 .text.startup._GLOBAL__sub_I__ZN7TwoWire8rxBufferE
                0x000000000800eadc       0x1c build_Zomwar-application/Wire.o
 .text._Z12twi_transmitPKhh
                0x000000000800eaf8       0x44 build_Zomwar-application/twi.o
                0x000000000800eaf8                twi_transmit(unsigned char const*, unsigned char)
 .text.__cxa_pure_virtual
                0x000000000800eb3c       0x1c build_Zomwar-application/mini_cpp.o
                0x000000000800eb3c                __cxa_pure_virtual
 .text._Znwj    0x000000000800eb58        0x4 build_Zomwar-application/mini_cpp.o
                0x000000000800eb58                operator new(unsigned int)
 .text._ZdlPv   0x000000000800eb5c        0x4 build_Zomwar-application/mini_cpp.o
                0x000000000800eb5c                operator delete(void*)
 .text._sbrk    0x000000000800eb60       0x1c build_Zomwar-application/mini_cpp.o
                0x000000000800eb60                _sbrk
 .text.malloc   0x000000000800eb7c       0x10 /home/josef/Downloads/gcc-arm-none-eabi-10.3-2021.10-x86_64-linux/gcc-arm-none-eabi-10.3-2021.10/arm-none-eabi/lib/thumb/v7-m/nofp/libc.a(lib_a-malloc.o)
                0x000000000800eb7c                malloc
 .text.free     0x000000000800eb8c       0x10 /home/josef/Downloads/gcc-arm-none-eabi-10.3-2021.10-x86_64-linux/gcc-arm-none-eabi-10.3-2021.10/arm-none-eabi/lib/thumb/v7-m/nofp/libc.a(lib_a-malloc.o)
                0x000000000800eb8c                free
 .text._malloc_r
                0x000000000800eb9c      0x558 /home/josef/Downloads/gcc-arm-none-eabi-10.3-2021.10-x86_64-linux/gcc-arm-none-eabi-10.3-2021.10/arm-none-eabi/lib/thumb/v7-m/nofp/libc.a(lib_a-mallocr.o)
                0x000000000800eb9c                _malloc_r
 .text.memcmp   0x000000000800f0f4       0x68 /home/josef/Downloads/gcc-arm-none-eabi-10.3-2021.10-x86_64-linux/gcc-arm-none-eabi-10.3-2021.10/arm-none-eabi/lib/thumb/v7-m/nofp/libc.a(lib_a-memcmp.o)
                0x000000000800f0f4                memcmp
 .text.memmove  0x000000000800f15c       0xf8 /home/josef/Downloads/gcc-arm-none-eabi-10.3-2021.10-x86_64-linux/gcc-arm-none-eabi-10.3-2021.10/arm-none-eabi/lib/thumb/v7-m/nofp/libc.a(lib_a-memmove.o)
                0x000000000800f15c                memmove
 .text.memset   0x000000000800f254       0xa4 /home/josef/Downloads/gcc-arm-none-eabi-10.3-2021.10-x86_64-linux/gcc-arm-none-eabi-10.3-2021.10/arm-none-eabi/lib/thumb/v7-m/nofp/libc.a(lib_a-memset.o)
                0x000000000800f254                memset
 .text.__malloc_lock
                0x000000000800f2f8        0xc /home/josef/Downloads/gcc-arm-none-eabi-10.3-2021.10-x86_64-linux/gcc-arm-none-eabi-10.3-2021.10/arm-none-eabi/lib/thumb/v7-m/nofp/libc.a(lib_a-mlock.o)
                0x000000000800f2f8                __malloc_lock
 .text.__malloc_unlock
                0x000000000800f304        0xc /home/josef/Downloads/gcc-arm-none-eabi-10.3-2021.10-x86_64-linux/gcc-arm-none-eabi-10.3-2021.10/arm-none-eabi/lib/thumb/v7-m/nofp/libc.a(lib_a-mlock.o)
                0x000000000800f304                __malloc_unlock
 .text.rand     0x000000000800f310       0x38 /home/josef/Downloads/gcc-arm-none-eabi-10.3-2021.10-x86_64-linux/gcc-arm-none-eabi-10.3-2021.10/arm-none-eabi/lib/thumb/v7-m/nofp/libc.a(lib_a-rand.o)
                0x000000000800f310                rand