Archive member included to satisfy reference by file (symbol)

/home/josef/Downloads/gcc-arm-none-eabi-10.3-2021.10-x86_64-linux/gcc-arm-none-eabi-10.3-2021.10/arm-none-eabi/lib/thumb/v7-m/nofp/libc.a(lib_a-atof.o)
                              build_Zomwar-application/WString.o (atof)
/home/josef/Downloads/gcc-arm-none-eabi-10.3-2021.10-x86_64-linux/gcc-arm-none-eabi-10.3-2021.10/arm-none-eabi/lib/thumb/v7-m/nofp/libc.a(lib_a-atol.o)
                              build_Zomwar-application/WString.o (atol)
/home/josef/Downloads/gcc-arm-none-eabi-10.3-2021.10-x86_64-linux/gcc-arm-none-eabi-10.3-2021.10/arm-none-eabi/lib/thumb/v7-m/nofp/libc.a(lib_a-isspace.o)
                              build_Zomwar-application/WString.o (isspace)
/home/josef/Downloads/gcc-arm-none-eabi-10.3-2021.10-x86_64-linux/gcc-arm-none-eabi-10.3-2021.10/arm-none-eabi/lib/thumb/v7-m/nofp/libc.a(lib_a-malloc.o)
                              build_Zomwar-application/message.o (malloc)
/home/josef/Downloads/gcc-arm-none-eabi-10.3-2021.10-x86_64-linux/gcc-arm-none-eabi-10.3-2021.10/arm-none-eabi/lib/thumb/v7-m/nofp/libc.a(lib_a-mallocr.o)
                              /home/josef/Downloads/gcc-arm-none-eabi-10.3-2021.10-x86_64-linux/gcc-arm-none-eabi-10.3-2021.10/arm-none-eabi/lib/thumb/v7-m/nofp/libc.a(lib_a-malloc.o) (_malloc_r)
/home/josef/Downloads/gcc-arm-none-eabi-10.3-2021.10-x86_64-linux/gcc-arm-none-eabi-10.3-2021.10/arm-none-eabi/lib/thumb/v7-m/nofp/libc.a(lib_a-memcmp.o)
                              build_Zomwar-application/mbmfuncfiles.o (memcmp)
/home/josef/Downloads/gcc-arm-none-eabi-10.3-2021.10-x86_64-linux/gcc-arm-none-eabi-10.3-2021.10/arm-none-eabi/lib/thumb/v7-m/nofp/libc.a(lib_a-memcpy.o)
                              build_Zomwar-application/message.o (memcpy)
/home/josef/Downloads/gcc-arm-none-eabi-10.3-2021.10-x86_64-linux/gcc-arm-none-eabi-10.3-2021.10/arm-none-eabi/lib/thumb/v7-m/nofp/libc.a(lib_a-memmove.o)
                              build_Zomwar-application/ball_escape.o (memmove)
/home/josef/Downloads/gcc-arm-none-eabi-10.3-2021.10-x86_64-linux/gcc-arm-none-eabi-10.3-2021.10/arm-none-eabi/lib/thumb/v7-m/nofp/libc.a(lib_a-memset.o)
                              build_Zomwar-application/task.o (memset)
/home/josef/Downloads/gcc-arm-none-eabi-10.3-2021.10-x86_64-linux/gcc-arm-none-eabi-10.3-2021.10/arm-none-eabi/lib/thumb/v7-m/nofp/libc.a(lib_a-mlock.o)
                              /home/josef/Downloads/gcc-arm-none-eabi-10.3-2021.10-x86_64-linux/gcc-arm-none-eabi-10.3-2021.10/arm-none-eabi/lib/thumb/v7-m/nofp/libc.a(lib_a-mallocr.o) (__malloc_lock)
/home/josef/Downloads/gcc-arm-none-eabi-10.3-2021.10-x86_64-linux/gcc-arm-none-eabi-10.3-2021.10/arm-none-eabi/lib/thumb/v7-m/nofp/libc.a(lib_a-rand.o)
                              build_Zomwar-application/WMath.o (srand)
/home/josef/Downloads/gcc-arm-none-eabi-10.3-2021.10-x86_64-linux/gcc-arm-none-eabi-10.3-2021.10/arm-none-eabi/lib/thumb/v7-m/nofp/libc.a(lib_a-realloc.o)
                              build_Zomwar-application/WString.o (realloc)
/home/josef/Downloads/gcc-arm-none-eabi-10.3-2021.10-x86_64-linux/gcc-arm-none-eabi-10.3-2021.10/arm-none-eabi/lib/thumb/v7-m/nofp/libc.a(lib_a-reallocr.o)
                              /home/josef/Downloads/gcc-arm-none-eabi-10.3-2021.10-x86_64-linux/gcc-arm-none-eabi-10.3-2021.10/arm-none-eabi/lib/thumb/v7-m/nofp/libc.a(lib_a-realloc.o) (_realloc_r)
/home/josef/Downloads/gcc-arm-none-eabi-10.3-2021.10-x86_64-linux/gcc-arm-none-eabi-10.3-2021.10/arm-none-eabi/lib/thumb/v7-m/nofp/libc.a(lib_a-sbrkr.o)
                              /home/josef/Downloads/gcc-arm-none-eabi-10.3-2021.10-x86_64-linux/gcc-arm-none-eabi-10.3-2021.10/arm-none-eabi/lib/thumb/v7-m/nofp/libc.a(lib_a-mallocr.o) (_sbrk_r)
/home/josef/Downloads/gcc-arm-none-eabi-10.3-2021.10-x86_64-linux/gcc-arm-none-eabi-10.3-2021.10/arm-none-eabi/lib/thumb/v7-m/nofp/libc.a(lib_a-strcat.o)
                              build_Zomwar-application/dtostrf.o (strcat)
/home/josef/Downloads/gcc-arm-none-eabi-10.3-2021.10-x86_64-linux/gcc-arm-none-eabi-10.3-2021.10/arm-none-eabi/lib/thumb/v7-m/nofp/libc.a(lib_a-strchr.o)
                              build_Zomwar-application/WString.o (strchr)
/home/josef/Downloads/gcc-arm-none-eabi-10.3-2021.10-x86_64-linux/gcc-arm-none-eabi-10.3-2021.10/arm-none-eabi/lib/thumb/v7-m/nofp/libc.a(lib_a-strcmp.o)
                              build_Zomwar-application/cmd_line.o (strcmp)
/home/josef/Downloads/gcc-arm-none-eabi-10.3-2021.10-x86_64-linux/gcc-arm-none-eabi-10.3-2021.10/arm-none-eabi/lib/thumb/v7-m/nofp/libc.a(lib_a-strcpy.o)
                              build_Zomwar-application/sys_dbg.o (strcpy)
/home/josef/Downloads/gcc-arm-none-eabi-10.3-2021.10-x86_64-linux/gcc-arm-none-eabi-10.3-2021.10/arm-none-eabi/lib/thumb/v7-m/nofp/libc.a(lib_a-strlen-stub.o)
                              build_Zomwar-application/xprintf.o (strlen)
[...]
Memory Configuration

Name             Origin             Length             Attributes
BSF              0x0000000008002000 0x0000000000001000 xr
FLASH            0x0000000008003000 0x000000000001d000 xr
SRAM             0x0000000020000000 0x0000000000004000 xrw
*default*        0x0000000000000000 0xffffffffffffffff

Linker script and memory map

                0x0000000000000800                HEAP_SIZE = 0x800

.start_boot_share_data_flash
                0x0000000008002000        0x0
                0x0000000008002000                _start_boot_share_data_flash = .

.start_flash    0x0000000008003000        0x0
                0x0000000008003000                _start_flash = .

.isr_vector     0x0000000008003000       0xf4
                0x0000000008003000                _isr_vector = .
 *(.isr_vector)
 .isr_vector    0x0000000008003000       0xf4 build_Zomwar-application/system.o
                0x0000000008003000                isr_vector
                0x00000000080030f4                . = ALIGN (0x4)

.text           0x00000000080030f8    0x13938
                0x00000000080030f8                . = ALIGN (0x4)
 *(.text)
 .text          0x00000000080030f8       0xec /home/josef/Downloads/gcc-arm-none-eabi-10.3-2021.10-x86_64-linux/gcc-arm-none-eabi-10.3-2021.10/arm-none-eabi/lib/thumb/v7-m/nofp/libc.a(lib_a-memcpy.o)
                0x00000000080030f8                memcpy
 .text          0x00000000080031e4      0x1bc /home/josef/Downloads/gcc-arm-none-eabi-10.3-2021.10-x86_64-linux/gcc-arm-none-eabi-10.3-2021.10/arm-none-eabi/lib/thumb/v7-m/nofp/libc.a(lib_a-strcmp.o)
                0x00000000080031e4                strcmp
 .text          0x00000000080033a0      0x378 /home/josef/Downloads/gcc-arm-none-eabi-10.3-2021.10-x86_64-linux/gcc-arm-none-eabi-10.3-2021.10/lib/gcc/arm-none-eabi/10.3.1/thumb/v7-m/nofp/libgcc.a(_arm_addsubdf3.o)
                0x00000000080033a0                __aeabi_drsub
                0x00000000080033a8                __aeabi_dsub
                0x00000000080033a8                __subdf3
                0x00000000080033ac                __adddf3
                0x00000000080033ac                __aeabi_dadd
                0x0000000008003624                __aeabi_ui2d
                0x0000000008003624                __floatunsidf
                0x0000000008003644                __floatsidf
                0x0000000008003644                __aeabi_i2d
                0x0000000008003668                __extendsfdf2
                0x0000000008003668                __aeabi_f2d
                0x00000000080036ac                __aeabi_ul2d
                0x00000000080036ac                __floatundidf
                0x00000000080036bc                __floatdidf
                0x00000000080036bc                __aeabi_l2d
 .text          0x0000000008003718      0x424 /home/josef/Downloads/gcc-arm-none-eabi-10.3-2021.10-x86_64-linux/gcc-arm-none-eabi-10.3-2021.10/lib/gcc/arm-none-eabi/10.3.1/thumb/v7-m/nofp/libgcc.a(_arm_muldivdf3.o)
                0x0000000008003718                __aeabi_dmul
                0x0000000008003718                __muldf3
                0x000000000800396c                __aeabi_ddiv
                0x000000000800396c                __divdf3
 .text          0x0000000008003b3c      0x110 /home/josef/Downloads/gcc-arm-none-eabi-10.3-2021.10-x86_64-linux/gcc-arm-none-eabi-10.3-2021.10/lib/gcc/arm-none-eabi/10.3.1/thumb/v7-m/nofp/libgcc.a(_arm_cmpdf2.o)
                0x0000000008003b3c                __gtdf2
                0x0000000008003b3c                __gedf2
                0x0000000008003b44                __ltdf2
                0x0000000008003b44                __ledf2
                0x0000000008003b4c                __cmpdf2
                0x0000000008003b4c                __eqdf2
                0x0000000008003b4c                __nedf2
                0x0000000008003bc8                __aeabi_cdrcmple
                0x0000000008003bd8                __aeabi_cdcmple
                0x0000000008003bd8                __aeabi_cdcmpeq
                0x0000000008003be8                __aeabi_dcmpeq
                0x0000000008003bfc                __aeabi_dcmplt
                0x0000000008003c10                __aeabi_dcmple
                0x0000000008003c24                __aeabi_dcmpge
                0x0000000008003c38                __aeabi_dcmpgt
 .text          0x0000000008003c4c       0x2c /home/josef/Downloads/gcc-arm-none-eabi-10.3-2021.10-x86_64-linux/gcc-arm-none-eabi-10.3-2021.10/lib/gcc/arm-none-eabi/10.3.1/thumb/v7-m/nofp/libgcc.a(_arm_unorddf2.o)
                0x0000000008003c4c                __aeabi_dcmpun
                0x0000000008003c4c                __unorddf2
 .text          0x0000000008003c78       0x50 /home/josef/Downloads/gcc-arm-none-eabi-10.3-2021.10-x86_64-linux/gcc-arm-none-eabi-10.3-2021.10/lib/gcc/arm-none-eabi/10.3.1/thumb/v7-m/nofp/libgcc.a(_arm_fixdfsi.o)
                0x0000000008003c78                __fixdfsi
                0x0000000008003c78                __aeabi_d2iz
 .text          0x0000000008003cc8       0x40 /home/josef/Downloads/gcc-arm-none-eabi-10.3-2021.10-x86_64-linux/gcc-arm-none-eabi-10.3-2021.10/lib/gcc/arm-none-eabi/10.3.1/thumb/v7-m/nofp/libgcc.a(_arm_fixunsdfsi.o)
                0x0000000008003cc8                __fixunsdfsi
                0x0000000008003cc8                __aeabi_d2uiz
 .text          0x0000000008003d08      0x21c /home/josef/Downloads/gcc-arm-none-eabi-10.3-2021.10-x86_64-linux/gcc-arm-none-eabi-10.3-2021.10/lib/gcc/arm-none-eabi/10.3.1/thumb/v7-m/nofp/libgcc.a(_arm_addsubsf3.o)
                0x0000000008003d08                __aeabi_frsub
                0x0000000008003d10                __subsf3
                0x0000000008003d10                __aeabi_fsub
                0x0000000008003d14                __aeabi_fadd
                0x0000000008003d14                __addsf3
                0x0000000008003e74                __aeabi_ui2f
                0x0000000008003e74                __floatunsisf
                0x0000000008003e7c                __aeabi_i2f
                0x0000000008003e7c                __floatsisf
                0x0000000008003e98                __floatundisf
                0x0000000008003e98                __aeabi_ul2f
                0x0000000008003ea8                __floatdisf
                0x0000000008003ea8                __aeabi_l2f
 .text          0x0000000008003f24       0x30 /home/josef/Downloads/gcc-arm-none-eabi-10.3-2021.10-x86_64-linux/gcc-arm-none-eabi-10.3-2021.10/lib/gcc/arm-none-eabi/10.3.1/thumb/v7-m/nofp/libgcc.a(_aeabi_uldivmod.o)
                0x0000000008003f24                __aeabi_uldivmod
 .text          0x0000000008003f54      0x2d4 /home/josef/Downloads/gcc-arm-none-eabi-10.3-2021.10-x86_64-linux/gcc-arm-none-eabi-10.3-2021.10/lib/gcc/arm-none-eabi/10.3.1/thumb/v7-m/nofp/libgcc.a(_udivmoddi4.o)
                0x0000000008003f54                __udivmoddi4
 .text          0x0000000008004228        0x4 /home/josef/Downloads/gcc-arm-none-eabi-10.3-2021.10-x86_64-linux/gcc-arm-none-eabi-10.3-2021.10/lib/gcc/arm-none-eabi/10.3.1/thumb/v7-m/nofp/libgcc.a(_dvmd_tls.o)
                0x0000000008004228                __aeabi_ldiv0
                0x0000000008004228                __aeabi_idiv0
 *(.text*)
 .text.fsm_dispatch
                0x000000000800422c        0x6 build_Zomwar-application/fsm.o
                0x000000000800422c                fsm_dispatch
 *fill*         0x0000000008004232        0x2 
 .text.task_create
                0x0000000008004234       0x3c build_Zomwar-application/task.o
                0x0000000008004234                task_create
 .text.task_polling_create
                0x0000000008004270       0x34 build_Zomwar-application/task.o
                0x0000000008004270                task_polling_create
 .text.task_post
                0x00000000080042a4       0x84 build_Zomwar-application/task.o
                0x00000000080042a4                task_post
 .text.task_remove_msg
                0x0000000008004328       0xb4 build_Zomwar-application/task.o
                0x0000000008004328                task_remove_msg
 .text.task_post_pure_msg
                0x00000000080043dc       0x18 build_Zomwar-application/task.o
                0x00000000080043dc                task_post_pure_msg
 .text.task_post_common_msg
                0x00000000080043f4       0x2a build_Zomwar-application/task.o
                0x00000000080043f4                task_post_common_msg
 *fill*         0x000000000800441e        0x2 
 .text.task_entry_interrupt
                0x0000000008004420       0x1c build_Zomwar-application/task.o
                0x0000000008004420                task_entry_interrupt
 .text.task_exit_interrupt
                0x000000000800443c       0x24 build_Zomwar-application/task.o
                0x000000000800443c                task_exit_interrupt
 .text.task_init
                0x0000000008004460       0x40 build_Zomwar-application/task.o
                0x0000000008004460                task_init
 .text.task_polling_run
                0x00000000080044a0       0x34 build_Zomwar-application/task.o
                0x00000000080044a0                task_polling_run
 .text.task_run
                0x00000000080044d4      0x174 build_Zomwar-application/task.o
                0x00000000080044d4                task_run
 .text.get_current_task_id
                0x0000000008004648        0xc build_Zomwar-application/task.o
                0x0000000008004648                get_current_task_id
 .text.get_current_task_info
                0x0000000008004654        0x8 build_Zomwar-application/task.o
                0x0000000008004654                get_current_task_info
 .text.get_current_active_object
                0x000000000800465c        0x8 build_Zomwar-application/task.o
                0x000000000800465c                get_current_active_object
 .text.timer_remove_msg
                0x0000000008004664       0x64 build_Zomwar-application/timer.o
 .text.task_timer_tick
                0x00000000080046c8       0x7c build_Zomwar-application/timer.o
                0x00000000080046c8                task_timer_tick
 .text.timer_init
                0x0000000008004744       0x6c build_Zomwar-application/timer.o
                0x0000000008004744                timer_init
 .text.timer_tick
                0x00000000080047b0       0x38 build_Zomwar-application/timer.o
                0x00000000080047b0                timer_tick
 .text.timer_set
                0x00000000080047e8       0x98 build_Zomwar-application/timer.o
                0x00000000080047e8                timer_set
 .text.timer_remove_attr
                0x0000000008004880       0x18 build_Zomwar-application/timer.o
                0x0000000008004880                timer_remove_attr
 .text.free_common_msg
                0x0000000008004898       0x28 build_Zomwar-application/message.o
 .text.free_pure_msg
                0x00000000080048c0       0x28 build_Zomwar-application/message.o
 .text.free_dynamic_msg
                0x00000000080048e8       0x30 build_Zomwar-application/message.o
 .text.msg_init
                0x0000000008004918      0x100 build_Zomwar-application/message.o
                0x0000000008004918                msg_init
 .text.msg_force_free
                0x0000000008004a18       0x44 build_Zomwar-application/message.o
                0x0000000008004a18                msg_force_free
 .text.msg_inc_ref_count
                0x0000000008004a5c       0x2c build_Zomwar-application/message.o
                0x0000000008004a5c                msg_inc_ref_count
 .text.msg_dec_ref_count
                0x0000000008004a88       0x28 build_Zomwar-application/message.o
                0x0000000008004a88                msg_dec_ref_count
 .text.msg_free
                0x0000000008004ab0       0x58 build_Zomwar-application/message.o
                0x0000000008004ab0                msg_free
 .text.ak_malloc
                0x0000000008004b08       0x50 build_Zomwar-application/message.o
                0x0000000008004b08                ak_malloc
 .text.ak_free  0x0000000008004b58        0x4 build_Zomwar-application/message.o
                0x0000000008004b58                ak_free
 .text.get_pure_msg
                0x0000000008004b5c       0x5c build_Zomwar-application/message.o
                0x0000000008004b5c                get_pure_msg
 .text.get_common_msg
                0x0000000008004bb8       0x60 build_Zomwar-application/message.o
                0x0000000008004bb8                get_common_msg
 .text.set_data_common_msg
                0x0000000008004c18       0x4c build_Zomwar-application/message.o
                0x0000000008004c18                set_data_common_msg
 .text.get_data_common_msg
                0x0000000008004c64       0x28 build_Zomwar-application/message.o
                0x0000000008004c64                get_data_common_msg
 .text.get_data_len_common_msg
                0x0000000008004c8c       0x28 build_Zomwar-application/message.o
                0x0000000008004c8c                get_data_len_common_msg
 .text.get_dynamic_msg
                0x0000000008004cb4       0x64 build_Zomwar-application/message.o
                0x0000000008004cb4                get_dynamic_msg
 .text.set_data_dynamic_msg
                0x0000000008004d18       0x3c build_Zomwar-application/message.o
                0x0000000008004d18                set_data_dynamic_msg
 .text.get_data_dynamic_msg
                0x0000000008004d54       0x28 build_Zomwar-application/message.o
                0x0000000008004d54                get_data_dynamic_msg
 .text.get_data_len_dynamic_msg
                0x0000000008004d7c        0x4 build_Zomwar-application/message.o
                0x0000000008004d7c                get_data_len_dynamic_msg
 .text.log_queue_init
                0x0000000008004d80       0x2e build_Zomwar-application/log_queue.o
                0x0000000008004d80                log_queue_init
 .text.log_queue_len
                0x0000000008004dae        0x4 build_Zomwar-application/log_queue.o
                0x0000000008004dae                log_queue_len
 .text.log_queue_put
                0x0000000008004db2       0x5c build_Zomwar-application/log_queue.o
                0x0000000008004db2                log_queue_put
 .text.log_queue_get
                0x0000000008004e0e       0x30 build_Zomwar-application/log_queue.o
                0x0000000008004e0e                log_queue_get
 .text.fifo_init
                0x0000000008004e3e       0x12 build_Zomwar-application/fifo.o
                0x0000000008004e3e                fifo_init
 .text.fifo_availble
                0x0000000008004e50        0x4 build_Zomwar-application/fifo.o
                0x0000000008004e50                fifo_availble
 .text.fifo_is_full
                0x0000000008004e54        0xc build_Zomwar-application/fifo.o
                0x0000000008004e54                fifo_is_full
 .text.fifo_put
                0x0000000008004e60       0x54 build_Zomwar-application/fifo.o
                0x0000000008004e60                fifo_put
 .text.fifo_get
                0x0000000008004eb4       0x50 build_Zomwar-application/fifo.o
                0x0000000008004eb4                fifo_get
 .text.ring_buffer_char_init
                0x0000000008004f04        0xc build_Zomwar-application/ring_buffer.o
                0x0000000008004f04                ring_buffer_char_init
 .text.ring_buffer_char_is_empty
                0x0000000008004f10        0xa build_Zomwar-application/ring_buffer.o
                0x0000000008004f10                ring_buffer_char_is_empty
 .text.ring_buffer_char_put
                0x0000000008004f1a       0x36 build_Zomwar-application/ring_buffer.o
                0x0000000008004f1a                ring_buffer_char_put
 .text.ring_buffer_char_get
                0x0000000008004f50       0x26 build_Zomwar-application/ring_buffer.o
                0x0000000008004f50                ring_buffer_char_get
 .text.mem_read
                0x0000000008004f76       0x18 build_Zomwar-application/utils.o
                0x0000000008004f76                mem_read
 .text.mem_write
                0x0000000008004f8e       0x1a build_Zomwar-application/utils.o
                0x0000000008004f8e                mem_write
 .text.ilog10   0x0000000008004fa8       0xd8 build_Zomwar-application/xprintf.o
 .text.i10x     0x0000000008005080       0x78 build_Zomwar-application/xprintf.o
 .text.xfputc   0x00000000080050f8       0x30 build_Zomwar-application/xprintf.o
                0x00000000080050f8                xfputc
 .text.xputc    0x0000000008005128       0x10 build_Zomwar-application/xprintf.o
                0x0000000008005128                xputc
 .text.xvfprintf
                0x0000000008005138      0x580 build_Zomwar-application/xprintf.o
 .text.xprintf  0x00000000080056b8       0x24 build_Zomwar-application/xprintf.o
                0x00000000080056b8                xprintf
 .text.xsprintf
                0x00000000080056dc       0x2c build_Zomwar-application/xprintf.o
                0x00000000080056dc                xsprintf
 .text.cmd_line_parser
                0x0000000008005708       0x7c build_Zomwar-application/cmd_line.o
                0x0000000008005708                cmd_line_parser
 .text.button_init
                0x0000000008005784       0x36 build_Zomwar-application/button.o
                0x0000000008005784                button_init
 .text.button_enable
                0x00000000080057ba        0x6 build_Zomwar-application/button.o
                0x00000000080057ba                button_enable
 .text.button_timer_polling
                0x00000000080057c0       0x76 build_Zomwar-application/button.o
                0x00000000080057c0                button_timer_polling
 .text.flash_wait_to_idle
                0x0000000008005836       0x32 build_Zomwar-application/flash.o
 .text.flash_set_write_enable.constprop.0
                0x0000000008005868       0x14 build_Zomwar-application/flash.o
 .text.flash_is_connected
                0x000000000800587c       0x22 build_Zomwar-application/flash.o
                0x000000000800587c                flash_is_connected
 .text.flash_read
                0x000000000800589e       0x5e build_Zomwar-application/flash.o
                0x000000000800589e                flash_read
 .text.flash_write
                0x00000000080058fc       0x6c build_Zomwar-application/flash.o
                0x00000000080058fc                flash_write
 .text.flash_erase_sector
                0x0000000008005968       0x48 build_Zomwar-application/flash.o
                0x0000000008005968                flash_erase_sector
 .text.flash_erase_block_64k
                0x00000000080059b0       0x46 build_Zomwar-application/flash.o
                0x00000000080059b0                flash_erase_block_64k
 .text.led_init
                0x00000000080059f6       0x20 build_Zomwar-application/led.o
                0x00000000080059f6                led_init
 .text.led_on   0x0000000008005a16        0xc build_Zomwar-application/led.o
                0x0000000008005a16                led_on
 .text.led_off  0x0000000008005a22        0xc build_Zomwar-application/led.o
                0x0000000008005a22                led_off
 .text.led_toggle
                0x0000000008005a2e       0x12 build_Zomwar-application/led.o
                0x0000000008005a2e                led_toggle
 .text.BUZZER_Init
                0x0000000008005a40       0xe0 build_Zomwar-application/buzzer.o
                0x0000000008005a40                BUZZER_Init
 .text.BUZZER_Disable
                0x0000000008005b20       0x38 build_Zomwar-application/buzzer.o
                0x0000000008005b20                BUZZER_Disable
 .text.BUZZER_Enable
                0x0000000008005b58       0x84 build_Zomwar-application/buzzer.o
                0x0000000008005b58                BUZZER_Enable
 .text.buzzer_irq
                0x0000000008005bdc       0x98 build_Zomwar-application/buzzer.o
                0x0000000008005bdc                buzzer_irq
 .text.BUZZER_PlaySound
                0x0000000008005c74       0x44 build_Zomwar-application/buzzer.o
                0x0000000008005c74                BUZZER_PlaySound
 .text.BUZZER_Sleep
                0x0000000008005cb8       0x14 build_Zomwar-application/buzzer.o
                0x0000000008005cb8                BUZZER_Sleep
 .text.getModeBits
                0x0000000008005ccc       0x30 build_Zomwar-application/qrcode.o
 .text.bb_appendBits
                0x0000000008005cfc       0x58 build_Zomwar-application/qrcode.o
 .text.bb_setBit
                0x0000000008005d54       0x28 build_Zomwar-application/qrcode.o
 .text.bb_getBit
                0x0000000008005d7c       0x1a build_Zomwar-application/qrcode.o
 *fill*         0x0000000008005d96        0x2 
 .text.applyMask
                0x0000000008005d98      0x110 build_Zomwar-application/qrcode.o
 .text.setFunctionModule
                0x0000000008005ea8       0x24 build_Zomwar-application/qrcode.o
 .text.drawFinderPattern
                0x0000000008005ecc       0x8a build_Zomwar-application/qrcode.o
 .text.drawFormatBits
                0x0000000008005f56      0x114 build_Zomwar-application/qrcode.o
 *fill*         0x000000000800606a        0x2 
 .text.getAlphanumeric
                0x000000000800606c       0x34 build_Zomwar-application/qrcode.o
 .text.qrcode_getBufferSize
                0x00000000080060a0        0xe build_Zomwar-application/qrcode.o
                0x00000000080060a0                qrcode_getBufferSize
 *fill*         0x00000000080060ae        0x2 
 .text.qrcode_initBytes
                0x00000000080060b0      0x9e0 build_Zomwar-application/qrcode.o
                0x00000000080060b0                qrcode_initBytes
 .text.qrcode_initText
                0x0000000008006a90       0x2e build_Zomwar-application/qrcode.o
                0x0000000008006a90                qrcode_initText
 .text.qrcode_getModule
                0x0000000008006abe       0x28 build_Zomwar-application/qrcode.o
                0x0000000008006abe                qrcode_getModule
 *fill*         0x0000000008006ae6        0x2 
 .text.sys_dbg_cpu_dump
                0x0000000008006ae8       0x4c build_Zomwar-application/sys_dbg.o
                0x0000000008006ae8                sys_dbg_cpu_dump
 .text.sys_dbg_stack_space_dump
                0x0000000008006b34       0x30 build_Zomwar-application/sys_dbg.o
                0x0000000008006b34                sys_dbg_stack_space_dump
 .text.sys_dbg_fatal
                0x0000000008006b64      0x3cc build_Zomwar-application/sys_dbg.o
                0x0000000008006b64                sys_dbg_fatal
 .text.sys_boot_init
                0x0000000008006f30       0x14 build_Zomwar-application/sys_boot.o
                0x0000000008006f30                sys_boot_init
 .text.sys_boot_get
                0x0000000008006f44        0xc build_Zomwar-application/sys_boot.o
                0x0000000008006f44                sys_boot_get
 .text.sys_boot_set
                0x0000000008006f50       0x34 build_Zomwar-application/sys_boot.o
                0x0000000008006f50                sys_boot_set
 .text.eMBExceptionToErrorcode
                0x0000000008006f84       0x14 build_Zomwar-application/mbutils.o
                0x0000000008006f84                eMBExceptionToErrorcode
 .text.eMBMReleaseHdl
                0x0000000008006f98       0x58 build_Zomwar-application/mbm.o
 .text.bMBMResponseTimeoutCB
                0x0000000008006ff0       0x18 build_Zomwar-application/mbm.o
 .text.bMBMIsHdlValid
                0x0000000008007008       0x18 build_Zomwar-application/mbm.o
                0x0000000008007008                bMBMIsHdlValid
 .text.vMBMMasterTransactionPolled
                0x0000000008007020       0xae build_Zomwar-application/mbm.o
                0x0000000008007020                vMBMMasterTransactionPolled
 *fill*         0x00000000080070ce        0x2 
 .text.eMBMSerialInitExt
                0x00000000080070d0       0xcc build_Zomwar-application/mbm.o
                0x00000000080070d0                eMBMSerialInitExt
 .text.usMBMCRC16
                0x000000000800719c       0x2c build_Zomwar-application/mbmcrc.o
                0x000000000800719c                usMBMCRC16
 .text.bMBMSerialWaitCB
                0x00000000080071c8       0x3c build_Zomwar-application/mbmrtu.o
 .text.bMBMSerialRTUT35CB
                0x0000000008007204       0x58 build_Zomwar-application/mbmrtu.o
 .text.bMBMSerialRTUTransmitterEmptyAPIV1CB
                0x000000000800725c       0xb2 build_Zomwar-application/mbmrtu.o
 .text.bMBMSerialRTUReceiverAPIV1CB
                0x000000000800730e       0xa0 build_Zomwar-application/mbmrtu.o
 *fill*         0x00000000080073ae        0x2 
 .text.eMBMSerialRTUFrameCloseInternal
                0x00000000080073b0       0x90 build_Zomwar-application/mbmrtu.o
 .text.eMBMSerialRTUFrameReceive
                0x0000000008007440       0xc4 build_Zomwar-application/mbmrtu.o
 .text.eMBMSerialRTUFrameSend
                0x0000000008007504       0xd0 build_Zomwar-application/mbmrtu.o
 .text.eMBMSerialRTUFrameClose
                0x00000000080075d4       0x18 build_Zomwar-application/mbmrtu.o
 .text.eMBMSerialRTUInit
                0x00000000080075ec      0x118 build_Zomwar-application/mbmrtu.o
                0x00000000080075ec                eMBMSerialRTUInit
 .text.vMBMReadHoldingRegistersPolled
                0x0000000008007704      0x136 build_Zomwar-application/mbmfuncholding.o
                0x0000000008007704                vMBMReadHoldingRegistersPolled
 .text.eMBMReadHoldingRegisters
                0x000000000800783a       0x42 build_Zomwar-application/mbmfuncholding.o
                0x000000000800783a                eMBMReadHoldingRegisters
 .text.vMBMReadCoilsPolled
                0x000000000800787c      0x114 build_Zomwar-application/mbmfunccoils.o
                0x000000000800787c                vMBMReadCoilsPolled
 .text.vMBMWriteSingleCoilPolled
                0x0000000008007990      0x104 build_Zomwar-application/mbmfunccoils.o
                0x0000000008007990                vMBMWriteSingleCoilPolled
 .text.eMBMReadCoils
                0x0000000008007a94       0x42 build_Zomwar-application/mbmfunccoils.o
                0x0000000008007a94                eMBMReadCoils
 .text.eMBMWriteSingleCoil
                0x0000000008007ad6       0x3e build_Zomwar-application/mbmfunccoils.o
                0x0000000008007ad6                eMBMWriteSingleCoil
 .text.vMBMReadDiscreteInputsPolled
                0x0000000008007b14      0x114 build_Zomwar-application/mbmfuncdisc.o
                0x0000000008007b14                vMBMReadDiscreteInputsPolled
 .text.eMBMReadDiscreteInputs
                0x0000000008007c28       0x42 build_Zomwar-application/mbmfuncdisc.o
                0x0000000008007c28                eMBMReadDiscreteInputs
 .text.vMBMReadInputRegistersPolled
                0x0000000008007c6a      0x120 build_Zomwar-application/mbmfuncinput.o
                0x0000000008007c6a                vMBMReadInputRegistersPolled
 .text.eMBMReadInputRegisters
                0x0000000008007d8a       0x42 build_Zomwar-application/mbmfuncinput.o
                0x0000000008007d8a                eMBMReadInputRegisters
 .text.eMBPEventCreate
                0x0000000008007dcc       0x5c build_Zomwar-application/mbportevent.o
                0x0000000008007dcc                eMBPEventCreate
 .text.eMBPEventPost
                0x0000000008007e28       0x2c build_Zomwar-application/mbportevent.o
                0x0000000008007e28                eMBPEventPost
 .text.bMBPEventGet
                0x0000000008007e54       0x34 build_Zomwar-application/mbportevent.o
                0x0000000008007e54                bMBPEventGet
 .text.vMBPEventDelete
                0x0000000008007e88       0x2c build_Zomwar-application/mbportevent.o
                0x0000000008007e88                vMBPEventDelete
 .text.vMBPAssert
                0x0000000008007eb4       0x1c build_Zomwar-application/mbportother.o
                0x0000000008007eb4                vMBPAssert
 .text.vMBPEnterCritical
                0x0000000008007ed0        0x4 build_Zomwar-application/mbportother.o
                0x0000000008007ed0                vMBPEnterCritical
 .text.vMBPExitCritical
                0x0000000008007ed4        0x4 build_Zomwar-application/mbportother.o
                0x0000000008007ed4                vMBPExitCritical
 .text.eMBPSerialInit
                0x0000000008007ed8      0x144 build_Zomwar-application/mbportserial.o
                0x0000000008007ed8                eMBPSerialInit
 .text.eMBPSerialClose
                0x000000000800801c       0x58 build_Zomwar-application/mbportserial.o
                0x000000000800801c                eMBPSerialClose
 .text.eMBPSerialTxEnable
                0x0000000008008074       0x70 build_Zomwar-application/mbportserial.o
                0x0000000008008074                eMBPSerialTxEnable
 .text.eMBPSerialRxEnable
                0x00000000080080e4       0x5c build_Zomwar-application/mbportserial.o
                0x00000000080080e4                eMBPSerialRxEnable
 .text.vMBPUSART2ISR
                0x0000000008008140       0xec build_Zomwar-application/mbportserial.o
                0x0000000008008140                vMBPUSART2ISR
 .text.eMBPTimerInit
                0x000000000800822c       0xec build_Zomwar-application/mbporttimer.o
                0x000000000800822c                eMBPTimerInit
 .text.vMBPTimerClose
                0x0000000008008318       0x28 build_Zomwar-application/mbporttimer.o
                0x0000000008008318                vMBPTimerClose
 .text.eMBPTimerStart
                0x0000000008008340       0x2c build_Zomwar-application/mbporttimer.o
                0x0000000008008340                eMBPTimerStart
 .text.eMBPTimerStop
                0x000000000800836c       0x30 build_Zomwar-application/mbporttimer.o
                0x000000000800836c                eMBPTimerStop
 .text.vMBPTimerISR
                0x000000000800839c       0x58 build_Zomwar-application/mbporttimer.o
                0x000000000800839c                vMBPTimerISR
 .text.GPIO_Init
                0x00000000080083f4       0x78 build_Zomwar-application/stm32l1xx_gpio.o
                0x00000000080083f4                GPIO_Init
 .text.GPIO_ReadInputDataBit
                0x000000000800846c        0xc build_Zomwar-application/stm32l1xx_gpio.o
                0x000000000800846c                GPIO_ReadInputDataBit
 .text.GPIO_SetBits
                0x0000000008008478        0x4 build_Zomwar-application/stm32l1xx_gpio.o
                0x0000000008008478                GPIO_SetBits
 .text.GPIO_ResetBits
                0x000000000800847c        0x4 build_Zomwar-application/stm32l1xx_gpio.o
                0x000000000800847c                GPIO_ResetBits
 .text.GPIO_PinAFConfig
                0x0000000008008480       0x24 build_Zomwar-application/stm32l1xx_gpio.o
                0x0000000008008480                GPIO_PinAFConfig
 .text.RCC_HSICmd
                0x00000000080084a4        0xc build_Zomwar-application/stm32l1xx_rcc.o
                0x00000000080084a4                RCC_HSICmd
 .text.RCC_GetClocksFreq
                0x00000000080084b0       0x9c build_Zomwar-application/stm32l1xx_rcc.o
                0x00000000080084b0                RCC_GetClocksFreq
 .text.RCC_AHBPeriphClockCmd
                0x000000000800854c       0x18 build_Zomwar-application/stm32l1xx_rcc.o
                0x000000000800854c                RCC_AHBPeriphClockCmd
 .text.RCC_APB2PeriphClockCmd
                0x0000000008008564       0x18 build_Zomwar-application/stm32l1xx_rcc.o
                0x0000000008008564                RCC_APB2PeriphClockCmd
 .text.RCC_APB1PeriphClockCmd
                0x000000000800857c       0x18 build_Zomwar-application/stm32l1xx_rcc.o
                0x000000000800857c                RCC_APB1PeriphClockCmd
 .text.RCC_APB2PeriphResetCmd
                0x0000000008008594       0x18 build_Zomwar-application/stm32l1xx_rcc.o
                0x0000000008008594                RCC_APB2PeriphResetCmd
 .text.RCC_APB1PeriphResetCmd
                0x00000000080085ac       0x18 build_Zomwar-application/stm32l1xx_rcc.o
                0x00000000080085ac                RCC_APB1PeriphResetCmd
 .text.RCC_GetFlagStatus
                0x00000000080085c4       0x20 build_Zomwar-application/stm32l1xx_rcc.o
                0x00000000080085c4                RCC_GetFlagStatus
 .text.USART_DeInit
                0x00000000080085e4       0x9c build_Zomwar-application/stm32l1xx_usart.o
                0x00000000080085e4                USART_DeInit
 .text.USART_Init
                0x0000000008008680       0xa4 build_Zomwar-application/stm32l1xx_usart.o
                0x0000000008008680                USART_Init
 .text.USART_ClockInit
                0x0000000008008724       0x20 build_Zomwar-application/stm32l1xx_usart.o
                0x0000000008008724                USART_ClockInit
 .text.USART_Cmd
                0x0000000008008744       0x18 build_Zomwar-application/stm32l1xx_usart.o
                0x0000000008008744                USART_Cmd
 .text.USART_SendData
                0x000000000800875c        0x8 build_Zomwar-application/stm32l1xx_usart.o
                0x000000000800875c                USART_SendData
 .text.USART_ReceiveData
                0x0000000008008764        0x8 build_Zomwar-application/stm32l1xx_usart.o
                0x0000000008008764                USART_ReceiveData
 .text.USART_ITConfig
                0x000000000800876c       0x30 build_Zomwar-application/stm32l1xx_usart.o
                0x000000000800876c                USART_ITConfig
 .text.USART_GetFlagStatus
                0x000000000800879c        0xc build_Zomwar-application/stm32l1xx_usart.o
                0x000000000800879c                USART_GetFlagStatus
 .text.USART_GetITStatus
                0x00000000080087a8       0x3e build_Zomwar-application/stm32l1xx_usart.o
                0x00000000080087a8                USART_GetITStatus
 .text.USART_ClearITPendingBit
                0x00000000080087e6        0xe build_Zomwar-application/stm32l1xx_usart.o
                0x00000000080087e6                USART_ClearITPendingBit
 .text.SPI_I2S_DeInit
                0x00000000080087f4       0x64 build_Zomwar-application/stm32l1xx_spi.o
                0x00000000080087f4                SPI_I2S_DeInit
 .text.SPI_Init
                0x0000000008008858       0x3e build_Zomwar-application/stm32l1xx_spi.o
                0x0000000008008858                SPI_Init
 .text.SPI_Cmd  0x0000000008008896       0x18 build_Zomwar-application/stm32l1xx_spi.o
                0x0000000008008896                SPI_Cmd
 .text.SPI_I2S_ReceiveData
                0x00000000080088ae        0x6 build_Zomwar-application/stm32l1xx_spi.o
                0x00000000080088ae                SPI_I2S_ReceiveData
 .text.SPI_I2S_SendData
                0x00000000080088b4        0x4 build_Zomwar-application/stm32l1xx_spi.o
                0x00000000080088b4                SPI_I2S_SendData
 .text.SPI_I2S_GetFlagStatus
                0x00000000080088b8        0xc build_Zomwar-application/stm32l1xx_spi.o
                0x00000000080088b8                SPI_I2S_GetFlagStatus
 .text.NVIC_PriorityGroupConfig
                0x00000000080088c4       0x14 build_Zomwar-application/misc.o
                0x00000000080088c4                NVIC_PriorityGroupConfig
 .text.NVIC_Init
                0x00000000080088d8       0x58 build_Zomwar-application/misc.o
                0x00000000080088d8                NVIC_Init
 .text.EXTI_GetFlagStatus
                0x0000000008008930       0x14 build_Zomwar-application/stm32l1xx_exti.o
                0x0000000008008930                EXTI_GetFlagStatus
 .text.EXTI_GetITStatus
                0x0000000008008944        0x4 build_Zomwar-application/stm32l1xx_exti.o
                0x0000000008008944                EXTI_GetITStatus
 .text.EXTI_ClearITPendingBit
                0x0000000008008948        0xc build_Zomwar-application/stm32l1xx_exti.o
                0x0000000008008948                EXTI_ClearITPendingBit
 .text.TIM_DeInit
                0x0000000008008954       0xe4 build_Zomwar-application/stm32l1xx_tim.o
                0x0000000008008954                TIM_DeInit
 .text.TIM_TimeBaseInit
                0x0000000008008a38       0x58 build_Zomwar-application/stm32l1xx_tim.o
                0x0000000008008a38                TIM_TimeBaseInit
 .text.TIM_ARRPreloadConfig
                0x0000000008008a90       0x18 build_Zomwar-application/stm32l1xx_tim.o
                0x0000000008008a90                TIM_ARRPreloadConfig
 .text.TIM_Cmd  0x0000000008008aa8       0x18 build_Zomwar-application/stm32l1xx_tim.o
                0x0000000008008aa8                TIM_Cmd
 .text.TIM_OC3Init
                0x0000000008008ac0       0x3c build_Zomwar-application/stm32l1xx_tim.o
                0x0000000008008ac0                TIM_OC3Init
 .text.TIM_OC3PreloadConfig
                0x0000000008008afc       0x10 build_Zomwar-application/stm32l1xx_tim.o
                0x0000000008008afc                TIM_OC3PreloadConfig
 .text.TIM_ITConfig
                0x0000000008008b0c       0x12 build_Zomwar-application/stm32l1xx_tim.o
                0x0000000008008b0c                TIM_ITConfig
 .text.TIM_GetITStatus
                0x0000000008008b1e       0x16 build_Zomwar-application/stm32l1xx_tim.o
                0x0000000008008b1e                TIM_GetITStatus
 .text.TIM_ClearITPendingBit
                0x0000000008008b34        0x8 build_Zomwar-application/stm32l1xx_tim.o
                0x0000000008008b34                TIM_ClearITPendingBit
 .text.ADC_Init
                0x0000000008008b3c       0x4c build_Zomwar-application/stm32l1xx_adc.o
                0x0000000008008b3c                ADC_Init
 .text.ADC_Cmd  0x0000000008008b88       0x12 build_Zomwar-application/stm32l1xx_adc.o
                0x0000000008008b88                ADC_Cmd
 *fill*         0x0000000008008b9a        0x2 
 .text.ADC_TempSensorVrefintCmd
                0x0000000008008b9c       0x18 build_Zomwar-application/stm32l1xx_adc.o
                0x0000000008008b9c                ADC_TempSensorVrefintCmd
 .text.ADC_RegularChannelConfig
                0x0000000008008bb4      0x104 build_Zomwar-application/stm32l1xx_adc.o
                0x0000000008008bb4                ADC_RegularChannelConfig
 .text.ADC_SoftwareStartConv
                0x0000000008008cb8        0xa build_Zomwar-application/stm32l1xx_adc.o
                0x0000000008008cb8                ADC_SoftwareStartConv
 .text.ADC_GetConversionValue
                0x0000000008008cc2        0x6 build_Zomwar-application/stm32l1xx_adc.o
                0x0000000008008cc2                ADC_GetConversionValue
 .text.ADC_GetFlagStatus
                0x0000000008008cc8        0xc build_Zomwar-application/stm32l1xx_adc.o
                0x0000000008008cc8                ADC_GetFlagStatus
 .text.PWR_UltraLowPowerCmd
                0x0000000008008cd4        0xc build_Zomwar-application/stm32l1xx_pwr.o
                0x0000000008008cd4                PWR_UltraLowPowerCmd
 .text.PWR_EnterSTOPMode
                0x0000000008008ce0       0x34 build_Zomwar-application/stm32l1xx_pwr.o
                0x0000000008008ce0                PWR_EnterSTOPMode
 .text.FLASH_Lock
                0x0000000008008d14       0x10 build_Zomwar-application/stm32l1xx_flash.o
                0x0000000008008d14                FLASH_Lock
 .text.DATA_EEPROM_Unlock
                0x0000000008008d24       0x20 build_Zomwar-application/stm32l1xx_flash.o
                0x0000000008008d24                DATA_EEPROM_Unlock
 .text.FLASH_Unlock
                0x0000000008008d44       0x2c build_Zomwar-application/stm32l1xx_flash.o
                0x0000000008008d44                FLASH_Unlock
 .text.DATA_EEPROM_Lock
                0x0000000008008d70       0x10 build_Zomwar-application/stm32l1xx_flash.o
                0x0000000008008d70                DATA_EEPROM_Lock
 .text.FLASH_OB_Unlock
                0x0000000008008d80       0x2c build_Zomwar-application/stm32l1xx_flash.o
                0x0000000008008d80                FLASH_OB_Unlock
 .text.FLASH_OB_Launch
                0x0000000008008dac       0x10 build_Zomwar-application/stm32l1xx_flash.o
                0x0000000008008dac                FLASH_OB_Launch
 .text.FLASH_OB_GetBOR
                0x0000000008008dbc       0x10 build_Zomwar-application/stm32l1xx_flash.o
                0x0000000008008dbc                FLASH_OB_GetBOR
 .text.FLASH_ClearFlag
                0x0000000008008dcc        0xc build_Zomwar-application/stm32l1xx_flash.o
                0x0000000008008dcc                FLASH_ClearFlag
 .text.FLASH_GetStatus
                0x0000000008008dd8       0x28 build_Zomwar-application/stm32l1xx_flash.o
                0x0000000008008dd8                FLASH_GetStatus
 .text.FLASH_WaitForLastOperation
                0x0000000008008e00       0x3c build_Zomwar-application/stm32l1xx_flash.o
                0x0000000008008e00                FLASH_WaitForLastOperation
 .text.FLASH_ErasePage
                0x0000000008008e3c       0x44 build_Zomwar-application/stm32l1xx_flash.o
                0x0000000008008e3c                FLASH_ErasePage
 .text.FLASH_FastProgramWord
                0x0000000008008e80       0x22 build_Zomwar-application/stm32l1xx_flash.o
                0x0000000008008e80                FLASH_FastProgramWord
 .text.DATA_EEPROM_EraseWord
                0x0000000008008ea2       0x16 build_Zomwar-application/stm32l1xx_flash.o
                0x0000000008008ea2                DATA_EEPROM_EraseWord
 .text.DATA_EEPROM_FastProgramWord
                0x0000000008008eb8       0x30 build_Zomwar-application/stm32l1xx_flash.o
                0x0000000008008eb8                DATA_EEPROM_FastProgramWord
 .text.DATA_EEPROM_ProgramByte
                0x0000000008008ee8       0x4c build_Zomwar-application/stm32l1xx_flash.o
                0x0000000008008ee8                DATA_EEPROM_ProgramByte
 .text.FLASH_OB_BORConfig
                0x0000000008008f34       0x3c build_Zomwar-application/stm32l1xx_flash.o
                0x0000000008008f34                FLASH_OB_BORConfig
 .text.IWDG_WriteAccessCmd
                0x0000000008008f70        0xc build_Zomwar-application/stm32l1xx_iwdg.o
                0x0000000008008f70                IWDG_WriteAccessCmd
 .text.IWDG_SetPrescaler
                0x0000000008008f7c        0xc build_Zomwar-application/stm32l1xx_iwdg.o
                0x0000000008008f7c                IWDG_SetPrescaler
 .text.IWDG_SetReload
                0x0000000008008f88        0xc build_Zomwar-application/stm32l1xx_iwdg.o
                0x0000000008008f88                IWDG_SetReload
 .text.IWDG_ReloadCounter
                0x0000000008008f94       0x10 build_Zomwar-application/stm32l1xx_iwdg.o
                0x0000000008008f94                IWDG_ReloadCounter
 .text.IWDG_Enable
                0x0000000008008fa4       0x10 build_Zomwar-application/stm32l1xx_iwdg.o
                0x0000000008008fa4                IWDG_Enable
 .text.I2C_SendData
                0x0000000008008fb4        0x4 build_Zomwar-application/stm32l1xx_i2c.o
                0x0000000008008fb4                I2C_SendData
 .text.I2C_CheckEvent
                0x0000000008008fb8       0x18 build_Zomwar-application/stm32l1xx_i2c.o
                0x0000000008008fb8                I2C_CheckEvent
 .text.disable_interrupts
                0x0000000008008fd0       0x10 build_Zomwar-application/platform.o
                0x0000000008008fd0                disable_interrupts
 .text.entry_critical
                0x0000000008008fe0       0x14 build_Zomwar-application/platform.o
                0x0000000008008fe0                entry_critical
 .text.exit_critical
                0x0000000008008ff4       0x30 build_Zomwar-application/platform.o
                0x0000000008008ff4                exit_critical
 .text.default_handler
                0x0000000008009024       0x1c build_Zomwar-application/system.o
                0x0000000008009024                svc_handler
                0x0000000008009024                default_handler
                0x0000000008009024                dg_monitor_handler
                0x0000000008009024                pendsv_handler
 .text.nmi_handler
                0x0000000008009040       0x1c build_Zomwar-application/system.o
                0x0000000008009040                nmi_handler
 .text.hard_fault_handler
                0x000000000800905c       0x1c build_Zomwar-application/system.o
                0x000000000800905c                hard_fault_handler
 .text.mem_manage_handler
                0x0000000008009078       0x1c build_Zomwar-application/system.o
                0x0000000008009078                mem_manage_handler
 .text.bus_fault_handler
                0x0000000008009094       0x1c build_Zomwar-application/system.o
                0x0000000008009094                bus_fault_handler
 .text.usage_fault_handler
                0x00000000080090b0       0x1c build_Zomwar-application/system.o
                0x00000000080090b0                usage_fault_handler
 .text.systick_handler
                0x00000000080090cc       0x40 build_Zomwar-application/system.o
                0x00000000080090cc                systick_handler
 .text.uart1_irq
                0x000000000800910c       0x64 build_Zomwar-application/system.o
                0x000000000800910c                uart1_irq
 .text.exti_line1_irq
                0x0000000008009170       0x1c build_Zomwar-application/system.o
                0x0000000008009170                exti_line1_irq
 .text.timer7_irq
                0x000000000800918c       0x24 build_Zomwar-application/system.o
                0x000000000800918c                timer7_irq
 .text.sys_ctrl_delay
                0x00000000080091b0        0xc build_Zomwar-application/system.o
                0x00000000080091b0                sys_ctrl_delay
 .text.sys_ctrl_millis
                0x00000000080091bc       0x1c build_Zomwar-application/system.o
                0x00000000080091bc                sys_ctrl_millis
 .text._init    0x00000000080091d8        0x2 build_Zomwar-application/system.o
                0x00000000080091d8                _init
 .text._fini    0x00000000080091da        0x2 build_Zomwar-application/system.o
                0x00000000080091da                _fini
 .text.sys_stack_count_init
                0x00000000080091dc       0x3c build_Zomwar-application/system.o
                0x00000000080091dc                sys_stack_count_init
 .text.reset_handler
                0x0000000008009218       0xc8 build_Zomwar-application/system.o
                0x0000000008009218                reset_handler
 .text.sys_stack_usage
                0x00000000080092e0       0x20 build_Zomwar-application/system.o
                0x00000000080092e0                sys_stack_usage
 .text.sys_stack_get_size
                0x0000000008009300        0xc build_Zomwar-application/system.o
                0x0000000008009300                sys_stack_get_size
 .text.sys_ctrl_shell_put_char_block
                0x000000000800930c       0x2c build_Zomwar-application/sys_cfg.o
                0x000000000800930c                sys_ctrl_shell_put_char_block
 .text.sys_cfg_clock
                0x0000000008009338       0x22 build_Zomwar-application/sys_cfg.o
                0x0000000008009338                sys_cfg_clock
 *fill*         0x000000000800935a        0x2 
 .text.sys_cfg_tick
                0x000000000800935c       0x50 build_Zomwar-application/sys_cfg.o
                0x000000000800935c                sys_cfg_tick
 .text.sys_cfg_svc
                0x00000000080093ac       0x30 build_Zomwar-application/sys_cfg.o
                0x00000000080093ac                sys_cfg_svc
 .text.sys_cfg_pendsv
                0x00000000080093dc       0x34 build_Zomwar-application/sys_cfg.o
                0x00000000080093dc                sys_cfg_pendsv
 .text.sys_cfg_update_info
                0x0000000008009410      0x108 build_Zomwar-application/sys_cfg.o
                0x0000000008009410                sys_cfg_update_info
 .text.sys_ctrl_shell_sw_to_block
                0x0000000008009518       0x38 build_Zomwar-application/sys_cfg.o
                0x0000000008009518                sys_ctrl_shell_sw_to_block
 .text.sys_cfg_console
                0x0000000008009550       0xd8 build_Zomwar-application/sys_cfg.o
                0x0000000008009550                sys_cfg_console
 .text.sys_ctrl_shell_get_char
                0x0000000008009628       0x34 build_Zomwar-application/sys_cfg.o
                0x0000000008009628                sys_ctrl_shell_get_char
 .text.sys_ctrl_reset
                0x000000000800965c       0x20 build_Zomwar-application/sys_cfg.o
                0x000000000800965c                sys_ctrl_reset
 .text.sys_ctrl_delay_us
                0x000000000800967c       0x58 build_Zomwar-application/sys_cfg.o
                0x000000000800967c                sys_ctrl_delay_us
 .text.sys_ctrl_delay_ms
                0x00000000080096d4       0x1e build_Zomwar-application/sys_cfg.o
                0x00000000080096d4                sys_ctrl_delay_ms
 *fill*         0x00000000080096f2        0x2 
 .text.sys_ctr_stop_mcu
                0x00000000080096f4       0xa8 build_Zomwar-application/sys_cfg.o
                0x00000000080096f4                sys_ctr_stop_mcu
 .text.sys_ctrl_independent_watchdog_init
                0x000000000800979c       0x24 build_Zomwar-application/sys_cfg.o
                0x000000000800979c                sys_ctrl_independent_watchdog_init
 .text.sys_ctrl_independent_watchdog_reset
                0x00000000080097c0       0x12 build_Zomwar-application/sys_cfg.o
                0x00000000080097c0                sys_ctrl_independent_watchdog_reset
 *fill*         0x00000000080097d2        0x2 
 .text.sys_ctrl_soft_watchdog_init
                0x00000000080097d4       0x68 build_Zomwar-application/sys_cfg.o
                0x00000000080097d4                sys_ctrl_soft_watchdog_init
 .text.sys_ctrl_soft_watchdog_reset
                0x000000000800983c       0x18 build_Zomwar-application/sys_cfg.o
                0x000000000800983c                sys_ctrl_soft_watchdog_reset
 .text.sys_ctrl_soft_watchdog_increase_counter
                0x0000000008009854       0x40 build_Zomwar-application/sys_cfg.o
                0x0000000008009854                sys_ctrl_soft_watchdog_increase_counter
 .text.sys_ctrl_get_firmware_info
                0x0000000008009894       0x40 build_Zomwar-application/sys_cfg.o
                0x0000000008009894                sys_ctrl_get_firmware_info
 .text.task_irq_io_entry_trigger
                0x00000000080098d4        0x2 build_Zomwar-application/sys_cfg.o
                0x00000000080098d4                task_irq_io_entry_trigger
 .text.task_irq_io_exit_trigger
                0x00000000080098d6        0x2 build_Zomwar-application/sys_cfg.o
                0x00000000080098d6                task_irq_io_exit_trigger
 .text.io_button_mode_init
                0x00000000080098d8       0x28 build_Zomwar-application/io_cfg.o
                0x00000000080098d8                io_button_mode_init
 .text.io_button_up_init
                0x0000000008009900       0x28 build_Zomwar-application/io_cfg.o
                0x0000000008009900                io_button_up_init
 .text.io_button_down_init
                0x0000000008009928       0x28 build_Zomwar-application/io_cfg.o
                0x0000000008009928                io_button_down_init
 .text.io_button_mode_read
                0x0000000008009950        0xc build_Zomwar-application/io_cfg.o
                0x0000000008009950                io_button_mode_read
 .text.io_button_up_read
                0x000000000800995c       0x10 build_Zomwar-application/io_cfg.o
                0x000000000800995c                io_button_up_read
 .text.io_button_down_read
                0x000000000800996c        0xc build_Zomwar-application/io_cfg.o
                0x000000000800996c                io_button_down_read
 .text.led_life_init
                0x0000000008009978       0x28 build_Zomwar-application/io_cfg.o
                0x0000000008009978                led_life_init
 .text.led_life_on
                0x00000000080099a0       0x10 build_Zomwar-application/io_cfg.o
                0x00000000080099a0                led_life_on
 .text.led_life_off
                0x00000000080099b0       0x10 build_Zomwar-application/io_cfg.o
                0x00000000080099b0                led_life_off
 .text.flash_io_ctrl_init
                0x00000000080099c0       0x28 build_Zomwar-application/io_cfg.o
                0x00000000080099c0                flash_io_ctrl_init
 .text.flash_cs_low
                0x00000000080099e8       0x10 build_Zomwar-application/io_cfg.o
                0x00000000080099e8                flash_cs_low
 .text.flash_cs_high
                0x00000000080099f8       0x10 build_Zomwar-application/io_cfg.o
                0x00000000080099f8                flash_cs_high
 .text.flash_transfer
                0x0000000008009a08       0x98 build_Zomwar-application/io_cfg.o
                0x0000000008009a08                flash_transfer
 .text.io_cfg_adc1
                0x0000000008009aa0       0x48 build_Zomwar-application/io_cfg.o
                0x0000000008009aa0                io_cfg_adc1
 .text.adc_bat_io_cfg
                0x0000000008009ae8       0x2c build_Zomwar-application/io_cfg.o
                0x0000000008009ae8                adc_bat_io_cfg
 *fill*         0x0000000008009b14        0x4 
 .text.sys_ctr_get_vbat_voltage
                0x0000000008009b18       0x90 build_Zomwar-application/io_cfg.o
                0x0000000008009b18                sys_ctr_get_vbat_voltage
 .text.sys_ctr_get_mcu_temperature
                0x0000000008009ba8       0x6c build_Zomwar-application/io_cfg.o
                0x0000000008009ba8                sys_ctr_get_mcu_temperature
 .text.oled_clk_input_mode
                0x0000000008009c14       0x28 build_Zomwar-application/io_cfg.o
                0x0000000008009c14                oled_clk_input_mode
 .text.oled_clk_output_mode
                0x0000000008009c3c       0x28 build_Zomwar-application/io_cfg.o
                0x0000000008009c3c                oled_clk_output_mode
 .text.oled_clk_digital_write_low
                0x0000000008009c64       0x10 build_Zomwar-application/io_cfg.o
                0x0000000008009c64                oled_clk_digital_write_low
 .text.oled_clk_digital_write_high
                0x0000000008009c74       0x10 build_Zomwar-application/io_cfg.o
                0x0000000008009c74                oled_clk_digital_write_high
 .text.oled_data_input_mode
                0x0000000008009c84       0x28 build_Zomwar-application/io_cfg.o
                0x0000000008009c84                oled_data_input_mode
 .text.oled_data_output_mode
                0x0000000008009cac       0x28 build_Zomwar-application/io_cfg.o
                0x0000000008009cac                oled_data_output_mode
 .text.oled_data_digital_write_low
                0x0000000008009cd4       0x10 build_Zomwar-application/io_cfg.o
                0x0000000008009cd4                oled_data_digital_write_low
 .text.oled_data_digital_write_high
                0x0000000008009ce4       0x10 build_Zomwar-application/io_cfg.o
                0x0000000008009ce4                oled_data_digital_write_high
 .text.oled_res_input_mode
                0x0000000008009cf4       0x28 build_Zomwar-application/io_cfg.o
                0x0000000008009cf4                oled_res_input_mode
 .text.oled_res_output_mode
                0x0000000008009d1c       0x28 build_Zomwar-application/io_cfg.o
                0x0000000008009d1c                oled_res_output_mode
 .text.oled_res_digital_write_low
                0x0000000008009d44       0x10 build_Zomwar-application/io_cfg.o
                0x0000000008009d44                oled_res_digital_write_low
 .text.oled_res_digital_write_high
                0x0000000008009d54       0x10 build_Zomwar-application/io_cfg.o
                0x0000000008009d54                oled_res_digital_write_high
 .text.io_eeprom_read
                0x0000000008009d64       0x34 build_Zomwar-application/io_cfg.o
                0x0000000008009d64                io_eeprom_read
 .text.io_eeprom_write
                0x0000000008009d98       0x48 build_Zomwar-application/io_cfg.o
                0x0000000008009d98                io_eeprom_write
 .text.io_eeprom_erase
                0x0000000008009de0       0x4c build_Zomwar-application/io_cfg.o
                0x0000000008009de0                io_eeprom_erase
 .text.internal_flash_unlock
                0x0000000008009e2c       0x12 build_Zomwar-application/io_cfg.o
                0x0000000008009e2c                internal_flash_unlock
 .text.internal_flash_lock
                0x0000000008009e3e        0x4 build_Zomwar-application/io_cfg.o
                0x0000000008009e3e                internal_flash_lock
 .text.internal_flash_erase_pages_cal
                0x0000000008009e42       0x24 build_Zomwar-application/io_cfg.o
                0x0000000008009e42                internal_flash_erase_pages_cal
 .text.internal_flash_write_cal
                0x0000000008009e66       0x48 build_Zomwar-application/io_cfg.o
                0x0000000008009e66                internal_flash_write_cal
 *fill*         0x0000000008009eae        0x2 
 .text.io_uart2_cfg
                0x0000000008009eb0       0xbc build_Zomwar-application/io_cfg.o
                0x0000000008009eb0                io_uart2_cfg
 .text.io_uart_rs485_cfg
                0x0000000008009f6c       0x78 build_Zomwar-application/io_cfg.o
                0x0000000008009f6c                io_uart_rs485_cfg
 .text.io_rs485_dir_mode_output
                0x0000000008009fe4       0x30 build_Zomwar-application/io_cfg.o
                0x0000000008009fe4                io_rs485_dir_mode_output
 .text.io_rs485_dir_low
                0x000000000800a014        0xc build_Zomwar-application/io_cfg.o
                0x000000000800a014                io_rs485_dir_low
 .text.io_rs485_dir_high
                0x000000000800a020        0xc build_Zomwar-application/io_cfg.o
                0x000000000800a020                io_rs485_dir_high
 .text.SystemInit
                0x000000000800a02c      0x114 build_Zomwar-application/system_stm32l1xx.o
                0x000000000800a02c                SystemInit
 .text.SystemCoreClockUpdate
                0x000000000800a140       0x88 build_Zomwar-application/system_stm32l1xx.o
                0x000000000800a140                SystemCoreClockUpdate
 .text._Z27scr_es35sw_th_sensor_handleP8ak_msg_t
                0x000000000800a1c8       0xd8 build_Zomwar-application/scr_es35sw_th_sensor.o
                0x000000000800a1c8                scr_es35sw_th_sensor_handle(ak_msg_t*)
 .text._ZL25view_scr_es35sw_th_sensorv
                0x000000000800a2a0      0x16c build_Zomwar-application/scr_es35sw_th_sensor.o
 .text._ZL13view_scr_idlev
                0x000000000800a40c       0x34 build_Zomwar-application/scr_idle.o
 .text._ZN4ballC2Ev
                0x000000000800a440       0x5e build_Zomwar-application/scr_idle.o
                0x000000000800a440                ball::ball()
                0x000000000800a440                ball::ball()
 *fill*         0x000000000800a49e        0x2 
 .text._ZNSt6vectorI4ballSaIS0_EE17_M_realloc_insertIJRKS0_EEEvN9__gnu_cxx17__normal_iteratorIPS0_S2_EEDpOT_
                0x000000000800a4a0      0x110 build_Zomwar-application/scr_idle.o
                0x000000000800a4a0                void std::vector<ball, std::allocator<ball> >::_M_realloc_insert<ball const&>(__gnu_cxx::__normal_iterator<ball*, std::vector<ball, std::allocator<ball> > >, ball const&)
 .text._ZNSt6vectorI4ballSaIS0_EE9push_backERKS0_
                0x000000000800a5b0       0x2c build_Zomwar-application/scr_idle.o
                0x000000000800a5b0                std::vector<ball, std::allocator<ball> >::push_back(ball const&)
 .text._Z15scr_idle_handleP8ak_msg_t
                0x000000000800a5dc      0x19c build_Zomwar-application/scr_idle.o
                0x000000000800a5dc                scr_idle_handle(ak_msg_t*)
 .text.startup._GLOBAL__sub_I_dyn_view_idle
                0x000000000800a778       0x10 build_Zomwar-application/scr_idle.o
 .text.exit._GLOBAL__sub_D_dyn_view_idle
                0x000000000800a788       0x10 build_Zomwar-application/scr_idle.o
 .text._Z15scr_info_handleP8ak_msg_t
                0x000000000800a798       0x6c build_Zomwar-application/scr_info.o
                0x000000000800a798                scr_info_handle(ak_msg_t*)
 .text._ZL13view_scr_infov
                0x000000000800a804       0x78 build_Zomwar-application/scr_info.o
 .text._ZL26view_scr_lhio404_io_devicev
                0x000000000800a87c      0x178 build_Zomwar-application/scr_lhio404_io_device.o
 .text._ZL32scr_lhio404_io_device_move_focusa
                0x000000000800a9f4       0x20 build_Zomwar-application/scr_lhio404_io_device.o
 .text._Z28scr_lhio404_io_device_handleP8ak_msg_t
                0x000000000800aa14      0x1b8 build_Zomwar-application/scr_lhio404_io_device.o
                0x000000000800aa14                scr_lhio404_io_device_handle(ak_msg_t*)
 .text._ZL16view_scr_startupv
                0x000000000800abcc       0x5c build_Zomwar-application/scr_startup.o
 .text._Z18scr_startup_handleP8ak_msg_t
                0x000000000800ac28       0xc0 build_Zomwar-application/scr_startup.o
                0x000000000800ac28                scr_startup_handle(ak_msg_t*)
 .text._ZL24set_shooting_interval_mst
                0x000000000800ace8       0x34 build_Zomwar-application/scr_peashooter.o
 .text._ZL19view_scr_peashooterv
                0x000000000800ad1c       0xbc build_Zomwar-application/scr_peashooter.o
 .text._Z21scr_peashooter_handleP8ak_msg_t
                0x000000000800add8       0xf8 build_Zomwar-application/scr_peashooter.o
                0x000000000800add8                scr_peashooter_handle(ak_msg_t*)
 .text._ZL15normalize_anglei
                0x000000000800aed0       0x18 build_Zomwar-application/ball_escape.o
 .text._ZL14scoring_systemv
                0x000000000800aee8       0x34 build_Zomwar-application/ball_escape.o
 .text._ZL12angle_in_gapiii.constprop.0
                0x000000000800af1c       0x3c build_Zomwar-application/ball_escape.o
 .text._ZL18circle_hit_by_ballRK12circle_state.isra.0
                0x000000000800af58       0x34 build_Zomwar-application/ball_escape.o
 .text._ZNSt6vectorI12circle_stateSaIS0_EE17_M_realloc_insertIJRKS0_EEEvN9__gnu_cxx17__normal_iteratorIPS0_S2_EEDpOT_
                0x000000000800af8c       0xa0 build_Zomwar-application/ball_escape.o
                0x000000000800af8c                void std::vector<circle_state, std::allocator<circle_state> >::_M_realloc_insert<circle_state const&>(__gnu_cxx::__normal_iterator<circle_state*, std::vector<circle_state, std::allocator<circle_state> > >, circle_state const&)
 .text._ZL12spawn_circlev
                0x000000000800b02c       0x44 build_Zomwar-application/ball_escape.o
 .text._ZNSt6vectorI12circle_stateSaIS0_EE8_M_eraseEN9__gnu_cxx17__normal_iteratorIPS0_S2_EE
                0x000000000800b070       0x22 build_Zomwar-application/ball_escape.o
                0x000000000800b070                std::vector<circle_state, std::allocator<circle_state> >::_M_erase(__gnu_cxx::__normal_iterator<circle_state*, std::vector<circle_state, std::allocator<circle_state> > >)
 *fill*         0x000000000800b092        0x2 
 .text._ZL18update_ball_motionv
                0x000000000800b094      0x160 build_Zomwar-application/ball_escape.o
 .text.startup._GLOBAL__sub_I_pi
                0x000000000800b1f4       0x10 build_Zomwar-application/ball_escape.o
 .text.exit._GLOBAL__sub_D_pi
                0x000000000800b204       0x10 build_Zomwar-application/ball_escape.o
 .text._Z3arciiiii
                0x000000000800b214      0x1a8 build_Zomwar-application/ball_escape.o
                0x000000000800b214                arc(int, int, int, int, int)
 .text._ZL18view_circle_escapev
                0x000000000800b3bc      0x204 build_Zomwar-application/ball_escape.o
 .text._Z24scr_circle_escape_handleP8ak_msg_t
                0x000000000800b5c0      0x108 build_Zomwar-application/ball_escape.o
                0x000000000800b5c0                scr_circle_escape_handle(ak_msg_t*)
 .text._ZL20view_scr_charts_gamev
                0x000000000800b6c8       0x90 build_Zomwar-application/scr_score.o
 .text._Z22scr_charts_game_handleP8ak_msg_t
                0x000000000800b758       0x88 build_Zomwar-application/scr_score.o
                0x000000000800b758                scr_charts_game_handle(ak_msg_t*)
 .text._ZL10dvd_movingv
                0x000000000800b7e0       0x98 build_Zomwar-application/scr_dvd.o
 .text._ZL12view_scr_dvdv
                0x000000000800b878       0x28 build_Zomwar-application/scr_dvd.o
 .text._ZL25dvd_apply_update_intervalv
                0x000000000800b8a0       0x14 build_Zomwar-application/scr_dvd.o
 .text._Z14scr_dvd_handleP8ak_msg_t
                0x000000000800b8b4       0xf0 build_Zomwar-application/scr_dvd.o
                0x000000000800b8b4                scr_dvd_handle(ak_msg_t*)
 .text._ZL26sync_ball_display_positionv
                0x000000000800b9a4       0x1c build_Zomwar-application/scr_soccer.o
 .text._ZL23align_ball_with_strikerv
                0x000000000800b9c0       0x1c build_Zomwar-application/scr_soccer.o
 .text._ZL19clamp_ball_positionv
                0x000000000800b9dc       0x34 build_Zomwar-application/scr_soccer.o
 .text._ZL18keeper_covers_ballv
                0x000000000800ba10       0x2c build_Zomwar-application/scr_soccer.o
 .text._ZL18stop_soccer_timersv
                0x000000000800ba3c       0x26 build_Zomwar-application/scr_soccer.o
 *fill*         0x000000000800ba62        0x2 
 .text._ZL25stop_super_mode_led_blinkv
                0x000000000800ba64       0x14 build_Zomwar-application/scr_soccer.o
 .text._ZL10reset_ballv
                0x000000000800ba78       0x88 build_Zomwar-application/scr_soccer.o
 .text._ZL19accept_soccer_inputv
                0x000000000800bb00       0x24 build_Zomwar-application/scr_soccer.o
 .text._ZL15view_scr_soccerv
                0x000000000800bb24      0x284 build_Zomwar-application/scr_soccer.o
 .text._ZL12begin_result15soccer_result_t
                0x000000000800bda8       0x2c build_Zomwar-application/scr_soccer.o
 .text._ZL10score_goalv
                0x000000000800bdd4       0x3c build_Zomwar-application/scr_soccer.o
 .text._ZL9lose_lifev
                0x000000000800be10       0x3c build_Zomwar-application/scr_soccer.o
 .text._ZL12restart_gamev
                0x000000000800be4c       0x48 build_Zomwar-application/scr_soccer.o
 .text._Z17scr_soccer_handleP8ak_msg_t
                0x000000000800be94      0x304 build_Zomwar-application/scr_soccer.o
                0x000000000800be94                scr_soccer_handle(ak_msg_t*)
 .text._Z11task_systemP8ak_msg_t
                0x000000000800c198       0x44 build_Zomwar-application/task_system.o
                0x000000000800c198                task_system(ak_msg_t*)
 .text.main_app
                0x000000000800c1dc      0x2a8 build_Zomwar-application/app.o
                0x000000000800c1dc                main_app
 .text._Z19task_polling_zigbeev
                0x000000000800c484        0x2 build_Zomwar-application/app.o
                0x000000000800c484                task_polling_zigbee()
 *fill*         0x000000000800c486        0x2 
 .text._Z20task_polling_consolev
                0x000000000800c488       0xd8 build_Zomwar-application/app.o
                0x000000000800c488                task_polling_console()
 .text.sys_irq_timer_10ms
                0x000000000800c560       0x24 build_Zomwar-application/app.o
                0x000000000800c560                sys_irq_timer_10ms
 .text.ar_game_score_read
                0x000000000800c584       0x54 build_Zomwar-application/app_eeprom.o
                0x000000000800c584                ar_game_score_read
 .text.ar_game_score_write
                0x000000000800c5d8       0x40 build_Zomwar-application/app_eeprom.o
                0x000000000800c5d8                ar_game_score_write
 .text._Z27ar_game_setting_set_defaultP17ar_game_setting_t
                0x000000000800c618       0x12 build_Zomwar-application/app_eeprom.o
                0x000000000800c618                ar_game_setting_set_default(ar_game_setting_t*)
 *fill*         0x000000000800c62a        0x2 
 .text.ar_game_setting_read
                0x000000000800c62c       0x54 build_Zomwar-application/app_eeprom.o
                0x000000000800c62c                ar_game_setting_read
 .text._Z17btn_mode_callbackPv
                0x000000000800c680       0x44 build_Zomwar-application/app_bsp.o
                0x000000000800c680                btn_mode_callback(void*)
 .text._Z15btn_up_callbackPv
                0x000000000800c6c4       0x44 build_Zomwar-application/app_bsp.o
                0x000000000800c6c4                btn_up_callback(void*)
 .text._Z17btn_down_callbackPv
                0x000000000800c708       0x44 build_Zomwar-application/app_bsp.o
                0x000000000800c708                btn_down_callback(void*)
 .text._Z22updateDataModbusDeviceP21ModbusDeviceStructure
                0x000000000800c74c       0xc4 build_Zomwar-application/app_modbus_pull.o
                0x000000000800c74c                updateDataModbusDevice(ModbusDeviceStructure*)
 .text._ZL19str_parser_get_attrh
                0x000000000800c810       0x1c build_Zomwar-application/shell.o
 .text._Z9shell_sttPh
                0x000000000800c82c        0x4 build_Zomwar-application/shell.o
                0x000000000800c82c                shell_stt(unsigned char*)
 .text._Z9shell_psvPh
                0x000000000800c830       0x14 build_Zomwar-application/shell.o
                0x000000000800c830                shell_psv(unsigned char*)
 .text._Z11shell_resetPh
                0x000000000800c844       0x10 build_Zomwar-application/shell.o
                0x000000000800c844                shell_reset(unsigned char*)
 .text._Z10shell_helpPh
                0x000000000800c854       0x30 build_Zomwar-application/shell.o
                0x000000000800c854                shell_help(unsigned char*)
 .text._Z9shell_verPh
                0x000000000800c884      0x118 build_Zomwar-application/shell.o
                0x000000000800c884                shell_ver(unsigned char*)
 .text._Z12shell_rebootPh
                0x000000000800c99c       0x10 build_Zomwar-application/shell.o
                0x000000000800c99c                shell_reboot(unsigned char*)
 .text._ZL10str_parserPc
                0x000000000800c9ac       0x60 build_Zomwar-application/shell.o
 .text._Z11shell_fatalPh
                0x000000000800ca0c      0x2f4 build_Zomwar-application/shell.o
                0x000000000800ca0c                shell_fatal(unsigned char*)
 .text._Z11shell_flashPh
                0x000000000800cd00      0x150 build_Zomwar-application/shell.o
                0x000000000800cd00                shell_flash(unsigned char*)
 .text._Z9shell_epsPh
                0x000000000800ce50       0xd0 build_Zomwar-application/shell.o
                0x000000000800ce50                shell_eps(unsigned char*)
 .text._Z9shell_ramPh
                0x000000000800cf20      0x20c build_Zomwar-application/shell.o
                0x000000000800cf20                shell_ram(unsigned char*)
 .text._Z10shell_bootPh
                0x000000000800d12c       0xdc build_Zomwar-application/shell.o
                0x000000000800d12c                shell_boot(unsigned char*)
 .text._Z9shell_fwuPh
                0x000000000800d208       0x34 build_Zomwar-application/shell.o
                0x000000000800d208                shell_fwu(unsigned char*)
 .text._Z12shell_buzzerPh
                0x000000000800d23c       0x88 build_Zomwar-application/shell.o
                0x000000000800d23c                shell_buzzer(unsigned char*)
 .text._Z9shell_dbgPh
                0x000000000800d2c4       0x38 build_Zomwar-application/shell.o
                0x000000000800d2c4                shell_dbg(unsigned char*)
 .text._Z12shell_modbusPh
                0x000000000800d2fc       0xe0 build_Zomwar-application/shell.o
                0x000000000800d2fc                shell_modbus(unsigned char*)
 .text._Z9shell_epiPh
                0x000000000800d3dc        0x4 build_Zomwar-application/shell.o
                0x000000000800d3dc                shell_epi(unsigned char*)
 .text._Z9shell_lcdPh
                0x000000000800d3e0      0x15c build_Zomwar-application/shell.o
                0x000000000800d3e0                shell_lcd(unsigned char*)
 .text.sys_irq_shell
                0x000000000800d53c       0x2c build_Zomwar-application/task_shell.o
                0x000000000800d53c                sys_irq_shell
 .text._Z10task_shellP8ak_msg_t
                0x000000000800d568       0x7c build_Zomwar-application/task_shell.o
                0x000000000800d568                task_shell(ak_msg_t*)
 .text._Z9task_lifeP8ak_msg_t
                0x000000000800d5e4       0x20 build_Zomwar-application/task_life.o
                0x000000000800d5e4                task_life(ak_msg_t*)
 .text._Z7task_fwP8ak_msg_t
                0x000000000800d604      0x490 build_Zomwar-application/task_fw.o
                0x000000000800d604                task_fw(ak_msg_t*)
 .text._Z12task_displayP8ak_msg_t
                0x000000000800da94        0x4 build_Zomwar-application/task_display.o
                0x000000000800da94                task_display(ak_msg_t*)
 .text._Z7task_ifP8ak_msg_t
                0x000000000800da98       0xe4 build_Zomwar-application/task_if.o
                0x000000000800da98                task_if(ak_msg_t*)
 .text._Z12task_rf24_ifP8ak_msg_t
                0x000000000800db7c        0x2 build_Zomwar-application/task_rf24_if.o
                0x000000000800db7c                task_rf24_if(ak_msg_t*)
 *fill*         0x000000000800db7e        0x2 
 .text._Z12task_uart_ifP8ak_msg_t
                0x000000000800db80       0xc4 build_Zomwar-application/task_uart_if.o
                0x000000000800db80                task_uart_if(ak_msg_t*)
 .text._Z8task_dbgP8ak_msg_t
                0x000000000800dc44        0x2 build_Zomwar-application/task_dbg.o
                0x000000000800dc44                task_dbg(ak_msg_t*)
 .text._ZL19view_render_dynamicPv
                0x000000000800dc46        0xa build_Zomwar-application/view_render.o
 .text._Z22view_render_display_onv
                0x000000000800dc50        0xc build_Zomwar-application/view_render.o
                0x000000000800dc50                view_render_display_on()
 .text.startup._GLOBAL__sub_I_view_render
                0x000000000800dc5c        0xc build_Zomwar-application/view_render.o
 .text.exit._GLOBAL__sub_D_view_render
                0x000000000800dc68        0xc build_Zomwar-application/view_render.o
 .text._Z18view_render_screenP13view_screen_t
                0x000000000800dc74       0x68 build_Zomwar-application/view_render.o
                0x000000000800dc74                view_render_screen(view_screen_t*)
 .text._ZL21view_render_rectanglePv
                0x000000000800dcdc       0xe8 build_Zomwar-application/view_render.o
 .text._Z12scr_mng_ctorP9scr_mng_tPFvP8ak_msg_tEP13view_screen_t
                0x000000000800ddc4       0x20 build_Zomwar-application/screen_manager.o
                0x000000000800ddc4                scr_mng_ctor(scr_mng_t*, void (*)(ak_msg_t*), view_screen_t*)
 .text._Z16scr_mng_dispatchP8ak_msg_t
                0x000000000800dde4       0x48 build_Zomwar-application/screen_manager.o
                0x000000000800dde4                scr_mng_dispatch(ak_msg_t*)
 .text._Z12scr_mng_tranPFvP8ak_msg_tEP13view_screen_t
                0x000000000800de2c       0x44 build_Zomwar-application/screen_manager.o
                0x000000000800de2c                scr_mng_tran(void (*)(ak_msg_t*), view_screen_t*)
 .text._ZN12Adafruit_GFX8drawLineEsssst
                0x000000000800de70       0xbe build_Zomwar-application/Adafruit_GFX.o
                0x000000000800de70                Adafruit_GFX::drawLine(short, short, short, short, unsigned short)
 .text._ZN12Adafruit_GFX8drawRectEsssst
                0x000000000800df2e       0x68 build_Zomwar-application/Adafruit_GFX.o
                0x000000000800df2e                Adafruit_GFX::drawRect(short, short, short, short, unsigned short)
 .text._ZN12Adafruit_GFX13drawFastVLineEssst
                0x000000000800df96       0x1c build_Zomwar-application/Adafruit_GFX.o
                0x000000000800df96                Adafruit_GFX::drawFastVLine(short, short, short, unsigned short)
 .text._ZN12Adafruit_GFX13drawFastHLineEssst
                0x000000000800dfb2       0x1a build_Zomwar-application/Adafruit_GFX.o
                0x000000000800dfb2                Adafruit_GFX::drawFastHLine(short, short, short, unsigned short)
 .text._ZN12Adafruit_GFX8fillRectEsssst
                0x000000000800dfcc       0x38 build_Zomwar-application/Adafruit_GFX.o
                0x000000000800dfcc                Adafruit_GFX::fillRect(short, short, short, short, unsigned short)
 .text._ZN12Adafruit_GFX10fillScreenEt
                0x000000000800e004       0x1c build_Zomwar-application/Adafruit_GFX.o
                0x000000000800e004                Adafruit_GFX::fillScreen(unsigned short)
 .text._ZN12Adafruit_GFXC2Ess
                0x000000000800e020       0x28 build_Zomwar-application/Adafruit_GFX.o
                0x000000000800e020                Adafruit_GFX::Adafruit_GFX(short, short)
                0x000000000800e020                Adafruit_GFX::Adafruit_GFX(short, short)
 .text._ZN12Adafruit_GFX10drawCircleEssst
                0x000000000800e048      0x172 build_Zomwar-application/Adafruit_GFX.o
                0x000000000800e048                Adafruit_GFX::drawCircle(short, short, short, unsigned short)
 .text._ZN12Adafruit_GFX16drawCircleHelperEsssht
                0x000000000800e1ba      0x17a build_Zomwar-application/Adafruit_GFX.o
                0x000000000800e1ba                Adafruit_GFX::drawCircleHelper(short, short, short, unsigned char, unsigned short)
 .text._ZN12Adafruit_GFX16fillCircleHelperEssshst
                0x000000000800e334      0x124 build_Zomwar-application/Adafruit_GFX.o
                0x000000000800e334                Adafruit_GFX::fillCircleHelper(short, short, short, unsigned char, short, unsigned short)
 .text._ZN12Adafruit_GFX10fillCircleEssst
                0x000000000800e458       0x4a build_Zomwar-application/Adafruit_GFX.o
                0x000000000800e458                Adafruit_GFX::fillCircle(short, short, short, unsigned short)
 .text._ZN12Adafruit_GFX13drawRoundRectEssssst
                0x000000000800e4a2      0x10e build_Zomwar-application/Adafruit_GFX.o
                0x000000000800e4a2                Adafruit_GFX::drawRoundRect(short, short, short, short, short, unsigned short)
 .text._ZN12Adafruit_GFX13fillRoundRectEssssst
                0x000000000800e5b0       0x88 build_Zomwar-application/Adafruit_GFX.o
                0x000000000800e5b0                Adafruit_GFX::fillRoundRect(short, short, short, short, short, unsigned short)
 .text._ZN12Adafruit_GFX10drawBitmapEssPKhsst
                0x000000000800e638       0x92 build_Zomwar-application/Adafruit_GFX.o
                0x000000000800e638                Adafruit_GFX::drawBitmap(short, short, unsigned char const*, short, short, unsigned short)
 *fill*         0x000000000800e6ca        0x2 
 .text._ZN12Adafruit_GFX8drawCharEsshtth
                0x000000000800e6cc      0x108 build_Zomwar-application/Adafruit_GFX.o
                0x000000000800e6cc                Adafruit_GFX::drawChar(short, short, unsigned char, unsigned short, unsigned short, unsigned char)
 .text._ZN12Adafruit_GFX5writeEh
                0x000000000800e7d4       0x64 build_Zomwar-application/Adafruit_GFX.o
                0x000000000800e7d4                Adafruit_GFX::write(unsigned char)
 .text._ZN12Adafruit_GFX9setCursorEss
                0x000000000800e838        0x6 build_Zomwar-application/Adafruit_GFX.o
                0x000000000800e838                Adafruit_GFX::setCursor(short, short)
 .text._ZN12Adafruit_GFX11setTextSizeEh
                0x000000000800e83e        0xa build_Zomwar-application/Adafruit_GFX.o
                0x000000000800e83e                Adafruit_GFX::setTextSize(unsigned char)
 .text._ZN12Adafruit_GFX12setTextColorEt
                0x000000000800e848        0x6 build_Zomwar-application/Adafruit_GFX.o
                0x000000000800e848                Adafruit_GFX::setTextColor(unsigned short)
 .text._ZN12Adafruit_GFX5widthEv
                0x000000000800e84e        0x6 build_Zomwar-application/Adafruit_GFX.o
                0x000000000800e84e                Adafruit_GFX::width()
 .text._ZN12Adafruit_GFX6heightEv
                0x000000000800e854        0x6 build_Zomwar-application/Adafruit_GFX.o
                0x000000000800e854                Adafruit_GFX::height()
 .text._ZN17Adafruit_oled_drv9updateRowEii
                0x000000000800e85a       0x1e build_Zomwar-application/Adafruit_oled_drv.o
                0x000000000800e85a                Adafruit_oled_drv::updateRow(int, int)
 .text._ZN17Adafruit_oled_drv9drawPixelEsst
                0x000000000800e878       0x52 build_Zomwar-application/Adafruit_oled_drv.o
                0x000000000800e878                Adafruit_oled_drv::drawPixel(short, short, unsigned short)
 *fill*         0x000000000800e8ca        0x2 
 .text._ZN17Adafruit_oled_drvC2Ev
                0x000000000800e8cc       0x28 build_Zomwar-application/Adafruit_oled_drv.o
                0x000000000800e8cc                Adafruit_oled_drv::Adafruit_oled_drv()
                0x000000000800e8cc                Adafruit_oled_drv::Adafruit_oled_drv()
 .text._ZN17Adafruit_oled_drvD2Ev
                0x000000000800e8f4        0x2 build_Zomwar-application/Adafruit_oled_drv.o
                0x000000000800e8f4                Adafruit_oled_drv::~Adafruit_oled_drv()
                0x000000000800e8f4                Adafruit_oled_drv::~Adafruit_oled_drv()
 .text._ZN17Adafruit_oled_drv5clearEb
                0x000000000800e8f6       0x22 build_Zomwar-application/Adafruit_oled_drv.o
                0x000000000800e8f6                Adafruit_oled_drv::clear(bool)
 .text._ZN17Adafruit_oled_drv9writeByteEh
                0x000000000800e918       0x54 build_Zomwar-application/Adafruit_oled_drv.o
                0x000000000800e918                Adafruit_oled_drv::writeByte(unsigned char)
 .text._ZN17Adafruit_oled_drv8startIICEv
                0x000000000800e96c       0x2c build_Zomwar-application/Adafruit_oled_drv.o
                0x000000000800e96c                Adafruit_oled_drv::startIIC()
 .text._ZN17Adafruit_oled_drv7stopIICEv
                0x000000000800e998       0x2c build_Zomwar-application/Adafruit_oled_drv.o
                0x000000000800e998                Adafruit_oled_drv::stopIIC()
 .text._ZN17Adafruit_oled_drv12writeCommandEh
                0x000000000800e9c4       0x2c build_Zomwar-application/Adafruit_oled_drv.o
                0x000000000800e9c4                Adafruit_oled_drv::writeCommand(unsigned char)
 .text._ZN17Adafruit_oled_drv10initializeEv
                0x000000000800e9f0      0x120 build_Zomwar-application/Adafruit_oled_drv.o
                0x000000000800e9f0                Adafruit_oled_drv::initialize()
 .text._ZN17Adafruit_oled_drv10display_onEv
                0x000000000800eb10        0x6 build_Zomwar-application/Adafruit_oled_drv.o
                0x000000000800eb10                Adafruit_oled_drv::display_on()
 .text._ZN17Adafruit_oled_drv11display_offEv
                0x000000000800eb16        0x6 build_Zomwar-application/Adafruit_oled_drv.o
                0x000000000800eb16                Adafruit_oled_drv::display_off()
 .text._ZN17Adafruit_oled_drv17startDataSequenceEv
                0x000000000800eb1c       0x1c build_Zomwar-application/Adafruit_oled_drv.o
                0x000000000800eb1c                Adafruit_oled_drv::startDataSequence()
 .text._ZN17Adafruit_oled_drv6updateEv
                0x000000000800eb38       0x70 build_Zomwar-application/Adafruit_oled_drv.o
                0x000000000800eb38                Adafruit_oled_drv::update()
 .text._ZN17Adafruit_oled_drv9updateRowEi
                0x000000000800eba8       0x6c build_Zomwar-application/Adafruit_oled_drv.o
                0x000000000800eba8                Adafruit_oled_drv::updateRow(int)
 .text.eeprom_read
                0x000000000800ec14        0x4 build_Zomwar-application/eeprom.o
                0x000000000800ec14                eeprom_read
 .text.eeprom_write
                0x000000000800ec18        0x4 build_Zomwar-application/eeprom.o
                0x000000000800ec18                eeprom_write
 .text.eeprom_erase
                0x000000000800ec1c        0x4 build_Zomwar-application/eeprom.o
                0x000000000800ec1c                eeprom_erase
 .text._ZL19link_hal_write_byteh
                0x000000000800ec20        0x2 build_Zomwar-application/link_hal.o
 .text._ZL17link_hal_rev_byteh
                0x000000000800ec22        0x4 build_Zomwar-application/link_hal.o
 *fill*         0x000000000800ec26        0x2 
 .text._Z23link_hal_reg_write_bytePFhhE
                0x000000000800ec28       0x28 build_Zomwar-application/link_hal.o
                0x000000000800ec28                link_hal_reg_write_byte(unsigned char (*)(unsigned char))
 .text._Z21link_hal_reg_rev_bytePFhhE
                0x000000000800ec50       0x28 build_Zomwar-application/link_hal.o
                0x000000000800ec50                link_hal_reg_rev_byte(unsigned char (*)(unsigned char))
 .text._ZL21fsm_link_state_handleP8ak_msg_t
                0x000000000800ec78      0x2b0 build_Zomwar-application/link.o
 .text._ZL19fsm_link_state_initP8ak_msg_t
                0x000000000800ef28       0x80 build_Zomwar-application/link.o
 .text._Z9task_linkP8ak_msg_t
                0x000000000800efa8        0xc build_Zomwar-application/link.o
                0x000000000800efa8                task_link(ak_msg_t*)
 .text._Z23link_init_state_machinev
                0x000000000800efb4       0x2c build_Zomwar-application/link.o
                0x000000000800efb4                link_init_state_machine()
 .text._ZL23link_mac_frame_send_reqv
                0x000000000800efe0       0x3c build_Zomwar-application/link_mac.o
 .text._ZL23link_mac_frame_send_endv
                0x000000000800f01c       0x34 build_Zomwar-application/link_mac.o
 .text._ZL28link_mac_frame_cals_checksumP16link_mac_frame_t.constprop.0
                0x000000000800f050       0x38 build_Zomwar-application/link_mac.o
 .text._Z25fsm_link_mac_state_handleP8ak_msg_t
                0x000000000800f088      0x2b8 build_Zomwar-application/link_mac.o
                0x000000000800f088                fsm_link_mac_state_handle(ak_msg_t*)
 .text._Z13task_link_macP8ak_msg_t
                0x000000000800f340        0xc build_Zomwar-application/link_mac.o
                0x000000000800f340                task_link_mac(ak_msg_t*)
 .text._Z23fsm_link_mac_state_initP8ak_msg_t
                0x000000000800f34c       0x88 build_Zomwar-application/link_mac.o
                0x000000000800f34c                fsm_link_mac_state_init(ak_msg_t*)
 .text._ZL26link_phy_frame_write_blockPhm
                0x000000000800f3d4       0x1c build_Zomwar-application/link_phy.o
 .text._ZL20link_phy_frame_writeP16link_phy_frame_t
                0x000000000800f3f0       0x1c build_Zomwar-application/link_phy.o
 .text._ZL28link_phy_frame_cals_checksumP16link_phy_frame_t
                0x000000000800f40c       0x38 build_Zomwar-application/link_phy.o
 .text._ZL25link_phy_frame_write_byteh
                0x000000000800f444        0xc build_Zomwar-application/link_phy.o
 .text._ZL26ac_link_phy_frame_rev_byteh
                0x000000000800f450      0x100 build_Zomwar-application/link_phy.o
 .text._ZL19link_phy_frame_sendv
                0x000000000800f550       0x2c build_Zomwar-application/link_phy.o
 .text._Z25fsm_link_phy_state_handleP8ak_msg_t
                0x000000000800f57c      0x1f0 build_Zomwar-application/link_phy.o
                0x000000000800f57c                fsm_link_phy_state_handle(ak_msg_t*)
 .text._Z13task_link_phyP8ak_msg_t
                0x000000000800f76c        0xc build_Zomwar-application/link_phy.o
                0x000000000800f76c                task_link_phy(ak_msg_t*)
 .text._Z23fsm_link_phy_state_initP8ak_msg_t
                0x000000000800f778       0x90 build_Zomwar-application/link_phy.o
                0x000000000800f778                fsm_link_phy_state_init(ak_msg_t*)
 .text._Z26link_phy_get_send_frame_tov
                0x000000000800f808       0x10 build_Zomwar-application/link_phy.o
                0x000000000800f808                link_phy_get_send_frame_to()
 .text._Z13link_pdu_initv
                0x000000000800f818       0x54 build_Zomwar-application/link_data.o
                0x000000000800f818                link_pdu_init()
 .text._Z15link_pdu_mallocv
                0x000000000800f86c       0x24 build_Zomwar-application/link_data.o
                0x000000000800f86c                link_pdu_malloc()
 .text._Z12link_pdu_getm
                0x000000000800f890       0x3c build_Zomwar-application/link_data.o
                0x000000000800f890                link_pdu_get(unsigned long)
 .text._Z13link_pdu_freem
                0x000000000800f8cc       0x4c build_Zomwar-application/link_data.o
                0x000000000800f8cc                link_pdu_free(unsigned long)
 .text._Z17link_get_src_addrv
                0x000000000800f918       0x18 build_Zomwar-application/link_data.o
                0x000000000800f918                link_get_src_addr()
 .text._Z17link_get_des_addrv
                0x000000000800f930       0x18 build_Zomwar-application/link_data.o
                0x000000000800f930                link_get_des_addr()
 .text._Z7pinModehh
                0x000000000800f948       0x84 build_Zomwar-application/wiring_digital.o
                0x000000000800f948                pinMode(unsigned char, unsigned char)
 .text._Z12digitalWritehh
                0x000000000800f9cc       0x78 build_Zomwar-application/wiring_digital.o
                0x000000000800f9cc                digitalWrite(unsigned char, unsigned char)
 .text._ZN5Print5writeEPKhj
                0x000000000800fa44       0x22 build_Zomwar-application/Print.o
                0x000000000800fa44                Print::write(unsigned char const*, unsigned int)
 .text._ZN5Print5writeEPKc
                0x000000000800fa66       0x20 build_Zomwar-application/Print.o
                0x000000000800fa66                Print::write(char const*)
 .text._ZN5Print5printEPKc
                0x000000000800fa86        0x8 build_Zomwar-application/Print.o
                0x000000000800fa86                Print::print(char const*)
 .text._ZN5Print5printEc
                0x000000000800fa8e        0x6 build_Zomwar-application/Print.o
                0x000000000800fa8e                Print::print(char)
 .text._ZN5Print11printNumberEmh
                0x000000000800fa94       0x3a build_Zomwar-application/Print.o
                0x000000000800fa94                Print::printNumber(unsigned long, unsigned char)
 .text._ZN5Print5printEli.part.0
                0x000000000800face       0x28 build_Zomwar-application/Print.o
 .text._ZN5Print5printEli
                0x000000000800faf6       0x20 build_Zomwar-application/Print.o
                0x000000000800faf6                Print::print(long, int)
 .text._ZN5Print5printEii
                0x000000000800fb16        0x4 build_Zomwar-application/Print.o
                0x000000000800fb16                Print::print(int, int)
 .text._ZN5Print5printEmi
                0x000000000800fb1a       0x16 build_Zomwar-application/Print.o
                0x000000000800fb1a                Print::print(unsigned long, int)
 .text._Z6randoml
                0x000000000800fb30       0x16 build_Zomwar-application/WMath.o
                0x000000000800fb30                random(long)
 .text._Z6randomll
                0x000000000800fb46       0x14 build_Zomwar-application/WMath.o
                0x000000000800fb46                random(long, long)
 .text._ZN14HardwareSerial9availableEv
                0x000000000800fb5a        0xa build_Zomwar-application/HardwareSerial.o
                0x000000000800fb5a                HardwareSerial::available()
 .text._ZN14HardwareSerial4peekEv
                0x000000000800fb64       0x14 build_Zomwar-application/HardwareSerial.o
                0x000000000800fb64                HardwareSerial::peek()
 .text._ZN14HardwareSerial4readEv
                0x000000000800fb78       0x20 build_Zomwar-application/HardwareSerial.o
                0x000000000800fb78                HardwareSerial::read()
 .text._ZN14HardwareSerial5flushEv
                0x000000000800fb98        0x2 build_Zomwar-application/HardwareSerial.o
                0x000000000800fb98                HardwareSerial::flush()
 .text._ZN14HardwareSerial17availableForWriteEv
                0x000000000800fb9a       0x26 build_Zomwar-application/HardwareSerial.o
                0x000000000800fb9a                HardwareSerial::availableForWrite()
 .text._ZN14HardwareSerial5writeEh
                0x000000000800fbc0       0x30 build_Zomwar-application/HardwareSerial.o
                0x000000000800fbc0                HardwareSerial::write(unsigned char)
 .text._ZL20serial2_trigger_putcv
                0x000000000800fbf0       0x10 build_Zomwar-application/HardwareSerial2.o
 .text.startup._GLOBAL__sub_I_Serial2
                0x000000000800fc00       0x34 build_Zomwar-application/HardwareSerial2.o
 .text._ZN8SPIClass9io_configEv